[2.301s] Invoking command in '/home/nickolas/ros2_ws/src/omni_src/omni_traj': DEBUGINFOD_URLS=https://debuginfod.ubuntu.com PYTHONPATH=/home/nickolas/ros2_ws/src/omni_src/build/omni_traj/prefix_override:/usr/lib/python3/dist-packages/colcon_core/task/python/colcon_distutils_commands:/home/nickolas/ros2_ws/src/omni_src/install/omni_traj/lib/python3.12/site-packages:${PYTHONPATH} /usr/bin/python3 -W ignore:setup.py install is deprecated -W ignore:easy_install command is deprecated setup.py egg_info --egg-base ../build/omni_traj build --build-base /home/nickolas/ros2_ws/src/omni_src/build/omni_traj/build install --record /home/nickolas/ros2_ws/src/omni_src/build/omni_traj/install.log --single-version-externally-managed install_data
[2.818s] running egg_info
[2.855s] writing ../build/omni_traj/omni_traj.egg-info/PKG-INFO
[2.858s] writing dependency_links to ../build/omni_traj/omni_traj.egg-info/dependency_links.txt
[2.861s] writing entry points to ../build/omni_traj/omni_traj.egg-info/entry_points.txt
[2.862s] writing requirements to ../build/omni_traj/omni_traj.egg-info/requires.txt
[2.862s] writing top-level names to ../build/omni_traj/omni_traj.egg-info/top_level.txt
[2.940s] reading manifest file '../build/omni_traj/omni_traj.egg-info/SOURCES.txt'
[2.941s] writing manifest file '../build/omni_traj/omni_traj.egg-info/SOURCES.txt'
[2.943s] running build
[2.943s] running build_py
[2.943s] copying omni_traj/waypoint_traj_node.py -> /home/nickolas/ros2_ws/src/omni_src/build/omni_traj/build/lib/omni_traj
[2.943s] running install
[2.954s] running install_lib
[2.985s] copying /home/nickolas/ros2_ws/src/omni_src/build/omni_traj/build/lib/omni_traj/waypoint_traj_node.py -> /home/nickolas/ros2_ws/src/omni_src/install/omni_traj/lib/python3.12/site-packages/omni_traj
[2.986s] byte-compiling /home/nickolas/ros2_ws/src/omni_src/install/omni_traj/lib/python3.12/site-packages/omni_traj/waypoint_traj_node.py to waypoint_traj_node.cpython-312.pyc
[3.037s] running install_data
[3.037s] copying config/waypoint_traj.yaml -> /home/nickolas/ros2_ws/src/omni_src/install/omni_traj/share/omni_traj/config
[3.039s] running install_egg_info
[3.075s] removing '/home/nickolas/ros2_ws/src/omni_src/install/omni_traj/lib/python3.12/site-packages/omni_traj-0.0.0-py3.12.egg-info' (and everything under it)
[3.084s] Copying ../build/omni_traj/omni_traj.egg-info to /home/nickolas/ros2_ws/src/omni_src/install/omni_traj/lib/python3.12/site-packages/omni_traj-0.0.0-py3.12.egg-info
[3.084s] running install_scripts
[3.315s] Installing empty_scan_pub script to /home/nickolas/ros2_ws/src/omni_src/install/omni_traj/lib/omni_traj
[3.315s] Installing waypoint_traj script to /home/nickolas/ros2_ws/src/omni_src/install/omni_traj/lib/omni_traj
[3.319s] writing list of installed files to '/home/nickolas/ros2_ws/src/omni_src/build/omni_traj/install.log'
[3.457s] Invoked command in '/home/nickolas/ros2_ws/src/omni_src/omni_traj' returned '0': DEBUGINFOD_URLS=https://debuginfod.ubuntu.com PYTHONPATH=/home/nickolas/ros2_ws/src/omni_src/build/omni_traj/prefix_override:/usr/lib/python3/dist-packages/colcon_core/task/python/colcon_distutils_commands:/home/nickolas/ros2_ws/src/omni_src/install/omni_traj/lib/python3.12/site-packages:${PYTHONPATH} /usr/bin/python3 -W ignore:setup.py install is deprecated -W ignore:easy_install command is deprecated setup.py egg_info --egg-base ../build/omni_traj build --build-base /home/nickolas/ros2_ws/src/omni_src/build/omni_traj/build install --record /home/nickolas/ros2_ws/src/omni_src/build/omni_traj/install.log --single-version-externally-managed install_data
