[0.354s] DEBUG:colcon:Command line arguments: ['/usr/bin/colcon', 'build', '--base-paths', '.']
[0.354s] DEBUG:colcon:Parsed command line arguments: Namespace(log_base=None, log_level=None, verb_name='build', build_base='build', install_base='install', merge_install=False, symlink_install=False, test_result_base=None, continue_on_error=False, executor='parallel', parallel_workers=4, event_handlers=None, ignore_user_meta=False, metas=['./colcon.meta'], base_paths=['.'], packages_ignore=None, packages_ignore_regex=None, paths=None, packages_up_to=None, packages_up_to_regex=None, packages_above=None, packages_above_and_dependencies=None, packages_above_depth=None, packages_select_by_dep=None, packages_skip_by_dep=None, packages_skip_up_to=None, packages_select_build_failed=False, packages_skip_build_finished=False, packages_select_test_failures=False, packages_skip_test_passed=False, packages_select=None, packages_skip=None, packages_select_regex=None, packages_skip_regex=None, packages_start=None, packages_end=None, allow_overriding=[], cmake_args=None, cmake_target=None, cmake_target_skip_unavailable=False, cmake_clean_cache=False, cmake_clean_first=False, cmake_force_configure=False, ament_cmake_args=None, catkin_cmake_args=None, catkin_skip_building_tests=False, mixin_files=None, mixin=None, verb_parser=<colcon_mixin.mixin.mixin_argument.MixinArgumentDecorator object at 0xffff8f969bb0>, verb_extension=<colcon_core.verb.build.BuildVerb object at 0xffff8fb1e210>, main=<bound method BuildVerb.main of <colcon_core.verb.build.BuildVerb object at 0xffff8fb1e210>>, mixin_verb=('build',))
[0.476s] Level 1:colcon.colcon_core.package_discovery:discover_packages(colcon_meta) check parameters
[0.476s] Level 1:colcon.colcon_core.package_discovery:discover_packages(recursive) check parameters
[0.477s] Level 1:colcon.colcon_core.package_discovery:discover_packages(ignore) check parameters
[0.477s] Level 1:colcon.colcon_core.package_discovery:discover_packages(path) check parameters
[0.477s] Level 1:colcon.colcon_core.package_discovery:discover_packages(recursive) discover
[0.478s] INFO:colcon.colcon_core.package_discovery:Crawling recursively for packages in '/home/nickolas/ros2_ws/src/omni_src/omni_traj'
[0.478s] Level 1:colcon.colcon_core.package_identification:_identify(.) by extensions ['ignore', 'ignore_ament_install']
[0.479s] Level 1:colcon.colcon_core.package_identification:_identify(.) by extension 'ignore'
[0.479s] Level 1:colcon.colcon_core.package_identification:_identify(.) by extension 'ignore_ament_install'
[0.479s] Level 1:colcon.colcon_core.package_identification:_identify(.) by extensions ['colcon_pkg']
[0.479s] Level 1:colcon.colcon_core.package_identification:_identify(.) by extension 'colcon_pkg'
[0.479s] Level 1:colcon.colcon_core.package_identification:_identify(.) by extensions ['colcon_meta']
[0.479s] Level 1:colcon.colcon_core.package_identification:_identify(.) by extension 'colcon_meta'
[0.479s] Level 1:colcon.colcon_core.package_identification:_identify(.) by extensions ['ros']
[0.479s] Level 1:colcon.colcon_core.package_identification:_identify(.) by extension 'ros'
[0.580s] DEBUG:colcon.colcon_core.package_identification:Package '.' with type 'ros.ament_python' and name 'omni_traj'
[0.580s] Level 1:colcon.colcon_core.package_discovery:discover_packages(recursive) using defaults
[0.640s] Level 1:colcon.colcon_core.package_discovery:discover_packages(prefix_path) check parameters
[0.641s] Level 1:colcon.colcon_core.package_discovery:discover_packages(prefix_path) discover
[0.647s] DEBUG:colcon.colcon_installed_package_information.package_discovery:Found 3 installed packages in /home/nickolas/ros2_ws/install
[0.649s] DEBUG:colcon.colcon_installed_package_information.package_discovery:Found 2 installed packages in /home/nickolas/ros2_ws/src/omni_src/install
[0.652s] DEBUG:colcon.colcon_installed_package_information.package_discovery:Found 380 installed packages in /opt/ros/jazzy
[0.659s] Level 1:colcon.colcon_core.package_discovery:discover_packages(prefix_path) using defaults
[0.832s] Level 5:colcon.colcon_core.verb:set package 'omni_traj' build argument 'cmake_args' from command line to 'None'
[0.833s] Level 5:colcon.colcon_core.verb:set package 'omni_traj' build argument 'cmake_target' from command line to 'None'
[0.833s] Level 5:colcon.colcon_core.verb:set package 'omni_traj' build argument 'cmake_target_skip_unavailable' from command line to 'False'
[0.833s] Level 5:colcon.colcon_core.verb:set package 'omni_traj' build argument 'cmake_clean_cache' from command line to 'False'
[0.834s] Level 5:colcon.colcon_core.verb:set package 'omni_traj' build argument 'cmake_clean_first' from command line to 'False'
[0.834s] Level 5:colcon.colcon_core.verb:set package 'omni_traj' build argument 'cmake_force_configure' from command line to 'False'
[0.834s] Level 5:colcon.colcon_core.verb:set package 'omni_traj' build argument 'ament_cmake_args' from command line to 'None'
[0.834s] Level 5:colcon.colcon_core.verb:set package 'omni_traj' build argument 'catkin_cmake_args' from command line to 'None'
[0.834s] Level 5:colcon.colcon_core.verb:set package 'omni_traj' build argument 'catkin_skip_building_tests' from command line to 'False'
[0.834s] DEBUG:colcon.colcon_core.verb:Building package 'omni_traj' with the following arguments: {'ament_cmake_args': None, 'build_base': '/home/nickolas/ros2_ws/src/omni_src/omni_traj/build/omni_traj', 'catkin_cmake_args': None, 'catkin_skip_building_tests': False, 'cmake_args': None, 'cmake_clean_cache': False, 'cmake_clean_first': False, 'cmake_force_configure': False, 'cmake_target': None, 'cmake_target_skip_unavailable': False, 'install_base': '/home/nickolas/ros2_ws/src/omni_src/omni_traj/install/omni_traj', 'merge_install': False, 'path': '/home/nickolas/ros2_ws/src/omni_src/omni_traj', 'symlink_install': False, 'test_result_base': None}
[0.834s] INFO:colcon.colcon_core.executor:Executing jobs using 'parallel' executor
[0.840s] DEBUG:colcon.colcon_parallel_executor.executor.parallel:run_until_complete
[0.842s] INFO:colcon.colcon_ros.task.ament_python.build:Building ROS package in '/home/nickolas/ros2_ws/src/omni_src/omni_traj' with build type 'ament_python'
[0.843s] Level 1:colcon.colcon_core.shell:create_environment_hook('omni_traj', 'ament_prefix_path')
[0.854s] INFO:colcon.colcon_core.plugin_system:Skipping extension 'colcon_core.shell.bat': Not used on non-Windows systems
[0.855s] INFO:colcon.colcon_core.shell:Creating environment hook '/home/nickolas/ros2_ws/src/omni_src/omni_traj/install/omni_traj/share/omni_traj/hook/ament_prefix_path.ps1'
[0.856s] INFO:colcon.colcon_core.shell:Creating environment descriptor '/home/nickolas/ros2_ws/src/omni_src/omni_traj/install/omni_traj/share/omni_traj/hook/ament_prefix_path.dsv'
[0.866s] INFO:colcon.colcon_core.shell:Creating environment hook '/home/nickolas/ros2_ws/src/omni_src/omni_traj/install/omni_traj/share/omni_traj/hook/ament_prefix_path.sh'
[0.868s] INFO:colcon.colcon_core.shell:Skip shell extension 'powershell' for command environment: Not usable outside of PowerShell
[0.868s] DEBUG:colcon.colcon_core.shell:Skip shell extension 'dsv' for command environment
[1.606s] INFO:colcon.colcon_core.task.python.build:Building Python package in '/home/nickolas/ros2_ws/src/omni_src/omni_traj'
[1.606s] INFO:colcon.colcon_core.shell:Skip shell extension 'powershell' for command environment: Not usable outside of PowerShell
[1.606s] DEBUG:colcon.colcon_core.shell:Skip shell extension 'dsv' for command environment
[2.731s] DEBUG:colcon.colcon_parallel_executor.executor.parallel:run_until_complete was interrupted
[2.731s] DEBUG:colcon.colcon_parallel_executor.executor.parallel:run_until_complete again
[2.971s] DEBUG:colcon.colcon_parallel_executor.executor.parallel:run_until_complete finished
[2.972s] DEBUG:colcon.colcon_parallel_executor.executor.parallel:closing loop
[2.972s] DEBUG:colcon.colcon_parallel_executor.executor.parallel:loop closed
[2.972s] DEBUG:colcon.colcon_core.event_reactor:joining thread
[3.005s] INFO:colcon.colcon_core.plugin_system:Skipping extension 'colcon_notification.desktop_notification.terminal_notifier': Not used on non-Darwin systems
[3.005s] INFO:colcon.colcon_core.plugin_system:Skipping extension 'colcon_notification.desktop_notification.win32': Not used on non-Windows systems
[3.005s] INFO:colcon.colcon_notification.desktop_notification:Sending desktop notification using 'notify2'
[3.068s] DEBUG:colcon.colcon_core.event_reactor:joined thread
[3.070s] INFO:colcon.colcon_core.shell:Creating prefix script '/home/nickolas/ros2_ws/src/omni_src/omni_traj/install/local_setup.ps1'
[3.075s] INFO:colcon.colcon_core.shell:Creating prefix util module '/home/nickolas/ros2_ws/src/omni_src/omni_traj/install/_local_setup_util_ps1.py'
[3.078s] INFO:colcon.colcon_core.shell:Creating prefix chain script '/home/nickolas/ros2_ws/src/omni_src/omni_traj/install/setup.ps1'
[3.081s] INFO:colcon.colcon_core.shell:Creating prefix script '/home/nickolas/ros2_ws/src/omni_src/omni_traj/install/local_setup.sh'
[3.085s] INFO:colcon.colcon_core.shell:Creating prefix util module '/home/nickolas/ros2_ws/src/omni_src/omni_traj/install/_local_setup_util_sh.py'
[3.088s] INFO:colcon.colcon_core.shell:Creating prefix chain script '/home/nickolas/ros2_ws/src/omni_src/omni_traj/install/setup.sh'
[3.094s] INFO:colcon.colcon_core.shell:Creating prefix script '/home/nickolas/ros2_ws/src/omni_src/omni_traj/install/local_setup.bash'
[3.098s] INFO:colcon.colcon_core.shell:Creating prefix chain script '/home/nickolas/ros2_ws/src/omni_src/omni_traj/install/setup.bash'
[3.105s] INFO:colcon.colcon_core.shell:Creating prefix script '/home/nickolas/ros2_ws/src/omni_src/omni_traj/install/local_setup.zsh'
[3.109s] INFO:colcon.colcon_core.shell:Creating prefix chain script '/home/nickolas/ros2_ws/src/omni_src/omni_traj/install/setup.zsh'
