[2.756s] Invoking command in '/home/nickolas/ros2_ws/src/omni_src/omni_traj': DEBUGINFOD_URLS=https://debuginfod.ubuntu.com PYTHONPATH=/home/nickolas/ros2_ws/src/omni_src/omni_traj/build/omni_traj/prefix_override:/usr/lib/python3/dist-packages/colcon_core/task/python/colcon_distutils_commands:/home/nickolas/ros2_ws/src/omni_src/omni_traj/install/omni_traj/lib/python3.12/site-packages:${PYTHONPATH} /usr/bin/python3 -W ignore:setup.py install is deprecated -W ignore:easy_install command is deprecated setup.py egg_info --egg-base build/omni_traj build --build-base /home/nickolas/ros2_ws/src/omni_src/omni_traj/build/omni_traj/build install --record /home/nickolas/ros2_ws/src/omni_src/omni_traj/build/omni_traj/install.log --single-version-externally-managed install_data
[4.256s] Traceback (most recent call last):
[4.256s]   File "/home/nickolas/ros2_ws/src/omni_src/omni_traj/setup.py", line 7, in <module>
[4.256s]     setup(
[4.257s]   File "/usr/lib/python3/dist-packages/setuptools/__init__.py", line 107, in setup
[4.257s]     return distutils.core.setup(**attrs)
[4.257s]            ^^^^^^^^^^^^^^^^^^^^^^^^^^^^^
[4.257s]   File "/usr/lib/python3/dist-packages/setuptools/_distutils/core.py", line 172, in setup
[4.257s]     ok = dist.parse_command_line()
[4.257s]          ^^^^^^^^^^^^^^^^^^^^^^^^^
[4.257s]   File "/usr/lib/python3/dist-packages/setuptools/_distutils/dist.py", line 475, in parse_command_line
[4.257s]     args = self._parse_command_opts(parser, args)
[4.257s]            ^^^^^^^^^^^^^^^^^^^^^^^^^^^^^^^^^^^^^^
[4.258s]   File "/usr/lib/python3/dist-packages/setuptools/dist.py", line 1133, in _parse_command_opts
[4.258s]     nargs = _Distribution._parse_command_opts(self, parser, args)
[4.258s]             ^^^^^^^^^^^^^^^^^^^^^^^^^^^^^^^^^^^^^^^^^^^^^^^^^^^^^
[4.258s]   File "/usr/lib/python3/dist-packages/setuptools/_distutils/dist.py", line 534, in _parse_command_opts
[4.258s]     cmd_class = self.get_command_class(command)
[4.297s]                 ^^^^^^^^^^^^^^^^^^^^^^^^^^^^^^^
[4.297s]   File "/usr/lib/python3/dist-packages/setuptools/dist.py", line 978, in get_command_class
[4.298s]     eps = metadata.entry_points(group='distutils.commands', name=command)
[4.298s]           ^^^^^^^^^^^^^^^^^^^^^^^^^^^^^^^^^^^^^^^^^^^^^^^^^^^^^^^^^^^^^^^
[4.298s]   File "/usr/lib/python3.12/importlib/metadata/__init__.py", line 913, in entry_points
[4.300s]     return EntryPoints(eps).select(**params)
[4.304s]            ^^^^^^^^^^^^^^^^
[4.305s]   File "/usr/lib/python3.12/importlib/metadata/__init__.py", line 910, in <genexpr>
[4.305s]     eps = itertools.chain.from_iterable(
[4.305s]                                        ^
[4.305s]   File "/usr/lib/python3.12/importlib/metadata/_itertools.py", line 16, in unique_everseen
[4.306s]     k = key(element)
[4.306s]         ^^^^^^^^^^^^
[4.306s]   File "/usr/lib/python3.12/importlib/metadata/__init__.py", line 834, in _normalized_name
[4.306s]     pass_none(Prepared.normalize)(self._name_from_stem(stem))
[4.311s]                                   ^^^^^^^^^^^^^^^^^^^^^^^^^^
[4.311s]   File "/usr/lib/python3.12/importlib/metadata/__init__.py", line 849, in _name_from_stem
[4.311s]     filename, ext = os.path.splitext(stem)
[4.311s]                     ^^^^^^^^^^^^^^^^^^^^^^
[4.311s]   File "<frozen posixpath>", line 125, in splitext
[4.312s]   File "<frozen genericpath>", line 133, in _splitext
[4.312s] KeyboardInterrupt
[4.733s] Invoked command in '/home/nickolas/ros2_ws/src/omni_src/omni_traj' returned '-2': DEBUGINFOD_URLS=https://debuginfod.ubuntu.com PYTHONPATH=/home/nickolas/ros2_ws/src/omni_src/omni_traj/build/omni_traj/prefix_override:/usr/lib/python3/dist-packages/colcon_core/task/python/colcon_distutils_commands:/home/nickolas/ros2_ws/src/omni_src/omni_traj/install/omni_traj/lib/python3.12/site-packages:${PYTHONPATH} /usr/bin/python3 -W ignore:setup.py install is deprecated -W ignore:easy_install command is deprecated setup.py egg_info --egg-base build/omni_traj build --build-base /home/nickolas/ros2_ws/src/omni_src/omni_traj/build/omni_traj/build install --record /home/nickolas/ros2_ws/src/omni_src/omni_traj/build/omni_traj/install.log --single-version-externally-managed install_data
