[0.156s] DEBUG:colcon:Command line arguments: ['/usr/bin/colcon', 'build', '--packages-select', 'omni_traj', '--symlink-install', '--build-base', '/home/nickolas/ros2_ws/build', '--install-base', '/home/nickolas/ros2_ws/install']
[0.156s] DEBUG:colcon:Parsed command line arguments: Namespace(log_base=None, log_level=None, verb_name='build', build_base='/home/nickolas/ros2_ws/build', install_base='/home/nickolas/ros2_ws/install', merge_install=False, symlink_install=True, test_result_base=None, continue_on_error=False, executor='parallel', parallel_workers=4, event_handlers=None, ignore_user_meta=False, metas=['./colcon.meta'], base_paths=['.'], packages_ignore=None, packages_ignore_regex=None, paths=None, packages_up_to=None, packages_up_to_regex=None, packages_above=None, packages_above_and_dependencies=None, packages_above_depth=None, packages_select_by_dep=None, packages_skip_by_dep=None, packages_skip_up_to=None, packages_select_build_failed=False, packages_skip_build_finished=False, packages_select_test_failures=False, packages_skip_test_passed=False, packages_select=['omni_traj'], packages_skip=None, packages_select_regex=None, packages_skip_regex=None, packages_start=None, packages_end=None, allow_overriding=[], cmake_args=None, cmake_target=None, cmake_target_skip_unavailable=False, cmake_clean_cache=False, cmake_clean_first=False, cmake_force_configure=False, ament_cmake_args=None, catkin_cmake_args=None, catkin_skip_building_tests=False, mixin_files=None, mixin=None, verb_parser=<colcon_mixin.mixin.mixin_argument.MixinArgumentDecorator object at 0xffff8b7a1400>, verb_extension=<colcon_core.verb.build.BuildVerb object at 0xffff8b955be0>, main=<bound method BuildVerb.main of <colcon_core.verb.build.BuildVerb object at 0xffff8b955be0>>, mixin_verb=('build',))
[0.213s] Level 1:colcon.colcon_core.package_discovery:discover_packages(colcon_meta) check parameters
[0.213s] Level 1:colcon.colcon_core.package_discovery:discover_packages(recursive) check parameters
[0.214s] Level 1:colcon.colcon_core.package_discovery:discover_packages(ignore) check parameters
[0.214s] Level 1:colcon.colcon_core.package_discovery:discover_packages(path) check parameters
[0.214s] Level 1:colcon.colcon_core.package_discovery:discover_packages(colcon_meta) discover
[0.214s] Level 1:colcon.colcon_core.package_discovery:discover_packages(recursive) discover
[0.214s] INFO:colcon.colcon_core.package_discovery:Crawling recursively for packages in '/home/nickolas/ros2_ws/src/omni_src/omni_traj'
[0.214s] Level 1:colcon.colcon_core.package_identification:_identify(.) by extensions ['ignore', 'ignore_ament_install']
[0.214s] Level 1:colcon.colcon_core.package_identification:_identify(.) by extension 'ignore'
[0.214s] Level 1:colcon.colcon_core.package_identification:_identify(.) by extension 'ignore_ament_install'
[0.214s] Level 1:colcon.colcon_core.package_identification:_identify(.) by extensions ['colcon_pkg']
[0.214s] Level 1:colcon.colcon_core.package_identification:_identify(.) by extension 'colcon_pkg'
[0.214s] Level 1:colcon.colcon_core.package_identification:_identify(.) by extensions ['colcon_meta']
[0.215s] Level 1:colcon.colcon_core.package_identification:_identify(.) by extension 'colcon_meta'
[0.215s] Level 1:colcon.colcon_core.package_identification:_identify(.) by extensions ['ros']
[0.215s] Level 1:colcon.colcon_core.package_identification:_identify(.) by extension 'ros'
[0.257s] DEBUG:colcon.colcon_core.package_identification:Package '.' with type 'ros.ament_python' and name 'omni_traj'
[0.257s] Level 1:colcon.colcon_core.package_discovery:discover_packages(recursive) using defaults
[0.257s] Level 1:colcon.colcon_core.package_discovery:discover_packages(ignore) discover
[0.257s] Level 1:colcon.colcon_core.package_discovery:discover_packages(ignore) using defaults
[0.257s] Level 1:colcon.colcon_core.package_discovery:discover_packages(path) discover
[0.257s] Level 1:colcon.colcon_core.package_discovery:discover_packages(path) using defaults
[0.282s] Level 1:colcon.colcon_core.package_discovery:discover_packages(prefix_path) check parameters
[0.282s] Level 1:colcon.colcon_core.package_discovery:discover_packages(prefix_path) discover
[0.285s] DEBUG:colcon.colcon_installed_package_information.package_discovery:Found 3 installed packages in /home/nickolas/ros2_ws/install
[0.286s] DEBUG:colcon.colcon_installed_package_information.package_discovery:Found 2 installed packages in /home/nickolas/ros2_ws/src/omni_src/install
[0.289s] DEBUG:colcon.colcon_installed_package_information.package_discovery:Found 380 installed packages in /opt/ros/jazzy
[0.292s] Level 1:colcon.colcon_core.package_discovery:discover_packages(prefix_path) using defaults
[0.371s] Level 5:colcon.colcon_core.verb:set package 'omni_traj' build argument 'cmake_args' from command line to 'None'
[0.371s] Level 5:colcon.colcon_core.verb:set package 'omni_traj' build argument 'cmake_target' from command line to 'None'
[0.371s] Level 5:colcon.colcon_core.verb:set package 'omni_traj' build argument 'cmake_target_skip_unavailable' from command line to 'False'
[0.371s] Level 5:colcon.colcon_core.verb:set package 'omni_traj' build argument 'cmake_clean_cache' from command line to 'False'
[0.371s] Level 5:colcon.colcon_core.verb:set package 'omni_traj' build argument 'cmake_clean_first' from command line to 'False'
[0.371s] Level 5:colcon.colcon_core.verb:set package 'omni_traj' build argument 'cmake_force_configure' from command line to 'False'
[0.371s] Level 5:colcon.colcon_core.verb:set package 'omni_traj' build argument 'ament_cmake_args' from command line to 'None'
[0.371s] Level 5:colcon.colcon_core.verb:set package 'omni_traj' build argument 'catkin_cmake_args' from command line to 'None'
[0.371s] Level 5:colcon.colcon_core.verb:set package 'omni_traj' build argument 'catkin_skip_building_tests' from command line to 'False'
[0.371s] DEBUG:colcon.colcon_core.verb:Building package 'omni_traj' with the following arguments: {'ament_cmake_args': None, 'build_base': '/home/nickolas/ros2_ws/build/omni_traj', 'catkin_cmake_args': None, 'catkin_skip_building_tests': False, 'cmake_args': None, 'cmake_clean_cache': False, 'cmake_clean_first': False, 'cmake_force_configure': False, 'cmake_target': None, 'cmake_target_skip_unavailable': False, 'install_base': '/home/nickolas/ros2_ws/install/omni_traj', 'merge_install': False, 'path': '/home/nickolas/ros2_ws/src/omni_src/omni_traj', 'symlink_install': True, 'test_result_base': None}
[0.371s] INFO:colcon.colcon_core.executor:Executing jobs using 'parallel' executor
[0.373s] DEBUG:colcon.colcon_parallel_executor.executor.parallel:run_until_complete
[0.373s] INFO:colcon.colcon_ros.task.ament_python.build:Building ROS package in '/home/nickolas/ros2_ws/src/omni_src/omni_traj' with build type 'ament_python'
[0.373s] Level 1:colcon.colcon_core.shell:create_environment_hook('omni_traj', 'ament_prefix_path')
[0.375s] INFO:colcon.colcon_core.plugin_system:Skipping extension 'colcon_core.shell.bat': Not used on non-Windows systems
[0.376s] INFO:colcon.colcon_core.shell:Creating environment hook '/home/nickolas/ros2_ws/install/omni_traj/share/omni_traj/hook/ament_prefix_path.ps1'
[0.377s] INFO:colcon.colcon_core.shell:Creating environment descriptor '/home/nickolas/ros2_ws/install/omni_traj/share/omni_traj/hook/ament_prefix_path.dsv'
[0.379s] INFO:colcon.colcon_core.shell:Creating environment hook '/home/nickolas/ros2_ws/install/omni_traj/share/omni_traj/hook/ament_prefix_path.sh'
[0.380s] INFO:colcon.colcon_core.shell:Skip shell extension 'powershell' for command environment: Not usable outside of PowerShell
[0.380s] DEBUG:colcon.colcon_core.shell:Skip shell extension 'dsv' for command environment
[0.738s] INFO:colcon.colcon_core.task.python.build:Building Python package in '/home/nickolas/ros2_ws/src/omni_src/omni_traj'
[0.738s] INFO:colcon.colcon_core.shell:Skip shell extension 'powershell' for command environment: Not usable outside of PowerShell
[0.738s] DEBUG:colcon.colcon_core.shell:Skip shell extension 'dsv' for command environment
[1.654s] DEBUG:colcon.colcon_core.event_handler.log_command:Invoking command in '/home/nickolas/ros2_ws/build/omni_traj': DEBUGINFOD_URLS=https://debuginfod.ubuntu.com PYTHONPATH=/home/nickolas/ros2_ws/build/omni_traj/prefix_override:/usr/lib/python3/dist-packages/colcon_core/task/python/colcon_distutils_commands:/home/nickolas/ros2_ws/install/omni_traj/lib/python3.12/site-packages:${PYTHONPATH} /usr/bin/python3 -W ignore:setup.py install is deprecated -W ignore:easy_install command is deprecated setup.py develop --editable --build-directory /home/nickolas/ros2_ws/build/omni_traj/build --no-deps symlink_data
[2.660s] Level 1:colcon.colcon_core.shell:create_environment_hook('omni_traj', 'pythonpath_develop')
[2.661s] INFO:colcon.colcon_core.shell:Creating environment hook '/home/nickolas/ros2_ws/build/omni_traj/share/omni_traj/hook/pythonpath_develop.ps1'
[2.661s] DEBUG:colcon.colcon_core.event_handler.log_command:Invoked command in '/home/nickolas/ros2_ws/build/omni_traj' returned '0': DEBUGINFOD_URLS=https://debuginfod.ubuntu.com PYTHONPATH=/home/nickolas/ros2_ws/build/omni_traj/prefix_override:/usr/lib/python3/dist-packages/colcon_core/task/python/colcon_distutils_commands:/home/nickolas/ros2_ws/install/omni_traj/lib/python3.12/site-packages:${PYTHONPATH} /usr/bin/python3 -W ignore:setup.py install is deprecated -W ignore:easy_install command is deprecated setup.py develop --editable --build-directory /home/nickolas/ros2_ws/build/omni_traj/build --no-deps symlink_data
[2.662s] INFO:colcon.colcon_core.shell:Creating environment descriptor '/home/nickolas/ros2_ws/build/omni_traj/share/omni_traj/hook/pythonpath_develop.dsv'
[2.663s] INFO:colcon.colcon_core.shell:Creating environment hook '/home/nickolas/ros2_ws/build/omni_traj/share/omni_traj/hook/pythonpath_develop.sh'
[2.667s] Level 1:colcon.colcon_core.environment:checking '/home/nickolas/ros2_ws/install/omni_traj' for CMake module files
[2.667s] Level 1:colcon.colcon_core.environment:checking '/home/nickolas/ros2_ws/install/omni_traj' for CMake config files
[2.668s] Level 1:colcon.colcon_core.environment:checking '/home/nickolas/ros2_ws/install/omni_traj/lib'
[2.668s] Level 1:colcon.colcon_core.environment:checking '/home/nickolas/ros2_ws/install/omni_traj/bin'
[2.668s] Level 1:colcon.colcon_core.environment:checking '/home/nickolas/ros2_ws/install/omni_traj/lib/pkgconfig/omni_traj.pc'
[2.669s] Level 1:colcon.colcon_core.environment:checking '/home/nickolas/ros2_ws/install/omni_traj/lib/python3.12/site-packages'
[2.669s] Level 1:colcon.colcon_core.shell:create_environment_hook('omni_traj', 'pythonpath')
[2.669s] INFO:colcon.colcon_core.shell:Creating environment hook '/home/nickolas/ros2_ws/install/omni_traj/share/omni_traj/hook/pythonpath.ps1'
[2.670s] INFO:colcon.colcon_core.shell:Creating environment descriptor '/home/nickolas/ros2_ws/install/omni_traj/share/omni_traj/hook/pythonpath.dsv'
[2.671s] INFO:colcon.colcon_core.shell:Creating environment hook '/home/nickolas/ros2_ws/install/omni_traj/share/omni_traj/hook/pythonpath.sh'
[2.676s] Level 1:colcon.colcon_core.environment:checking '/home/nickolas/ros2_ws/install/omni_traj/bin'
[2.676s] Level 1:colcon.colcon_core.environment:create_environment_scripts_only(omni_traj)
[2.677s] INFO:colcon.colcon_core.shell:Creating package script '/home/nickolas/ros2_ws/install/omni_traj/share/omni_traj/package.ps1'
[2.678s] INFO:colcon.colcon_core.shell:Creating package descriptor '/home/nickolas/ros2_ws/install/omni_traj/share/omni_traj/package.dsv'
[2.679s] INFO:colcon.colcon_core.shell:Creating package script '/home/nickolas/ros2_ws/install/omni_traj/share/omni_traj/package.sh'
[2.679s] INFO:colcon.colcon_core.shell:Creating package script '/home/nickolas/ros2_ws/install/omni_traj/share/omni_traj/package.bash'
[2.681s] INFO:colcon.colcon_core.shell:Creating package script '/home/nickolas/ros2_ws/install/omni_traj/share/omni_traj/package.zsh'
[2.681s] Level 1:colcon.colcon_core.environment:create_file_with_runtime_dependencies(/home/nickolas/ros2_ws/install/omni_traj/share/colcon-core/packages/omni_traj)
[2.683s] DEBUG:colcon.colcon_parallel_executor.executor.parallel:closing loop
[2.683s] DEBUG:colcon.colcon_parallel_executor.executor.parallel:loop closed
[2.683s] DEBUG:colcon.colcon_parallel_executor.executor.parallel:run_until_complete finished with '0'
[2.684s] DEBUG:colcon.colcon_core.event_reactor:joining thread
[2.693s] INFO:colcon.colcon_core.plugin_system:Skipping extension 'colcon_notification.desktop_notification.terminal_notifier': Not used on non-Darwin systems
[2.693s] INFO:colcon.colcon_core.plugin_system:Skipping extension 'colcon_notification.desktop_notification.win32': Not used on non-Windows systems
[2.693s] INFO:colcon.colcon_notification.desktop_notification:Sending desktop notification using 'notify2'
[27.711s] DEBUG:colcon.colcon_notification.desktop_notification.notify2:Failed to initialize notify2: org.freedesktop.DBus.Error.NoReply: Did not receive a reply. Possible causes include: the remote application did not send a reply, the message bus security policy blocked the reply, the reply timeout expired, or the network connection was broken.
[27.711s] DEBUG:colcon.colcon_core.event_reactor:joined thread
[27.712s] INFO:colcon.colcon_core.shell:Creating prefix script '/home/nickolas/ros2_ws/install/local_setup.ps1'
[27.713s] INFO:colcon.colcon_core.shell:Creating prefix util module '/home/nickolas/ros2_ws/install/_local_setup_util_ps1.py'
[27.716s] INFO:colcon.colcon_core.shell:Creating prefix chain script '/home/nickolas/ros2_ws/install/setup.ps1'
[27.718s] INFO:colcon.colcon_core.shell:Creating prefix script '/home/nickolas/ros2_ws/install/local_setup.sh'
[27.722s] INFO:colcon.colcon_core.shell:Creating prefix util module '/home/nickolas/ros2_ws/install/_local_setup_util_sh.py'
[27.723s] INFO:colcon.colcon_core.shell:Creating prefix chain script '/home/nickolas/ros2_ws/install/setup.sh'
[27.724s] INFO:colcon.colcon_core.shell:Creating prefix script '/home/nickolas/ros2_ws/install/local_setup.bash'
[27.725s] INFO:colcon.colcon_core.shell:Creating prefix chain script '/home/nickolas/ros2_ws/install/setup.bash'
[27.726s] INFO:colcon.colcon_core.shell:Creating prefix script '/home/nickolas/ros2_ws/install/local_setup.zsh'
[27.727s] INFO:colcon.colcon_core.shell:Creating prefix chain script '/home/nickolas/ros2_ws/install/setup.zsh'
