[1.625s] Invoking command in '/home/nickolas/ros2_ws/build/omni_traj': DEBUGINFOD_URLS=https://debuginfod.ubuntu.com PYTHONPATH=/home/nickolas/ros2_ws/build/omni_traj/prefix_override:/usr/lib/python3/dist-packages/colcon_core/task/python/colcon_distutils_commands:/home/nickolas/ros2_ws/install/omni_traj/lib/python3.12/site-packages:${PYTHONPATH} /usr/bin/python3 -W ignore:setup.py install is deprecated -W ignore:easy_install command is deprecated setup.py develop --editable --build-directory /home/nickolas/ros2_ws/build/omni_traj/build --no-deps symlink_data
[2.192s] running develop
[2.518s] running egg_info
[2.549s] writing omni_traj.egg-info/PKG-INFO
[2.549s] writing dependency_links to omni_traj.egg-info/dependency_links.txt
[2.552s] writing entry points to omni_traj.egg-info/entry_points.txt
[2.553s] writing requirements to omni_traj.egg-info/requires.txt
[2.554s] writing top-level names to omni_traj.egg-info/top_level.txt
[2.617s] reading manifest file 'omni_traj.egg-info/SOURCES.txt'
[2.619s] writing manifest file 'omni_traj.egg-info/SOURCES.txt'
[2.651s] running build_ext
[2.651s] Creating /home/nickolas/ros2_ws/install/omni_traj/lib/python3.12/site-packages/omni-traj.egg-link (link to .)
[2.652s] Installing empty_scan_pub script to /home/nickolas/ros2_ws/install/omni_traj/lib/omni_traj
[2.652s] Installing lidar_watchdog script to /home/nickolas/ros2_ws/install/omni_traj/lib/omni_traj
[2.653s] Installing map_odom_startup_fallback script to /home/nickolas/ros2_ws/install/omni_traj/lib/omni_traj
[2.653s] Installing waypoint_traj script to /home/nickolas/ros2_ws/install/omni_traj/lib/omni_traj
[2.653s] 
[2.653s] Installed /home/nickolas/ros2_ws/build/omni_traj
[2.654s] running symlink_data
[2.790s] Invoked command in '/home/nickolas/ros2_ws/build/omni_traj' returned '0': DEBUGINFOD_URLS=https://debuginfod.ubuntu.com PYTHONPATH=/home/nickolas/ros2_ws/build/omni_traj/prefix_override:/usr/lib/python3/dist-packages/colcon_core/task/python/colcon_distutils_commands:/home/nickolas/ros2_ws/install/omni_traj/lib/python3.12/site-packages:${PYTHONPATH} /usr/bin/python3 -W ignore:setup.py install is deprecated -W ignore:easy_install command is deprecated setup.py develop --editable --build-directory /home/nickolas/ros2_ws/build/omni_traj/build --no-deps symlink_data
