-- The C compiler identification is GNU 13.3.0
-- The CXX compiler identification is GNU 13.3.0
-- Detecting C compiler ABI info
-- Detecting C compiler ABI info - done
-- Check for working C compiler: /usr/bin/cc - skipped
-- Detecting C compile features
-- Detecting C compile features - done
-- Detecting CXX compiler ABI info
-- Detecting CXX compiler ABI info - done
-- Check for working CXX compiler: /usr/bin/c++ - skipped
-- Detecting CXX compile features
-- Detecting CXX compile features - done
-- Found ament_cmake: 2.5.4 (/opt/ros/jazzy/share/ament_cmake/cmake)
-- Found Python3: /usr/bin/python3 (found version "3.12.3") found components: Interpreter 
-- Found pluginlib: 5.4.3 (/opt/ros/jazzy/share/pluginlib/cmake)
-- Found TinyXML2 via Config file: /usr/lib/aarch64-linux-gnu/cmake/tinyxml2
-- Found rclcpp: 28.1.13 (/opt/ros/jazzy/share/rclcpp/cmake)
-- Found rosidl_generator_c: 4.6.6 (/opt/ros/jazzy/share/rosidl_generator_c/cmake)
-- Found rosidl_generator_cpp: 4.6.6 (/opt/ros/jazzy/share/rosidl_generator_cpp/cmake)
-- Using all available rosidl_typesupport_c: rosidl_typesupport_fastrtps_c;rosidl_typesupport_introspection_c
-- Using all available rosidl_typesupport_cpp: rosidl_typesupport_fastrtps_cpp;rosidl_typesupport_introspection_cpp
-- Found rmw_implementation_cmake: 7.3.2 (/opt/ros/jazzy/share/rmw_implementation_cmake/cmake)
-- Found rmw_fastrtps_cpp: 8.4.3 (/opt/ros/jazzy/share/rmw_fastrtps_cpp/cmake)
-- Found TinyXML2 via Config file: /usr/lib/aarch64-linux-gnu/cmake/tinyxml2
-- Found OpenSSL: /usr/lib/aarch64-linux-gnu/libcrypto.so (found version "3.0.13")  
-- Found TinyXML2 via Config file: /usr/lib/aarch64-linux-gnu/cmake/tinyxml2
-- Found FastRTPS: /opt/ros/jazzy/include (Required is at least version "2.13") 
-- Found TinyXML2 via Config file: /usr/lib/aarch64-linux-gnu/cmake/tinyxml2
-- Found TinyXML2 via Config file: /usr/lib/aarch64-linux-gnu/cmake/tinyxml2
-- Using RMW implementation 'rmw_fastrtps_cpp' as default
-- Found rviz_common: 14.1.17 (/opt/ros/jazzy/share/rviz_common/cmake)
-- Setting OGRE_DIR to: '/opt/ros/jazzy/share/rviz_ogre_vendor/cmake/../../../opt/rviz_ogre_vendor/lib/OGRE/cmake'
-- Found OGRE
--   static     : OFF
--   components : MeshLodGenerator;Overlay;Paging;Property;RTShaderSystem;Terrain;Volume
--   plugins    : Plugin_BSPSceneManager;Plugin_OctreeSceneManager;Plugin_PCZSceneManager;Plugin_ParticleFX;RenderSystem_GL;RenderSystem_GL3Plus;Codec_STBI
--   media      : /opt/ros/jazzy/opt/rviz_ogre_vendor/share/OGRE/Media
-- OGRE_LIBRARIES: OgreMeshLodGenerator;OgreOverlay;OgrePaging;OgreProperty;OgreRTShaderSystem;OgreTerrain;OgreVolume;OgreMain
-- OGRE_LIBRARY_DIRS: /opt/ros/jazzy/opt/rviz_ogre_vendor/lib
-- OGRE_PLUGINS: Plugin_BSPSceneManager;Plugin_OctreeSceneManager;Plugin_PCZSceneManager;Plugin_ParticleFX;RenderSystem_GL;RenderSystem_GL3Plus;Codec_STBI
-- OGRE_PLUGIN_DIR: /opt/ros/jazzy/opt/rviz_ogre_vendor/lib/OGRE
-- rviz_ogre_vendor::OgreOverlay for IMPORTED_LOCATION_RELEASE: /opt/ros/jazzy/opt/rviz_ogre_vendor/lib/libOgreOverlay.so
-- rviz_ogre_vendor::OgreOverlay for IMPORTED_LOCATION_DEBUG: /opt/ros/jazzy/opt/rviz_ogre_vendor/lib/libOgreOverlay.so
-- rviz_ogre_vendor::OgreMain for IMPORTED_LOCATION_RELEASE: /opt/ros/jazzy/opt/rviz_ogre_vendor/lib/libOgreMain.so
-- rviz_ogre_vendor::OgreMain for IMPORTED_LOCATION_DEBUG: /opt/ros/jazzy/opt/rviz_ogre_vendor/lib/libOgreMain.so
-- Found ZLIB: /usr/lib/aarch64-linux-gnu/libz.so (found version "1.3")  
-- Found OpenGL: /usr/lib/aarch64-linux-gnu/libOpenGL.so   
-- Found X11: /usr/include   
-- Looking for XOpenDisplay in /usr/lib/aarch64-linux-gnu/libX11.so;/usr/lib/aarch64-linux-gnu/libXext.so
-- Looking for XOpenDisplay in /usr/lib/aarch64-linux-gnu/libX11.so;/usr/lib/aarch64-linux-gnu/libXext.so - found
-- Looking for gethostbyname
-- Looking for gethostbyname - found
-- Looking for connect
-- Looking for connect - found
-- Looking for remove
-- Looking for remove - found
-- Looking for shmat
-- Looking for shmat - found
-- Looking for IceConnectionNumber in ICE
-- Looking for IceConnectionNumber in ICE - found
-- Setting yaml-cpp_DIR to: '/opt/ros/jazzy/share/yaml_cpp_vendor/cmake/../../../opt/yaml_cpp_vendor/share/cmake/yaml-cpp'
-- Configuring done (6.9s)
-- Generating done (0.1s)
-- Build files have been written to: /home/nickolas/ros2_ws/src/omni_src/omni_rviz_controls/build/omni_rviz_controls
[  0%] Built target omni_rviz_controls_autogen_timestamp_deps
[ 20%] [34m[1mAutomatic MOC and UIC for target omni_rviz_controls[0m
[ 20%] Built target omni_rviz_controls_autogen
[ 60%] [32mBuilding CXX object CMakeFiles/omni_rviz_controls.dir/src/max_linear_velocity_panel.cpp.o[0m
[ 60%] [32mBuilding CXX object CMakeFiles/omni_rviz_controls.dir/omni_rviz_controls_autogen/mocs_compilation.cpp.o[0m
[ 80%] [32m[1mLinking CXX shared library libomni_rviz_controls.so[0m
[100%] Built target omni_rviz_controls
-- Install configuration: ""
-- Installing: /home/nickolas/ros2_ws/src/omni_src/omni_rviz_controls/install/omni_rviz_controls/share/omni_rviz_controls/rviz_plugin_description.xml
-- Installing: /home/nickolas/ros2_ws/src/omni_src/omni_rviz_controls/install/omni_rviz_controls/lib/libomni_rviz_controls.so
-- Set non-toolchain portion of runtime path of "/home/nickolas/ros2_ws/src/omni_src/omni_rviz_controls/install/omni_rviz_controls/lib/libomni_rviz_controls.so" to ""
-- Installing: /home/nickolas/ros2_ws/src/omni_src/omni_rviz_controls/install/omni_rviz_controls/include
-- Installing: /home/nickolas/ros2_ws/src/omni_src/omni_rviz_controls/install/omni_rviz_controls/include/omni_rviz_controls
-- Installing: /home/nickolas/ros2_ws/src/omni_src/omni_rviz_controls/install/omni_rviz_controls/include/omni_rviz_controls/max_linear_velocity_panel.hpp
-- Up-to-date: /home/nickolas/ros2_ws/src/omni_src/omni_rviz_controls/install/omni_rviz_controls/share/omni_rviz_controls/rviz_plugin_description.xml
-- Installing: /home/nickolas/ros2_ws/src/omni_src/omni_rviz_controls/install/omni_rviz_controls/share/ament_index/resource_index/package_run_dependencies/omni_rviz_controls
-- Installing: /home/nickolas/ros2_ws/src/omni_src/omni_rviz_controls/install/omni_rviz_controls/share/ament_index/resource_index/parent_prefix_path/omni_rviz_controls
-- Installing: /home/nickolas/ros2_ws/src/omni_src/omni_rviz_controls/install/omni_rviz_controls/share/omni_rviz_controls/environment/ament_prefix_path.sh
-- Installing: /home/nickolas/ros2_ws/src/omni_src/omni_rviz_controls/install/omni_rviz_controls/share/omni_rviz_controls/environment/ament_prefix_path.dsv
-- Installing: /home/nickolas/ros2_ws/src/omni_src/omni_rviz_controls/install/omni_rviz_controls/share/omni_rviz_controls/environment/path.sh
-- Installing: /home/nickolas/ros2_ws/src/omni_src/omni_rviz_controls/install/omni_rviz_controls/share/omni_rviz_controls/environment/path.dsv
-- Installing: /home/nickolas/ros2_ws/src/omni_src/omni_rviz_controls/install/omni_rviz_controls/share/omni_rviz_controls/local_setup.bash
-- Installing: /home/nickolas/ros2_ws/src/omni_src/omni_rviz_controls/install/omni_rviz_controls/share/omni_rviz_controls/local_setup.sh
-- Installing: /home/nickolas/ros2_ws/src/omni_src/omni_rviz_controls/install/omni_rviz_controls/share/omni_rviz_controls/local_setup.zsh
-- Installing: /home/nickolas/ros2_ws/src/omni_src/omni_rviz_controls/install/omni_rviz_controls/share/omni_rviz_controls/local_setup.dsv
-- Installing: /home/nickolas/ros2_ws/src/omni_src/omni_rviz_controls/install/omni_rviz_controls/share/omni_rviz_controls/package.dsv
-- Installing: /home/nickolas/ros2_ws/src/omni_src/omni_rviz_controls/install/omni_rviz_controls/share/ament_index/resource_index/packages/omni_rviz_controls
-- Installing: /home/nickolas/ros2_ws/src/omni_src/omni_rviz_controls/install/omni_rviz_controls/share/ament_index/resource_index/rviz_common__pluginlib__plugin/omni_rviz_controls
-- Installing: /home/nickolas/ros2_ws/src/omni_src/omni_rviz_controls/install/omni_rviz_controls/share/omni_rviz_controls/cmake/omni_rviz_controlsConfig.cmake
-- Installing: /home/nickolas/ros2_ws/src/omni_src/omni_rviz_controls/install/omni_rviz_controls/share/omni_rviz_controls/cmake/omni_rviz_controlsConfig-version.cmake
-- Installing: /home/nickolas/ros2_ws/src/omni_src/omni_rviz_controls/install/omni_rviz_controls/share/omni_rviz_controls/package.xml
