[0.018s] Invoking command in '/home/nickolas/ros2_ws/src/omni_src/omni_rviz_controls/build/omni_rviz_controls': CMAKE_PREFIX_PATH=${CMAKE_PREFIX_PATH}:/home/nickolas/ros2_ws/install/omni_traj:/home/nickolas/ros2_ws/src/omni_src/install/omni_traj:/opt/ros/jazzy DEBUGINFOD_URLS=https://debuginfod.ubuntu.com /usr/bin/cmake /home/nickolas/ros2_ws/src/omni_src/omni_rviz_controls -DCMAKE_INSTALL_PREFIX=/home/nickolas/ros2_ws/src/omni_src/omni_rviz_controls/install/omni_rviz_controls
[0.464s] -- The C compiler identification is GNU 13.3.0
[0.832s] -- The CXX compiler identification is GNU 13.3.0
[0.883s] -- Detecting C compiler ABI info
[1.166s] -- Detecting C compiler ABI info - done
[1.183s] -- Check for working C compiler: /usr/bin/cc - skipped
[1.184s] -- Detecting C compile features
[1.185s] -- Detecting C compile features - done
[1.205s] -- Detecting CXX compiler ABI info
[1.509s] -- Detecting CXX compiler ABI info - done
[1.529s] -- Check for working CXX compiler: /usr/bin/c++ - skipped
[1.529s] -- Detecting CXX compile features
[1.530s] -- Detecting CXX compile features - done
[1.553s] -- Found ament_cmake: 2.5.4 (/opt/ros/jazzy/share/ament_cmake/cmake)
[1.967s] -- Found Python3: /usr/bin/python3 (found version "3.12.3") found components: Interpreter 
[2.364s] -- Found pluginlib: 5.4.3 (/opt/ros/jazzy/share/pluginlib/cmake)
[2.503s] -- Found TinyXML2 via Config file: /usr/lib/aarch64-linux-gnu/cmake/tinyxml2
[2.519s] -- Found rclcpp: 28.1.13 (/opt/ros/jazzy/share/rclcpp/cmake)
[2.648s] -- Found rosidl_generator_c: 4.6.6 (/opt/ros/jazzy/share/rosidl_generator_c/cmake)
[2.697s] -- Found rosidl_generator_cpp: 4.6.6 (/opt/ros/jazzy/share/rosidl_generator_cpp/cmake)
[2.763s] -- Using all available rosidl_typesupport_c: rosidl_typesupport_fastrtps_c;rosidl_typesupport_introspection_c
[2.806s] -- Using all available rosidl_typesupport_cpp: rosidl_typesupport_fastrtps_cpp;rosidl_typesupport_introspection_cpp
[3.062s] -- Found rmw_implementation_cmake: 7.3.2 (/opt/ros/jazzy/share/rmw_implementation_cmake/cmake)
[3.082s] -- Found rmw_fastrtps_cpp: 8.4.3 (/opt/ros/jazzy/share/rmw_fastrtps_cpp/cmake)
[3.177s] -- Found TinyXML2 via Config file: /usr/lib/aarch64-linux-gnu/cmake/tinyxml2
[3.370s] -- Found OpenSSL: /usr/lib/aarch64-linux-gnu/libcrypto.so (found version "3.0.13")  
[3.378s] -- Found TinyXML2 via Config file: /usr/lib/aarch64-linux-gnu/cmake/tinyxml2
[3.413s] -- Found FastRTPS: /opt/ros/jazzy/include (Required is at least version "2.13") 
[3.423s] -- Found TinyXML2 via Config file: /usr/lib/aarch64-linux-gnu/cmake/tinyxml2
[3.442s] -- Found TinyXML2 via Config file: /usr/lib/aarch64-linux-gnu/cmake/tinyxml2
[3.471s] -- Using RMW implementation 'rmw_fastrtps_cpp' as default
[3.740s] -- Found rviz_common: 14.1.17 (/opt/ros/jazzy/share/rviz_common/cmake)
[3.952s] -- Setting OGRE_DIR to: '/opt/ros/jazzy/share/rviz_ogre_vendor/cmake/../../../opt/rviz_ogre_vendor/lib/OGRE/cmake'
[3.957s] -- Found OGRE
[3.958s] --   static     : OFF
[3.958s] --   components : MeshLodGenerator;Overlay;Paging;Property;RTShaderSystem;Terrain;Volume
[3.958s] --   plugins    : Plugin_BSPSceneManager;Plugin_OctreeSceneManager;Plugin_PCZSceneManager;Plugin_ParticleFX;RenderSystem_GL;RenderSystem_GL3Plus;Codec_STBI
[3.958s] --   media      : /opt/ros/jazzy/opt/rviz_ogre_vendor/share/OGRE/Media
[3.959s] -- OGRE_LIBRARIES: OgreMeshLodGenerator;OgreOverlay;OgrePaging;OgreProperty;OgreRTShaderSystem;OgreTerrain;OgreVolume;OgreMain
[3.959s] -- OGRE_LIBRARY_DIRS: /opt/ros/jazzy/opt/rviz_ogre_vendor/lib
[3.959s] -- OGRE_PLUGINS: Plugin_BSPSceneManager;Plugin_OctreeSceneManager;Plugin_PCZSceneManager;Plugin_ParticleFX;RenderSystem_GL;RenderSystem_GL3Plus;Codec_STBI
[3.959s] -- OGRE_PLUGIN_DIR: /opt/ros/jazzy/opt/rviz_ogre_vendor/lib/OGRE
[3.959s] -- rviz_ogre_vendor::OgreOverlay for IMPORTED_LOCATION_RELEASE: /opt/ros/jazzy/opt/rviz_ogre_vendor/lib/libOgreOverlay.so
[3.959s] -- rviz_ogre_vendor::OgreOverlay for IMPORTED_LOCATION_DEBUG: /opt/ros/jazzy/opt/rviz_ogre_vendor/lib/libOgreOverlay.so
[3.959s] -- rviz_ogre_vendor::OgreMain for IMPORTED_LOCATION_RELEASE: /opt/ros/jazzy/opt/rviz_ogre_vendor/lib/libOgreMain.so
[3.960s] -- rviz_ogre_vendor::OgreMain for IMPORTED_LOCATION_DEBUG: /opt/ros/jazzy/opt/rviz_ogre_vendor/lib/libOgreMain.so
[4.028s] -- Found ZLIB: /usr/lib/aarch64-linux-gnu/libz.so (found version "1.3")  
[4.067s] -- Found OpenGL: /usr/lib/aarch64-linux-gnu/libOpenGL.so   
[4.576s] -- Found X11: /usr/include   
[4.578s] -- Looking for XOpenDisplay in /usr/lib/aarch64-linux-gnu/libX11.so;/usr/lib/aarch64-linux-gnu/libXext.so
[4.868s] -- Looking for XOpenDisplay in /usr/lib/aarch64-linux-gnu/libX11.so;/usr/lib/aarch64-linux-gnu/libXext.so - found
[4.868s] -- Looking for gethostbyname
[5.098s] -- Looking for gethostbyname - found
[5.099s] -- Looking for connect
[5.355s] -- Looking for connect - found
[5.355s] -- Looking for remove
[5.616s] -- Looking for remove - found
[5.616s] -- Looking for shmat
[5.884s] -- Looking for shmat - found
[5.884s] -- Looking for IceConnectionNumber in ICE
[6.119s] -- Looking for IceConnectionNumber in ICE - found
[6.636s] -- Setting yaml-cpp_DIR to: '/opt/ros/jazzy/share/yaml_cpp_vendor/cmake/../../../opt/yaml_cpp_vendor/share/cmake/yaml-cpp'
[6.918s] -- Configuring done (6.9s)
[7.087s] -- Generating done (0.1s)
[7.101s] -- Build files have been written to: /home/nickolas/ros2_ws/src/omni_src/omni_rviz_controls/build/omni_rviz_controls
[7.141s] Invoked command in '/home/nickolas/ros2_ws/src/omni_src/omni_rviz_controls/build/omni_rviz_controls' returned '0': CMAKE_PREFIX_PATH=${CMAKE_PREFIX_PATH}:/home/nickolas/ros2_ws/install/omni_traj:/home/nickolas/ros2_ws/src/omni_src/install/omni_traj:/opt/ros/jazzy DEBUGINFOD_URLS=https://debuginfod.ubuntu.com /usr/bin/cmake /home/nickolas/ros2_ws/src/omni_src/omni_rviz_controls -DCMAKE_INSTALL_PREFIX=/home/nickolas/ros2_ws/src/omni_src/omni_rviz_controls/install/omni_rviz_controls
[7.145s] Invoking command in '/home/nickolas/ros2_ws/src/omni_src/omni_rviz_controls/build/omni_rviz_controls': CMAKE_PREFIX_PATH=${CMAKE_PREFIX_PATH}:/home/nickolas/ros2_ws/install/omni_traj:/home/nickolas/ros2_ws/src/omni_src/install/omni_traj:/opt/ros/jazzy DEBUGINFOD_URLS=https://debuginfod.ubuntu.com /usr/bin/cmake --build /home/nickolas/ros2_ws/src/omni_src/omni_rviz_controls/build/omni_rviz_controls -- -j4 -l4
[7.317s] [  0%] Built target omni_rviz_controls_autogen_timestamp_deps
[7.394s] [ 20%] [34m[1mAutomatic MOC and UIC for target omni_rviz_controls[0m
[7.516s] [ 20%] Built target omni_rviz_controls_autogen
[7.595s] [ 60%] [32mBuilding CXX object CMakeFiles/omni_rviz_controls.dir/src/max_linear_velocity_panel.cpp.o[0m
[7.595s] [ 60%] [32mBuilding CXX object CMakeFiles/omni_rviz_controls.dir/omni_rviz_controls_autogen/mocs_compilation.cpp.o[0m
[20.081s] [ 80%] [32m[1mLinking CXX shared library libomni_rviz_controls.so[0m
[26.097s] [100%] Built target omni_rviz_controls
[26.133s] Invoked command in '/home/nickolas/ros2_ws/src/omni_src/omni_rviz_controls/build/omni_rviz_controls' returned '0': CMAKE_PREFIX_PATH=${CMAKE_PREFIX_PATH}:/home/nickolas/ros2_ws/install/omni_traj:/home/nickolas/ros2_ws/src/omni_src/install/omni_traj:/opt/ros/jazzy DEBUGINFOD_URLS=https://debuginfod.ubuntu.com /usr/bin/cmake --build /home/nickolas/ros2_ws/src/omni_src/omni_rviz_controls/build/omni_rviz_controls -- -j4 -l4
[26.165s] Invoking command in '/home/nickolas/ros2_ws/src/omni_src/omni_rviz_controls/build/omni_rviz_controls': CMAKE_PREFIX_PATH=${CMAKE_PREFIX_PATH}:/home/nickolas/ros2_ws/install/omni_traj:/home/nickolas/ros2_ws/src/omni_src/install/omni_traj:/opt/ros/jazzy DEBUGINFOD_URLS=https://debuginfod.ubuntu.com /usr/bin/cmake --install /home/nickolas/ros2_ws/src/omni_src/omni_rviz_controls/build/omni_rviz_controls
[26.188s] -- Install configuration: ""
[26.189s] -- Installing: /home/nickolas/ros2_ws/src/omni_src/omni_rviz_controls/install/omni_rviz_controls/share/omni_rviz_controls/rviz_plugin_description.xml
[26.189s] -- Installing: /home/nickolas/ros2_ws/src/omni_src/omni_rviz_controls/install/omni_rviz_controls/lib/libomni_rviz_controls.so
[26.191s] -- Set non-toolchain portion of runtime path of "/home/nickolas/ros2_ws/src/omni_src/omni_rviz_controls/install/omni_rviz_controls/lib/libomni_rviz_controls.so" to ""
[26.192s] -- Installing: /home/nickolas/ros2_ws/src/omni_src/omni_rviz_controls/install/omni_rviz_controls/include
[26.192s] -- Installing: /home/nickolas/ros2_ws/src/omni_src/omni_rviz_controls/install/omni_rviz_controls/include/omni_rviz_controls
[26.192s] -- Installing: /home/nickolas/ros2_ws/src/omni_src/omni_rviz_controls/install/omni_rviz_controls/include/omni_rviz_controls/max_linear_velocity_panel.hpp
[26.192s] -- Up-to-date: /home/nickolas/ros2_ws/src/omni_src/omni_rviz_controls/install/omni_rviz_controls/share/omni_rviz_controls/rviz_plugin_description.xml
[26.193s] -- Installing: /home/nickolas/ros2_ws/src/omni_src/omni_rviz_controls/install/omni_rviz_controls/share/ament_index/resource_index/package_run_dependencies/omni_rviz_controls
[26.193s] -- Installing: /home/nickolas/ros2_ws/src/omni_src/omni_rviz_controls/install/omni_rviz_controls/share/ament_index/resource_index/parent_prefix_path/omni_rviz_controls
[26.193s] -- Installing: /home/nickolas/ros2_ws/src/omni_src/omni_rviz_controls/install/omni_rviz_controls/share/omni_rviz_controls/environment/ament_prefix_path.sh
[26.193s] -- Installing: /home/nickolas/ros2_ws/src/omni_src/omni_rviz_controls/install/omni_rviz_controls/share/omni_rviz_controls/environment/ament_prefix_path.dsv
[26.193s] -- Installing: /home/nickolas/ros2_ws/src/omni_src/omni_rviz_controls/install/omni_rviz_controls/share/omni_rviz_controls/environment/path.sh
[26.193s] -- Installing: /home/nickolas/ros2_ws/src/omni_src/omni_rviz_controls/install/omni_rviz_controls/share/omni_rviz_controls/environment/path.dsv
[26.193s] -- Installing: /home/nickolas/ros2_ws/src/omni_src/omni_rviz_controls/install/omni_rviz_controls/share/omni_rviz_controls/local_setup.bash
[26.194s] -- Installing: /home/nickolas/ros2_ws/src/omni_src/omni_rviz_controls/install/omni_rviz_controls/share/omni_rviz_controls/local_setup.sh
[26.194s] -- Installing: /home/nickolas/ros2_ws/src/omni_src/omni_rviz_controls/install/omni_rviz_controls/share/omni_rviz_controls/local_setup.zsh
[26.194s] -- Installing: /home/nickolas/ros2_ws/src/omni_src/omni_rviz_controls/install/omni_rviz_controls/share/omni_rviz_controls/local_setup.dsv
[26.194s] -- Installing: /home/nickolas/ros2_ws/src/omni_src/omni_rviz_controls/install/omni_rviz_controls/share/omni_rviz_controls/package.dsv
[26.195s] -- Installing: /home/nickolas/ros2_ws/src/omni_src/omni_rviz_controls/install/omni_rviz_controls/share/ament_index/resource_index/packages/omni_rviz_controls
[26.195s] -- Installing: /home/nickolas/ros2_ws/src/omni_src/omni_rviz_controls/install/omni_rviz_controls/share/ament_index/resource_index/rviz_common__pluginlib__plugin/omni_rviz_controls
[26.195s] -- Installing: /home/nickolas/ros2_ws/src/omni_src/omni_rviz_controls/install/omni_rviz_controls/share/omni_rviz_controls/cmake/omni_rviz_controlsConfig.cmake
[26.195s] -- Installing: /home/nickolas/ros2_ws/src/omni_src/omni_rviz_controls/install/omni_rviz_controls/share/omni_rviz_controls/cmake/omni_rviz_controlsConfig-version.cmake
[26.195s] -- Installing: /home/nickolas/ros2_ws/src/omni_src/omni_rviz_controls/install/omni_rviz_controls/share/omni_rviz_controls/package.xml
[26.199s] Invoked command in '/home/nickolas/ros2_ws/src/omni_src/omni_rviz_controls/build/omni_rviz_controls' returned '0': CMAKE_PREFIX_PATH=${CMAKE_PREFIX_PATH}:/home/nickolas/ros2_ws/install/omni_traj:/home/nickolas/ros2_ws/src/omni_src/install/omni_traj:/opt/ros/jazzy DEBUGINFOD_URLS=https://debuginfod.ubuntu.com /usr/bin/cmake --install /home/nickolas/ros2_ws/src/omni_src/omni_rviz_controls/build/omni_rviz_controls
