[1.715s] Invoking command in '/home/nickolas/ros2_ws/src/omni_src/build/omni-pi-server': DEBUGINFOD_URLS=https://debuginfod.ubuntu.com PYTHONPATH=/home/nickolas/ros2_ws/src/omni_src/build/omni-pi-server/prefix_override:/usr/lib/python3/dist-packages/colcon_core/task/python/colcon_distutils_commands:/home/nickolas/ros2_ws/src/omni_src/install/omni-pi-server/lib/python3.12/site-packages:${PYTHONPATH} /usr/bin/python3 -W ignore:setup.py install is deprecated -W ignore:easy_install command is deprecated setup.py develop --uninstall --editable --build-directory /home/nickolas/ros2_ws/src/omni_src/build/omni-pi-server/build
[2.337s] running develop
[2.870s] Invoked command in '/home/nickolas/ros2_ws/src/omni_src/build/omni-pi-server' returned '0': DEBUGINFOD_URLS=https://debuginfod.ubuntu.com PYTHONPATH=/home/nickolas/ros2_ws/src/omni_src/build/omni-pi-server/prefix_override:/usr/lib/python3/dist-packages/colcon_core/task/python/colcon_distutils_commands:/home/nickolas/ros2_ws/src/omni_src/install/omni-pi-server/lib/python3.12/site-packages:${PYTHONPATH} /usr/bin/python3 -W ignore:setup.py install is deprecated -W ignore:easy_install command is deprecated setup.py develop --uninstall --editable --build-directory /home/nickolas/ros2_ws/src/omni_src/build/omni-pi-server/build
[2.874s] Invoking command in '/home/nickolas/ros2_ws/src/omni_src': DEBUGINFOD_URLS=https://debuginfod.ubuntu.com PYTHONPATH=/home/nickolas/ros2_ws/src/omni_src/build/omni-pi-server/prefix_override:/usr/lib/python3/dist-packages/colcon_core/task/python/colcon_distutils_commands:/home/nickolas/ros2_ws/src/omni_src/install/omni-pi-server/lib/python3.12/site-packages:${PYTHONPATH} /usr/bin/python3 -W ignore:setup.py install is deprecated -W ignore:easy_install command is deprecated setup.py egg_info --egg-base build/omni-pi-server build --build-base /home/nickolas/ros2_ws/src/omni_src/build/omni-pi-server/build install --record /home/nickolas/ros2_ws/src/omni_src/build/omni-pi-server/install.log --single-version-externally-managed
[3.361s] running egg_info
[3.396s] writing build/omni-pi-server/omni_pi_server.egg-info/PKG-INFO
[3.396s] writing dependency_links to build/omni-pi-server/omni_pi_server.egg-info/dependency_links.txt
[3.406s] writing entry points to build/omni-pi-server/omni_pi_server.egg-info/entry_points.txt
[3.406s] writing top-level names to build/omni-pi-server/omni_pi_server.egg-info/top_level.txt
[3.486s] reading manifest file 'build/omni-pi-server/omni_pi_server.egg-info/SOURCES.txt'
[3.487s] writing manifest file 'build/omni-pi-server/omni_pi_server.egg-info/SOURCES.txt'
[3.487s] running build
[3.487s] running build_py
[3.488s] copying pi_comm_server/protocol.py -> /home/nickolas/ros2_ws/src/omni_src/build/omni-pi-server/build/lib/pi_comm_server
[3.489s] copying pi_comm_server/ros2_manager.py -> /home/nickolas/ros2_ws/src/omni_src/build/omni-pi-server/build/lib/pi_comm_server
[3.489s] copying pi_comm_server/udp_server.py -> /home/nickolas/ros2_ws/src/omni_src/build/omni-pi-server/build/lib/pi_comm_server
[3.490s] copying pi_comm_server/virtual_stm32_udp.py -> /home/nickolas/ros2_ws/src/omni_src/build/omni-pi-server/build/lib/pi_comm_server
[3.490s] copying pi_comm_server/ros2_pose_node.py -> /home/nickolas/ros2_ws/src/omni_src/build/omni-pi-server/build/lib/pi_comm_server
[3.490s] running install
[3.501s] running install_lib
[3.544s] copying /home/nickolas/ros2_ws/src/omni_src/build/omni-pi-server/build/lib/pi_comm_server/ros2_manager.py -> /home/nickolas/ros2_ws/src/omni_src/install/omni-pi-server/lib/python3.12/site-packages/pi_comm_server
[3.544s] copying /home/nickolas/ros2_ws/src/omni_src/build/omni-pi-server/build/lib/pi_comm_server/test_client.py -> /home/nickolas/ros2_ws/src/omni_src/install/omni-pi-server/lib/python3.12/site-packages/pi_comm_server
[3.544s] copying /home/nickolas/ros2_ws/src/omni_src/build/omni-pi-server/build/lib/pi_comm_server/virtual_stm32_udp.py -> /home/nickolas/ros2_ws/src/omni_src/install/omni-pi-server/lib/python3.12/site-packages/pi_comm_server
[3.544s] copying /home/nickolas/ros2_ws/src/omni_src/build/omni-pi-server/build/lib/pi_comm_server/planner_stub.py -> /home/nickolas/ros2_ws/src/omni_src/install/omni-pi-server/lib/python3.12/site-packages/pi_comm_server
[3.545s] copying /home/nickolas/ros2_ws/src/omni_src/build/omni-pi-server/build/lib/pi_comm_server/udp_server.py -> /home/nickolas/ros2_ws/src/omni_src/install/omni-pi-server/lib/python3.12/site-packages/pi_comm_server
[3.545s] copying /home/nickolas/ros2_ws/src/omni_src/build/omni-pi-server/build/lib/pi_comm_server/run_test_client.py -> /home/nickolas/ros2_ws/src/omni_src/install/omni-pi-server/lib/python3.12/site-packages/pi_comm_server
[3.545s] copying /home/nickolas/ros2_ws/src/omni_src/build/omni-pi-server/build/lib/pi_comm_server/__init__.py -> /home/nickolas/ros2_ws/src/omni_src/install/omni-pi-server/lib/python3.12/site-packages/pi_comm_server
[3.545s] copying /home/nickolas/ros2_ws/src/omni_src/build/omni-pi-server/build/lib/pi_comm_server/demo_udp_client.py -> /home/nickolas/ros2_ws/src/omni_src/install/omni-pi-server/lib/python3.12/site-packages/pi_comm_server
[3.546s] copying /home/nickolas/ros2_ws/src/omni_src/build/omni-pi-server/build/lib/pi_comm_server/run_udp_server.py -> /home/nickolas/ros2_ws/src/omni_src/install/omni-pi-server/lib/python3.12/site-packages/pi_comm_server
[3.546s] copying /home/nickolas/ros2_ws/src/omni_src/build/omni-pi-server/build/lib/pi_comm_server/ros2_pose_node.py -> /home/nickolas/ros2_ws/src/omni_src/install/omni-pi-server/lib/python3.12/site-packages/pi_comm_server
[3.546s] copying /home/nickolas/ros2_ws/src/omni_src/build/omni-pi-server/build/lib/pi_comm_server/ros2_trajectory_node.py -> /home/nickolas/ros2_ws/src/omni_src/install/omni-pi-server/lib/python3.12/site-packages/pi_comm_server
[3.546s] copying /home/nickolas/ros2_ws/src/omni_src/build/omni-pi-server/build/lib/pi_comm_server/test_stm32_client.py -> /home/nickolas/ros2_ws/src/omni_src/install/omni-pi-server/lib/python3.12/site-packages/pi_comm_server
[3.546s] copying /home/nickolas/ros2_ws/src/omni_src/build/omni-pi-server/build/lib/pi_comm_server/protocol.py -> /home/nickolas/ros2_ws/src/omni_src/install/omni-pi-server/lib/python3.12/site-packages/pi_comm_server
[3.548s] byte-compiling /home/nickolas/ros2_ws/src/omni_src/install/omni-pi-server/lib/python3.12/site-packages/pi_comm_server/ros2_manager.py to ros2_manager.cpython-312.pyc
[3.558s] byte-compiling /home/nickolas/ros2_ws/src/omni_src/install/omni-pi-server/lib/python3.12/site-packages/pi_comm_server/test_client.py to test_client.cpython-312.pyc
[3.562s] byte-compiling /home/nickolas/ros2_ws/src/omni_src/install/omni-pi-server/lib/python3.12/site-packages/pi_comm_server/virtual_stm32_udp.py to virtual_stm32_udp.cpython-312.pyc
[3.573s] byte-compiling /home/nickolas/ros2_ws/src/omni_src/install/omni-pi-server/lib/python3.12/site-packages/pi_comm_server/planner_stub.py to planner_stub.cpython-312.pyc
[3.575s] byte-compiling /home/nickolas/ros2_ws/src/omni_src/install/omni-pi-server/lib/python3.12/site-packages/pi_comm_server/udp_server.py to udp_server.cpython-312.pyc
[3.599s] byte-compiling /home/nickolas/ros2_ws/src/omni_src/install/omni-pi-server/lib/python3.12/site-packages/pi_comm_server/run_test_client.py to run_test_client.cpython-312.pyc
[3.605s] byte-compiling /home/nickolas/ros2_ws/src/omni_src/install/omni-pi-server/lib/python3.12/site-packages/pi_comm_server/__init__.py to __init__.cpython-312.pyc
[3.606s] byte-compiling /home/nickolas/ros2_ws/src/omni_src/install/omni-pi-server/lib/python3.12/site-packages/pi_comm_server/demo_udp_client.py to demo_udp_client.cpython-312.pyc
[3.607s] byte-compiling /home/nickolas/ros2_ws/src/omni_src/install/omni-pi-server/lib/python3.12/site-packages/pi_comm_server/run_udp_server.py to run_udp_server.cpython-312.pyc
[3.607s] byte-compiling /home/nickolas/ros2_ws/src/omni_src/install/omni-pi-server/lib/python3.12/site-packages/pi_comm_server/ros2_pose_node.py to ros2_pose_node.cpython-312.pyc
[3.609s] byte-compiling /home/nickolas/ros2_ws/src/omni_src/install/omni-pi-server/lib/python3.12/site-packages/pi_comm_server/ros2_trajectory_node.py to ros2_trajectory_node.cpython-312.pyc
[3.614s] byte-compiling /home/nickolas/ros2_ws/src/omni_src/install/omni-pi-server/lib/python3.12/site-packages/pi_comm_server/test_stm32_client.py to test_stm32_client.cpython-312.pyc
[3.620s] byte-compiling /home/nickolas/ros2_ws/src/omni_src/install/omni-pi-server/lib/python3.12/site-packages/pi_comm_server/protocol.py to protocol.cpython-312.pyc
[3.623s] running install_egg_info
[3.661s] Copying build/omni-pi-server/omni_pi_server.egg-info to /home/nickolas/ros2_ws/src/omni_src/install/omni-pi-server/lib/python3.12/site-packages/omni_pi_server-1.0.0-py3.12.egg-info
[3.662s] running install_scripts
[3.935s] Installing omni-test-client script to /home/nickolas/ros2_ws/src/omni_src/install/omni-pi-server/bin
[3.935s] Installing omni-udp-server script to /home/nickolas/ros2_ws/src/omni_src/install/omni-pi-server/bin
[3.949s] writing list of installed files to '/home/nickolas/ros2_ws/src/omni_src/build/omni-pi-server/install.log'
[4.084s] Invoked command in '/home/nickolas/ros2_ws/src/omni_src' returned '0': DEBUGINFOD_URLS=https://debuginfod.ubuntu.com PYTHONPATH=/home/nickolas/ros2_ws/src/omni_src/build/omni-pi-server/prefix_override:/usr/lib/python3/dist-packages/colcon_core/task/python/colcon_distutils_commands:/home/nickolas/ros2_ws/src/omni_src/install/omni-pi-server/lib/python3.12/site-packages:${PYTHONPATH} /usr/bin/python3 -W ignore:setup.py install is deprecated -W ignore:easy_install command is deprecated setup.py egg_info --egg-base build/omni-pi-server build --build-base /home/nickolas/ros2_ws/src/omni_src/build/omni-pi-server/build install --record /home/nickolas/ros2_ws/src/omni_src/build/omni-pi-server/install.log --single-version-externally-managed
