[1.963s] Invoking command in '/home/nickolas/ros2_ws/build/omni-pi-server': DEBUGINFOD_URLS=https://debuginfod.ubuntu.com PYTHONPATH=/home/nickolas/ros2_ws/build/omni-pi-server/prefix_override:/usr/lib/python3/dist-packages/colcon_core/task/python/colcon_distutils_commands:/home/nickolas/ros2_ws/install/omni-pi-server/lib/python3.12/site-packages:${PYTHONPATH} /usr/bin/python3 -W ignore:setup.py install is deprecated -W ignore:easy_install command is deprecated setup.py develop --uninstall --editable --build-directory /home/nickolas/ros2_ws/build/omni-pi-server/build
[2.620s] running develop
[3.048s] Removing /home/nickolas/ros2_ws/install/omni-pi-server/lib/python3.12/site-packages/omni-pi-server.egg-link (link to .)
[3.265s] Invoked command in '/home/nickolas/ros2_ws/build/omni-pi-server' returned '0': DEBUGINFOD_URLS=https://debuginfod.ubuntu.com PYTHONPATH=/home/nickolas/ros2_ws/build/omni-pi-server/prefix_override:/usr/lib/python3/dist-packages/colcon_core/task/python/colcon_distutils_commands:/home/nickolas/ros2_ws/install/omni-pi-server/lib/python3.12/site-packages:${PYTHONPATH} /usr/bin/python3 -W ignore:setup.py install is deprecated -W ignore:easy_install command is deprecated setup.py develop --uninstall --editable --build-directory /home/nickolas/ros2_ws/build/omni-pi-server/build
[3.266s] Invoking command in '/home/nickolas/ros2_ws/src/omni_src': DEBUGINFOD_URLS=https://debuginfod.ubuntu.com PYTHONPATH=/home/nickolas/ros2_ws/build/omni-pi-server/prefix_override:/usr/lib/python3/dist-packages/colcon_core/task/python/colcon_distutils_commands:/home/nickolas/ros2_ws/install/omni-pi-server/lib/python3.12/site-packages:${PYTHONPATH} /usr/bin/python3 -W ignore:setup.py install is deprecated -W ignore:easy_install command is deprecated setup.py egg_info --egg-base ../../build/omni-pi-server build --build-base /home/nickolas/ros2_ws/build/omni-pi-server/build install --record /home/nickolas/ros2_ws/build/omni-pi-server/install.log --single-version-externally-managed
[3.816s] running egg_info
[3.855s] writing ../../build/omni-pi-server/omni_pi_server.egg-info/PKG-INFO
[3.861s] writing dependency_links to ../../build/omni-pi-server/omni_pi_server.egg-info/dependency_links.txt
[3.861s] writing entry points to ../../build/omni-pi-server/omni_pi_server.egg-info/entry_points.txt
[3.862s] writing top-level names to ../../build/omni-pi-server/omni_pi_server.egg-info/top_level.txt
[3.985s] reading manifest file '../../build/omni-pi-server/omni_pi_server.egg-info/SOURCES.txt'
[3.986s] writing manifest file '../../build/omni-pi-server/omni_pi_server.egg-info/SOURCES.txt'
[3.986s] running build
[3.986s] running build_py
[3.993s] copying pi_comm_server/protocol.py -> /home/nickolas/ros2_ws/build/omni-pi-server/build/lib/pi_comm_server
[3.995s] copying pi_comm_server/planner_stub.py -> /home/nickolas/ros2_ws/build/omni-pi-server/build/lib/pi_comm_server
[3.996s] copying pi_comm_server/ros2_manager.py -> /home/nickolas/ros2_ws/build/omni-pi-server/build/lib/pi_comm_server
[3.997s] copying pi_comm_server/udp_server.py -> /home/nickolas/ros2_ws/build/omni-pi-server/build/lib/pi_comm_server
[3.997s] copying pi_comm_server/run_udp_server.py -> /home/nickolas/ros2_ws/build/omni-pi-server/build/lib/pi_comm_server
[4.000s] copying pi_comm_server/virtual_stm32_udp.py -> /home/nickolas/ros2_ws/build/omni-pi-server/build/lib/pi_comm_server
[4.001s] copying pi_comm_server/ros2_pose_node.py -> /home/nickolas/ros2_ws/build/omni-pi-server/build/lib/pi_comm_server
[4.004s] running install
[4.015s] running install_lib
[4.058s] creating /home/nickolas/ros2_ws/install/omni-pi-server/lib/python3.12/site-packages/pi_comm_server
[4.059s] copying /home/nickolas/ros2_ws/build/omni-pi-server/build/lib/pi_comm_server/test_simple_server.py -> /home/nickolas/ros2_ws/install/omni-pi-server/lib/python3.12/site-packages/pi_comm_server
[4.060s] copying /home/nickolas/ros2_ws/build/omni-pi-server/build/lib/pi_comm_server/server.py -> /home/nickolas/ros2_ws/install/omni-pi-server/lib/python3.12/site-packages/pi_comm_server
[4.060s] copying /home/nickolas/ros2_ws/build/omni-pi-server/build/lib/pi_comm_server/omni_main.py -> /home/nickolas/ros2_ws/install/omni-pi-server/lib/python3.12/site-packages/pi_comm_server
[4.060s] copying /home/nickolas/ros2_ws/build/omni-pi-server/build/lib/pi_comm_server/ros2_manager.py -> /home/nickolas/ros2_ws/install/omni-pi-server/lib/python3.12/site-packages/pi_comm_server
[4.061s] copying /home/nickolas/ros2_ws/build/omni-pi-server/build/lib/pi_comm_server/test_client.py -> /home/nickolas/ros2_ws/install/omni-pi-server/lib/python3.12/site-packages/pi_comm_server
[4.062s] copying /home/nickolas/ros2_ws/build/omni-pi-server/build/lib/pi_comm_server/virtual_stm32_udp.py -> /home/nickolas/ros2_ws/install/omni-pi-server/lib/python3.12/site-packages/pi_comm_server
[4.063s] copying /home/nickolas/ros2_ws/build/omni-pi-server/build/lib/pi_comm_server/planner_stub.py -> /home/nickolas/ros2_ws/install/omni-pi-server/lib/python3.12/site-packages/pi_comm_server
[4.063s] copying /home/nickolas/ros2_ws/build/omni-pi-server/build/lib/pi_comm_server/udp_server.py -> /home/nickolas/ros2_ws/install/omni-pi-server/lib/python3.12/site-packages/pi_comm_server
[4.064s] copying /home/nickolas/ros2_ws/build/omni-pi-server/build/lib/pi_comm_server/run_server.py -> /home/nickolas/ros2_ws/install/omni-pi-server/lib/python3.12/site-packages/pi_comm_server
[4.064s] copying /home/nickolas/ros2_ws/build/omni-pi-server/build/lib/pi_comm_server/tcp_server.py -> /home/nickolas/ros2_ws/install/omni-pi-server/lib/python3.12/site-packages/pi_comm_server
[4.066s] copying /home/nickolas/ros2_ws/build/omni-pi-server/build/lib/pi_comm_server/run_test_client.py -> /home/nickolas/ros2_ws/install/omni-pi-server/lib/python3.12/site-packages/pi_comm_server
[4.067s] copying /home/nickolas/ros2_ws/build/omni-pi-server/build/lib/pi_comm_server/__init__.py -> /home/nickolas/ros2_ws/install/omni-pi-server/lib/python3.12/site-packages/pi_comm_server
[4.068s] copying /home/nickolas/ros2_ws/build/omni-pi-server/build/lib/pi_comm_server/demo_udp_client.py -> /home/nickolas/ros2_ws/install/omni-pi-server/lib/python3.12/site-packages/pi_comm_server
[4.069s] copying /home/nickolas/ros2_ws/build/omni-pi-server/build/lib/pi_comm_server/run_udp_server.py -> /home/nickolas/ros2_ws/install/omni-pi-server/lib/python3.12/site-packages/pi_comm_server
[4.069s] copying /home/nickolas/ros2_ws/build/omni-pi-server/build/lib/pi_comm_server/ros2_pose_node.py -> /home/nickolas/ros2_ws/install/omni-pi-server/lib/python3.12/site-packages/pi_comm_server
[4.069s] copying /home/nickolas/ros2_ws/build/omni-pi-server/build/lib/pi_comm_server/ros2_trajectory_node.py -> /home/nickolas/ros2_ws/install/omni-pi-server/lib/python3.12/site-packages/pi_comm_server
[4.070s] copying /home/nickolas/ros2_ws/build/omni-pi-server/build/lib/pi_comm_server/test_stm32_client.py -> /home/nickolas/ros2_ws/install/omni-pi-server/lib/python3.12/site-packages/pi_comm_server
[4.073s] copying /home/nickolas/ros2_ws/build/omni-pi-server/build/lib/pi_comm_server/protocol.py -> /home/nickolas/ros2_ws/install/omni-pi-server/lib/python3.12/site-packages/pi_comm_server
[4.077s] byte-compiling /home/nickolas/ros2_ws/install/omni-pi-server/lib/python3.12/site-packages/pi_comm_server/test_simple_server.py to test_simple_server.cpython-312.pyc
[4.079s] byte-compiling /home/nickolas/ros2_ws/install/omni-pi-server/lib/python3.12/site-packages/pi_comm_server/server.py to server.cpython-312.pyc
[4.088s] byte-compiling /home/nickolas/ros2_ws/install/omni-pi-server/lib/python3.12/site-packages/pi_comm_server/omni_main.py to omni_main.cpython-312.pyc
[4.091s] byte-compiling /home/nickolas/ros2_ws/install/omni-pi-server/lib/python3.12/site-packages/pi_comm_server/ros2_manager.py to ros2_manager.cpython-312.pyc
[4.105s] byte-compiling /home/nickolas/ros2_ws/install/omni-pi-server/lib/python3.12/site-packages/pi_comm_server/test_client.py to test_client.cpython-312.pyc
[4.112s] byte-compiling /home/nickolas/ros2_ws/install/omni-pi-server/lib/python3.12/site-packages/pi_comm_server/virtual_stm32_udp.py to virtual_stm32_udp.cpython-312.pyc
[4.121s] byte-compiling /home/nickolas/ros2_ws/install/omni-pi-server/lib/python3.12/site-packages/pi_comm_server/planner_stub.py to planner_stub.cpython-312.pyc
[4.122s] byte-compiling /home/nickolas/ros2_ws/install/omni-pi-server/lib/python3.12/site-packages/pi_comm_server/udp_server.py to udp_server.cpython-312.pyc
[4.140s] byte-compiling /home/nickolas/ros2_ws/install/omni-pi-server/lib/python3.12/site-packages/pi_comm_server/run_server.py to run_server.cpython-312.pyc
[4.143s] byte-compiling /home/nickolas/ros2_ws/install/omni-pi-server/lib/python3.12/site-packages/pi_comm_server/tcp_server.py to tcp_server.cpython-312.pyc
[4.151s] byte-compiling /home/nickolas/ros2_ws/install/omni-pi-server/lib/python3.12/site-packages/pi_comm_server/run_test_client.py to run_test_client.cpython-312.pyc
[4.152s] byte-compiling /home/nickolas/ros2_ws/install/omni-pi-server/lib/python3.12/site-packages/pi_comm_server/__init__.py to __init__.cpython-312.pyc
[4.152s] byte-compiling /home/nickolas/ros2_ws/install/omni-pi-server/lib/python3.12/site-packages/pi_comm_server/demo_udp_client.py to demo_udp_client.cpython-312.pyc
[4.154s] byte-compiling /home/nickolas/ros2_ws/install/omni-pi-server/lib/python3.12/site-packages/pi_comm_server/run_udp_server.py to run_udp_server.cpython-312.pyc
[4.154s] byte-compiling /home/nickolas/ros2_ws/install/omni-pi-server/lib/python3.12/site-packages/pi_comm_server/ros2_pose_node.py to ros2_pose_node.cpython-312.pyc
[4.157s] byte-compiling /home/nickolas/ros2_ws/install/omni-pi-server/lib/python3.12/site-packages/pi_comm_server/ros2_trajectory_node.py to ros2_trajectory_node.cpython-312.pyc
[4.159s] byte-compiling /home/nickolas/ros2_ws/install/omni-pi-server/lib/python3.12/site-packages/pi_comm_server/test_stm32_client.py to test_stm32_client.cpython-312.pyc
[4.165s] byte-compiling /home/nickolas/ros2_ws/install/omni-pi-server/lib/python3.12/site-packages/pi_comm_server/protocol.py to protocol.cpython-312.pyc
[4.167s] running install_egg_info
[4.210s] Copying ../../build/omni-pi-server/omni_pi_server.egg-info to /home/nickolas/ros2_ws/install/omni-pi-server/lib/python3.12/site-packages/omni_pi_server-1.0.0-py3.12.egg-info
[4.212s] running install_scripts
[4.502s] Installing omni-test-client script to /home/nickolas/ros2_ws/install/omni-pi-server/bin
[4.505s] Installing omni-udp-server script to /home/nickolas/ros2_ws/install/omni-pi-server/bin
[4.506s] writing list of installed files to '/home/nickolas/ros2_ws/build/omni-pi-server/install.log'
[4.666s] Invoked command in '/home/nickolas/ros2_ws/src/omni_src' returned '0': DEBUGINFOD_URLS=https://debuginfod.ubuntu.com PYTHONPATH=/home/nickolas/ros2_ws/build/omni-pi-server/prefix_override:/usr/lib/python3/dist-packages/colcon_core/task/python/colcon_distutils_commands:/home/nickolas/ros2_ws/install/omni-pi-server/lib/python3.12/site-packages:${PYTHONPATH} /usr/bin/python3 -W ignore:setup.py install is deprecated -W ignore:easy_install command is deprecated setup.py egg_info --egg-base ../../build/omni-pi-server build --build-base /home/nickolas/ros2_ws/build/omni-pi-server/build install --record /home/nickolas/ros2_ws/build/omni-pi-server/install.log --single-version-externally-managed
