[0.203s] DEBUG:colcon:Command line arguments: ['/usr/bin/colcon', 'build']
[0.203s] DEBUG:colcon:Parsed command line arguments: Namespace(log_base=None, log_level=None, verb_name='build', build_base='build', install_base='install', merge_install=False, symlink_install=False, test_result_base=None, continue_on_error=False, executor='parallel', parallel_workers=4, event_handlers=None, ignore_user_meta=False, metas=['./colcon.meta'], base_paths=['.'], packages_ignore=None, packages_ignore_regex=None, paths=None, packages_up_to=None, packages_up_to_regex=None, packages_above=None, packages_above_and_dependencies=None, packages_above_depth=None, packages_select_by_dep=None, packages_skip_by_dep=None, packages_skip_up_to=None, packages_select_build_failed=False, packages_skip_build_finished=False, packages_select_test_failures=False, packages_skip_test_passed=False, packages_select=None, packages_skip=None, packages_select_regex=None, packages_skip_regex=None, packages_start=None, packages_end=None, allow_overriding=[], cmake_args=None, cmake_target=None, cmake_target_skip_unavailable=False, cmake_clean_cache=False, cmake_clean_first=False, cmake_force_configure=False, ament_cmake_args=None, catkin_cmake_args=None, catkin_skip_building_tests=False, mixin_files=None, mixin=None, verb_parser=<colcon_mixin.mixin.mixin_argument.MixinArgumentDecorator object at 0xffffa27e1a90>, verb_extension=<colcon_core.verb.build.BuildVerb object at 0xffffa29956a0>, main=<bound method BuildVerb.main of <colcon_core.verb.build.BuildVerb object at 0xffffa29956a0>>, mixin_verb=('build',))
[0.289s] Level 1:colcon.colcon_core.package_discovery:discover_packages(colcon_meta) check parameters
[0.290s] Level 1:colcon.colcon_core.package_discovery:discover_packages(recursive) check parameters
[0.290s] Level 1:colcon.colcon_core.package_discovery:discover_packages(ignore) check parameters
[0.290s] Level 1:colcon.colcon_core.package_discovery:discover_packages(path) check parameters
[0.290s] Level 1:colcon.colcon_core.package_discovery:discover_packages(colcon_meta) discover
[0.290s] Level 1:colcon.colcon_core.package_discovery:discover_packages(recursive) discover
[0.290s] INFO:colcon.colcon_core.package_discovery:Crawling recursively for packages in '/home/nickolas/ros2_ws/src/omni_src/omni_rviz_controls'
[0.290s] Level 1:colcon.colcon_core.package_identification:_identify(.) by extensions ['ignore', 'ignore_ament_install']
[0.290s] Level 1:colcon.colcon_core.package_identification:_identify(.) by extension 'ignore'
[0.290s] Level 1:colcon.colcon_core.package_identification:_identify(.) by extension 'ignore_ament_install'
[0.291s] Level 1:colcon.colcon_core.package_identification:_identify(.) by extensions ['colcon_pkg']
[0.291s] Level 1:colcon.colcon_core.package_identification:_identify(.) by extension 'colcon_pkg'
[0.291s] Level 1:colcon.colcon_core.package_identification:_identify(.) by extensions ['colcon_meta']
[0.291s] Level 1:colcon.colcon_core.package_identification:_identify(.) by extension 'colcon_meta'
[0.291s] Level 1:colcon.colcon_core.package_identification:_identify(.) by extensions ['ros']
[0.291s] Level 1:colcon.colcon_core.package_identification:_identify(.) by extension 'ros'
[0.355s] DEBUG:colcon.colcon_core.package_identification:Package '.' with type 'ros.ament_cmake' and name 'omni_rviz_controls'
[0.355s] Level 1:colcon.colcon_core.package_discovery:discover_packages(recursive) using defaults
[0.355s] Level 1:colcon.colcon_core.package_discovery:discover_packages(ignore) discover
[0.355s] Level 1:colcon.colcon_core.package_discovery:discover_packages(ignore) using defaults
[0.355s] Level 1:colcon.colcon_core.package_discovery:discover_packages(path) discover
[0.355s] Level 1:colcon.colcon_core.package_discovery:discover_packages(path) using defaults
[0.394s] Level 1:colcon.colcon_core.package_discovery:discover_packages(prefix_path) check parameters
[0.394s] Level 1:colcon.colcon_core.package_discovery:discover_packages(prefix_path) discover
[0.397s] DEBUG:colcon.colcon_installed_package_information.package_discovery:Found 3 installed packages in /home/nickolas/ros2_ws/install
[0.397s] DEBUG:colcon.colcon_installed_package_information.package_discovery:Found 2 installed packages in /home/nickolas/ros2_ws/src/omni_src/install
[0.400s] DEBUG:colcon.colcon_installed_package_information.package_discovery:Found 380 installed packages in /opt/ros/jazzy
[0.408s] Level 1:colcon.colcon_core.package_discovery:discover_packages(prefix_path) using defaults
[0.504s] Level 5:colcon.colcon_core.verb:set package 'omni_rviz_controls' build argument 'cmake_args' from command line to 'None'
[0.504s] Level 5:colcon.colcon_core.verb:set package 'omni_rviz_controls' build argument 'cmake_target' from command line to 'None'
[0.504s] Level 5:colcon.colcon_core.verb:set package 'omni_rviz_controls' build argument 'cmake_target_skip_unavailable' from command line to 'False'
[0.504s] Level 5:colcon.colcon_core.verb:set package 'omni_rviz_controls' build argument 'cmake_clean_cache' from command line to 'False'
[0.504s] Level 5:colcon.colcon_core.verb:set package 'omni_rviz_controls' build argument 'cmake_clean_first' from command line to 'False'
[0.504s] Level 5:colcon.colcon_core.verb:set package 'omni_rviz_controls' build argument 'cmake_force_configure' from command line to 'False'
[0.504s] Level 5:colcon.colcon_core.verb:set package 'omni_rviz_controls' build argument 'ament_cmake_args' from command line to 'None'
[0.504s] Level 5:colcon.colcon_core.verb:set package 'omni_rviz_controls' build argument 'catkin_cmake_args' from command line to 'None'
[0.504s] Level 5:colcon.colcon_core.verb:set package 'omni_rviz_controls' build argument 'catkin_skip_building_tests' from command line to 'False'
[0.504s] DEBUG:colcon.colcon_core.verb:Building package 'omni_rviz_controls' with the following arguments: {'ament_cmake_args': None, 'build_base': '/home/nickolas/ros2_ws/src/omni_src/omni_rviz_controls/build/omni_rviz_controls', 'catkin_cmake_args': None, 'catkin_skip_building_tests': False, 'cmake_args': None, 'cmake_clean_cache': False, 'cmake_clean_first': False, 'cmake_force_configure': False, 'cmake_target': None, 'cmake_target_skip_unavailable': False, 'install_base': '/home/nickolas/ros2_ws/src/omni_src/omni_rviz_controls/install/omni_rviz_controls', 'merge_install': False, 'path': '/home/nickolas/ros2_ws/src/omni_src/omni_rviz_controls', 'symlink_install': False, 'test_result_base': None}
[0.505s] INFO:colcon.colcon_core.executor:Executing jobs using 'parallel' executor
[0.507s] DEBUG:colcon.colcon_parallel_executor.executor.parallel:run_until_complete
[0.507s] INFO:colcon.colcon_ros.task.ament_cmake.build:Building ROS package in '/home/nickolas/ros2_ws/src/omni_src/omni_rviz_controls' with build type 'ament_cmake'
[0.507s] INFO:colcon.colcon_cmake.task.cmake.build:Building CMake package in '/home/nickolas/ros2_ws/src/omni_src/omni_rviz_controls'
[0.511s] INFO:colcon.colcon_core.plugin_system:Skipping extension 'colcon_core.shell.bat': Not used on non-Windows systems
[0.511s] INFO:colcon.colcon_core.shell:Skip shell extension 'powershell' for command environment: Not usable outside of PowerShell
[0.511s] DEBUG:colcon.colcon_core.shell:Skip shell extension 'dsv' for command environment
[0.526s] DEBUG:colcon.colcon_core.event_handler.log_command:Invoking command in '/home/nickolas/ros2_ws/src/omni_src/omni_rviz_controls/build/omni_rviz_controls': CMAKE_PREFIX_PATH=${CMAKE_PREFIX_PATH}:/home/nickolas/ros2_ws/install/omni_traj:/home/nickolas/ros2_ws/src/omni_src/install/omni_traj:/opt/ros/jazzy DEBUGINFOD_URLS=https://debuginfod.ubuntu.com /usr/bin/cmake /home/nickolas/ros2_ws/src/omni_src/omni_rviz_controls -DCMAKE_INSTALL_PREFIX=/home/nickolas/ros2_ws/src/omni_src/omni_rviz_controls/install/omni_rviz_controls
[7.649s] DEBUG:colcon.colcon_core.event_handler.log_command:Invoked command in '/home/nickolas/ros2_ws/src/omni_src/omni_rviz_controls/build/omni_rviz_controls' returned '0': CMAKE_PREFIX_PATH=${CMAKE_PREFIX_PATH}:/home/nickolas/ros2_ws/install/omni_traj:/home/nickolas/ros2_ws/src/omni_src/install/omni_traj:/opt/ros/jazzy DEBUGINFOD_URLS=https://debuginfod.ubuntu.com /usr/bin/cmake /home/nickolas/ros2_ws/src/omni_src/omni_rviz_controls -DCMAKE_INSTALL_PREFIX=/home/nickolas/ros2_ws/src/omni_src/omni_rviz_controls/install/omni_rviz_controls
[7.652s] DEBUG:colcon.colcon_core.event_handler.log_command:Invoking command in '/home/nickolas/ros2_ws/src/omni_src/omni_rviz_controls/build/omni_rviz_controls': CMAKE_PREFIX_PATH=${CMAKE_PREFIX_PATH}:/home/nickolas/ros2_ws/install/omni_traj:/home/nickolas/ros2_ws/src/omni_src/install/omni_traj:/opt/ros/jazzy DEBUGINFOD_URLS=https://debuginfod.ubuntu.com /usr/bin/cmake --build /home/nickolas/ros2_ws/src/omni_src/omni_rviz_controls/build/omni_rviz_controls -- -j4 -l4
[26.641s] DEBUG:colcon.colcon_core.event_handler.log_command:Invoked command in '/home/nickolas/ros2_ws/src/omni_src/omni_rviz_controls/build/omni_rviz_controls' returned '0': CMAKE_PREFIX_PATH=${CMAKE_PREFIX_PATH}:/home/nickolas/ros2_ws/install/omni_traj:/home/nickolas/ros2_ws/src/omni_src/install/omni_traj:/opt/ros/jazzy DEBUGINFOD_URLS=https://debuginfod.ubuntu.com /usr/bin/cmake --build /home/nickolas/ros2_ws/src/omni_src/omni_rviz_controls/build/omni_rviz_controls -- -j4 -l4
[26.673s] DEBUG:colcon.colcon_core.event_handler.log_command:Invoking command in '/home/nickolas/ros2_ws/src/omni_src/omni_rviz_controls/build/omni_rviz_controls': CMAKE_PREFIX_PATH=${CMAKE_PREFIX_PATH}:/home/nickolas/ros2_ws/install/omni_traj:/home/nickolas/ros2_ws/src/omni_src/install/omni_traj:/opt/ros/jazzy DEBUGINFOD_URLS=https://debuginfod.ubuntu.com /usr/bin/cmake --install /home/nickolas/ros2_ws/src/omni_src/omni_rviz_controls/build/omni_rviz_controls
[26.706s] Level 1:colcon.colcon_core.environment:create_environment_scripts_only(omni_rviz_controls)
[26.707s] DEBUG:colcon.colcon_core.event_handler.log_command:Invoked command in '/home/nickolas/ros2_ws/src/omni_src/omni_rviz_controls/build/omni_rviz_controls' returned '0': CMAKE_PREFIX_PATH=${CMAKE_PREFIX_PATH}:/home/nickolas/ros2_ws/install/omni_traj:/home/nickolas/ros2_ws/src/omni_src/install/omni_traj:/opt/ros/jazzy DEBUGINFOD_URLS=https://debuginfod.ubuntu.com /usr/bin/cmake --install /home/nickolas/ros2_ws/src/omni_src/omni_rviz_controls/build/omni_rviz_controls
[26.719s] Level 1:colcon.colcon_core.environment:checking '/home/nickolas/ros2_ws/src/omni_src/omni_rviz_controls/install/omni_rviz_controls' for CMake module files
[26.721s] Level 1:colcon.colcon_core.environment:checking '/home/nickolas/ros2_ws/src/omni_src/omni_rviz_controls/install/omni_rviz_controls' for CMake config files
[26.722s] Level 1:colcon.colcon_core.shell:create_environment_hook('omni_rviz_controls', 'cmake_prefix_path')
[26.723s] INFO:colcon.colcon_core.shell:Creating environment hook '/home/nickolas/ros2_ws/src/omni_src/omni_rviz_controls/install/omni_rviz_controls/share/omni_rviz_controls/hook/cmake_prefix_path.ps1'
[26.726s] INFO:colcon.colcon_core.shell:Creating environment descriptor '/home/nickolas/ros2_ws/src/omni_src/omni_rviz_controls/install/omni_rviz_controls/share/omni_rviz_controls/hook/cmake_prefix_path.dsv'
[26.728s] INFO:colcon.colcon_core.shell:Creating environment hook '/home/nickolas/ros2_ws/src/omni_src/omni_rviz_controls/install/omni_rviz_controls/share/omni_rviz_controls/hook/cmake_prefix_path.sh'
[26.731s] Level 1:colcon.colcon_core.environment:checking '/home/nickolas/ros2_ws/src/omni_src/omni_rviz_controls/install/omni_rviz_controls/lib'
[26.731s] Level 1:colcon.colcon_core.shell:create_environment_hook('omni_rviz_controls', 'ld_library_path_lib')
[26.732s] INFO:colcon.colcon_core.shell:Creating environment hook '/home/nickolas/ros2_ws/src/omni_src/omni_rviz_controls/install/omni_rviz_controls/share/omni_rviz_controls/hook/ld_library_path_lib.ps1'
[26.732s] INFO:colcon.colcon_core.shell:Creating environment descriptor '/home/nickolas/ros2_ws/src/omni_src/omni_rviz_controls/install/omni_rviz_controls/share/omni_rviz_controls/hook/ld_library_path_lib.dsv'
[26.733s] INFO:colcon.colcon_core.shell:Creating environment hook '/home/nickolas/ros2_ws/src/omni_src/omni_rviz_controls/install/omni_rviz_controls/share/omni_rviz_controls/hook/ld_library_path_lib.sh'
[26.733s] Level 1:colcon.colcon_core.environment:checking '/home/nickolas/ros2_ws/src/omni_src/omni_rviz_controls/install/omni_rviz_controls/bin'
[26.733s] Level 1:colcon.colcon_core.environment:checking '/home/nickolas/ros2_ws/src/omni_src/omni_rviz_controls/install/omni_rviz_controls/lib/pkgconfig/omni_rviz_controls.pc'
[26.734s] Level 1:colcon.colcon_core.environment:checking '/home/nickolas/ros2_ws/src/omni_src/omni_rviz_controls/install/omni_rviz_controls/lib/python3.12/site-packages'
[26.734s] Level 1:colcon.colcon_core.environment:checking '/home/nickolas/ros2_ws/src/omni_src/omni_rviz_controls/install/omni_rviz_controls/bin'
[26.734s] INFO:colcon.colcon_core.shell:Creating package script '/home/nickolas/ros2_ws/src/omni_src/omni_rviz_controls/install/omni_rviz_controls/share/omni_rviz_controls/package.ps1'
[26.736s] INFO:colcon.colcon_core.shell:Creating package descriptor '/home/nickolas/ros2_ws/src/omni_src/omni_rviz_controls/install/omni_rviz_controls/share/omni_rviz_controls/package.dsv'
[26.738s] INFO:colcon.colcon_core.shell:Creating package script '/home/nickolas/ros2_ws/src/omni_src/omni_rviz_controls/install/omni_rviz_controls/share/omni_rviz_controls/package.sh'
[26.741s] INFO:colcon.colcon_core.shell:Creating package script '/home/nickolas/ros2_ws/src/omni_src/omni_rviz_controls/install/omni_rviz_controls/share/omni_rviz_controls/package.bash'
[26.742s] INFO:colcon.colcon_core.shell:Creating package script '/home/nickolas/ros2_ws/src/omni_src/omni_rviz_controls/install/omni_rviz_controls/share/omni_rviz_controls/package.zsh'
[26.744s] Level 1:colcon.colcon_core.environment:create_file_with_runtime_dependencies(/home/nickolas/ros2_ws/src/omni_src/omni_rviz_controls/install/omni_rviz_controls/share/colcon-core/packages/omni_rviz_controls)
[26.745s] Level 1:colcon.colcon_core.environment:create_environment_scripts_only(omni_rviz_controls)
[26.745s] Level 1:colcon.colcon_core.environment:checking '/home/nickolas/ros2_ws/src/omni_src/omni_rviz_controls/install/omni_rviz_controls' for CMake module files
[26.746s] Level 1:colcon.colcon_core.environment:checking '/home/nickolas/ros2_ws/src/omni_src/omni_rviz_controls/install/omni_rviz_controls' for CMake config files
[26.746s] Level 1:colcon.colcon_core.shell:create_environment_hook('omni_rviz_controls', 'cmake_prefix_path')
[26.747s] INFO:colcon.colcon_core.shell:Creating environment hook '/home/nickolas/ros2_ws/src/omni_src/omni_rviz_controls/install/omni_rviz_controls/share/omni_rviz_controls/hook/cmake_prefix_path.ps1'
[26.748s] INFO:colcon.colcon_core.shell:Creating environment descriptor '/home/nickolas/ros2_ws/src/omni_src/omni_rviz_controls/install/omni_rviz_controls/share/omni_rviz_controls/hook/cmake_prefix_path.dsv'
[26.751s] INFO:colcon.colcon_core.shell:Creating environment hook '/home/nickolas/ros2_ws/src/omni_src/omni_rviz_controls/install/omni_rviz_controls/share/omni_rviz_controls/hook/cmake_prefix_path.sh'
[26.754s] Level 1:colcon.colcon_core.environment:checking '/home/nickolas/ros2_ws/src/omni_src/omni_rviz_controls/install/omni_rviz_controls/lib'
[26.754s] Level 1:colcon.colcon_core.shell:create_environment_hook('omni_rviz_controls', 'ld_library_path_lib')
[26.755s] INFO:colcon.colcon_core.shell:Creating environment hook '/home/nickolas/ros2_ws/src/omni_src/omni_rviz_controls/install/omni_rviz_controls/share/omni_rviz_controls/hook/ld_library_path_lib.ps1'
[26.757s] INFO:colcon.colcon_core.shell:Creating environment descriptor '/home/nickolas/ros2_ws/src/omni_src/omni_rviz_controls/install/omni_rviz_controls/share/omni_rviz_controls/hook/ld_library_path_lib.dsv'
[26.758s] INFO:colcon.colcon_core.shell:Creating environment hook '/home/nickolas/ros2_ws/src/omni_src/omni_rviz_controls/install/omni_rviz_controls/share/omni_rviz_controls/hook/ld_library_path_lib.sh'
[26.760s] Level 1:colcon.colcon_core.environment:checking '/home/nickolas/ros2_ws/src/omni_src/omni_rviz_controls/install/omni_rviz_controls/bin'
[26.760s] Level 1:colcon.colcon_core.environment:checking '/home/nickolas/ros2_ws/src/omni_src/omni_rviz_controls/install/omni_rviz_controls/lib/pkgconfig/omni_rviz_controls.pc'
[26.761s] Level 1:colcon.colcon_core.environment:checking '/home/nickolas/ros2_ws/src/omni_src/omni_rviz_controls/install/omni_rviz_controls/lib/python3.12/site-packages'
[26.762s] Level 1:colcon.colcon_core.environment:checking '/home/nickolas/ros2_ws/src/omni_src/omni_rviz_controls/install/omni_rviz_controls/bin'
[26.763s] INFO:colcon.colcon_core.shell:Creating package script '/home/nickolas/ros2_ws/src/omni_src/omni_rviz_controls/install/omni_rviz_controls/share/omni_rviz_controls/package.ps1'
[26.766s] INFO:colcon.colcon_core.shell:Creating package descriptor '/home/nickolas/ros2_ws/src/omni_src/omni_rviz_controls/install/omni_rviz_controls/share/omni_rviz_controls/package.dsv'
[26.767s] INFO:colcon.colcon_core.shell:Creating package script '/home/nickolas/ros2_ws/src/omni_src/omni_rviz_controls/install/omni_rviz_controls/share/omni_rviz_controls/package.sh'
[26.768s] INFO:colcon.colcon_core.shell:Creating package script '/home/nickolas/ros2_ws/src/omni_src/omni_rviz_controls/install/omni_rviz_controls/share/omni_rviz_controls/package.bash'
[26.769s] INFO:colcon.colcon_core.shell:Creating package script '/home/nickolas/ros2_ws/src/omni_src/omni_rviz_controls/install/omni_rviz_controls/share/omni_rviz_controls/package.zsh'
[26.770s] Level 1:colcon.colcon_core.environment:create_file_with_runtime_dependencies(/home/nickolas/ros2_ws/src/omni_src/omni_rviz_controls/install/omni_rviz_controls/share/colcon-core/packages/omni_rviz_controls)
[26.773s] DEBUG:colcon.colcon_parallel_executor.executor.parallel:closing loop
[26.774s] DEBUG:colcon.colcon_parallel_executor.executor.parallel:loop closed
[26.774s] DEBUG:colcon.colcon_parallel_executor.executor.parallel:run_until_complete finished with '0'
[26.774s] DEBUG:colcon.colcon_core.event_reactor:joining thread
[26.789s] INFO:colcon.colcon_core.plugin_system:Skipping extension 'colcon_notification.desktop_notification.terminal_notifier': Not used on non-Darwin systems
[26.789s] INFO:colcon.colcon_core.plugin_system:Skipping extension 'colcon_notification.desktop_notification.win32': Not used on non-Windows systems
[26.789s] INFO:colcon.colcon_notification.desktop_notification:Sending desktop notification using 'notify2'
[26.806s] DEBUG:colcon.colcon_core.event_reactor:joined thread
[26.806s] INFO:colcon.colcon_core.shell:Creating prefix script '/home/nickolas/ros2_ws/src/omni_src/omni_rviz_controls/install/local_setup.ps1'
[26.808s] INFO:colcon.colcon_core.shell:Creating prefix util module '/home/nickolas/ros2_ws/src/omni_src/omni_rviz_controls/install/_local_setup_util_ps1.py'
[26.810s] INFO:colcon.colcon_core.shell:Creating prefix chain script '/home/nickolas/ros2_ws/src/omni_src/omni_rviz_controls/install/setup.ps1'
[26.813s] INFO:colcon.colcon_core.shell:Creating prefix script '/home/nickolas/ros2_ws/src/omni_src/omni_rviz_controls/install/local_setup.sh'
[26.814s] INFO:colcon.colcon_core.shell:Creating prefix util module '/home/nickolas/ros2_ws/src/omni_src/omni_rviz_controls/install/_local_setup_util_sh.py'
[26.815s] INFO:colcon.colcon_core.shell:Creating prefix chain script '/home/nickolas/ros2_ws/src/omni_src/omni_rviz_controls/install/setup.sh'
[26.821s] INFO:colcon.colcon_core.shell:Creating prefix script '/home/nickolas/ros2_ws/src/omni_src/omni_rviz_controls/install/local_setup.bash'
[26.824s] INFO:colcon.colcon_core.shell:Creating prefix chain script '/home/nickolas/ros2_ws/src/omni_src/omni_rviz_controls/install/setup.bash'
[26.828s] INFO:colcon.colcon_core.shell:Creating prefix script '/home/nickolas/ros2_ws/src/omni_src/omni_rviz_controls/install/local_setup.zsh'
[26.828s] INFO:colcon.colcon_core.shell:Creating prefix chain script '/home/nickolas/ros2_ws/src/omni_src/omni_rviz_controls/install/setup.zsh'
