[2.032s] Invoking command in '/home/nickolas/ros2_ws/src/omni_src/build/omni-pi-server': DEBUGINFOD_URLS=https://debuginfod.ubuntu.com PYTHONPATH=/home/nickolas/ros2_ws/src/omni_src/build/omni-pi-server/prefix_override:/usr/lib/python3/dist-packages/colcon_core/task/python/colcon_distutils_commands:/home/nickolas/ros2_ws/src/omni_src/install/omni-pi-server/lib/python3.12/site-packages:${PYTHONPATH} /usr/bin/python3 -W ignore:setup.py install is deprecated -W ignore:easy_install command is deprecated setup.py develop --uninstall --editable --build-directory /home/nickolas/ros2_ws/src/omni_src/build/omni-pi-server/build
[2.562s] running develop
[2.887s] Removing /home/nickolas/ros2_ws/src/omni_src/install/omni-pi-server/lib/python3.12/site-packages/omni-pi-server.egg-link (link to .)
[3.026s] Invoked command in '/home/nickolas/ros2_ws/src/omni_src/build/omni-pi-server' returned '0': DEBUGINFOD_URLS=https://debuginfod.ubuntu.com PYTHONPATH=/home/nickolas/ros2_ws/src/omni_src/build/omni-pi-server/prefix_override:/usr/lib/python3/dist-packages/colcon_core/task/python/colcon_distutils_commands:/home/nickolas/ros2_ws/src/omni_src/install/omni-pi-server/lib/python3.12/site-packages:${PYTHONPATH} /usr/bin/python3 -W ignore:setup.py install is deprecated -W ignore:easy_install command is deprecated setup.py develop --uninstall --editable --build-directory /home/nickolas/ros2_ws/src/omni_src/build/omni-pi-server/build
[3.030s] Invoking command in '/home/nickolas/ros2_ws/src/omni_src': DEBUGINFOD_URLS=https://debuginfod.ubuntu.com PYTHONPATH=/home/nickolas/ros2_ws/src/omni_src/build/omni-pi-server/prefix_override:/usr/lib/python3/dist-packages/colcon_core/task/python/colcon_distutils_commands:/home/nickolas/ros2_ws/src/omni_src/install/omni-pi-server/lib/python3.12/site-packages:${PYTHONPATH} /usr/bin/python3 -W ignore:setup.py install is deprecated -W ignore:easy_install command is deprecated setup.py egg_info --egg-base build/omni-pi-server build --build-base /home/nickolas/ros2_ws/src/omni_src/build/omni-pi-server/build install --record /home/nickolas/ros2_ws/src/omni_src/build/omni-pi-server/install.log --single-version-externally-managed
[3.451s] running egg_info
[3.482s] writing build/omni-pi-server/omni_pi_server.egg-info/PKG-INFO
[3.483s] writing dependency_links to build/omni-pi-server/omni_pi_server.egg-info/dependency_links.txt
[3.484s] writing entry points to build/omni-pi-server/omni_pi_server.egg-info/entry_points.txt
[3.516s] writing top-level names to build/omni-pi-server/omni_pi_server.egg-info/top_level.txt
[3.582s] reading manifest file 'build/omni-pi-server/omni_pi_server.egg-info/SOURCES.txt'
[3.584s] writing manifest file 'build/omni-pi-server/omni_pi_server.egg-info/SOURCES.txt'
[3.585s] running build
[3.585s] running build_py
[3.585s] copying pi_comm_server/protocol.py -> /home/nickolas/ros2_ws/src/omni_src/build/omni-pi-server/build/lib/pi_comm_server
[3.585s] copying pi_comm_server/ros2_manager.py -> /home/nickolas/ros2_ws/src/omni_src/build/omni-pi-server/build/lib/pi_comm_server
[3.586s] copying pi_comm_server/virtual_stm32_udp.py -> /home/nickolas/ros2_ws/src/omni_src/build/omni-pi-server/build/lib/pi_comm_server
[3.586s] copying pi_comm_server/udp_server.py -> /home/nickolas/ros2_ws/src/omni_src/build/omni-pi-server/build/lib/pi_comm_server
[3.587s] running install
[3.598s] running install_lib
[3.638s] creating /home/nickolas/ros2_ws/src/omni_src/install/omni-pi-server/lib/python3.12/site-packages/pi_comm_server
[3.638s] copying /home/nickolas/ros2_ws/src/omni_src/build/omni-pi-server/build/lib/pi_comm_server/test_simple_server.py -> /home/nickolas/ros2_ws/src/omni_src/install/omni-pi-server/lib/python3.12/site-packages/pi_comm_server
[3.639s] copying /home/nickolas/ros2_ws/src/omni_src/build/omni-pi-server/build/lib/pi_comm_server/server.py -> /home/nickolas/ros2_ws/src/omni_src/install/omni-pi-server/lib/python3.12/site-packages/pi_comm_server
[3.640s] copying /home/nickolas/ros2_ws/src/omni_src/build/omni-pi-server/build/lib/pi_comm_server/omni_main.py -> /home/nickolas/ros2_ws/src/omni_src/install/omni-pi-server/lib/python3.12/site-packages/pi_comm_server
[3.641s] copying /home/nickolas/ros2_ws/src/omni_src/build/omni-pi-server/build/lib/pi_comm_server/ros2_manager.py -> /home/nickolas/ros2_ws/src/omni_src/install/omni-pi-server/lib/python3.12/site-packages/pi_comm_server
[3.641s] copying /home/nickolas/ros2_ws/src/omni_src/build/omni-pi-server/build/lib/pi_comm_server/test_client.py -> /home/nickolas/ros2_ws/src/omni_src/install/omni-pi-server/lib/python3.12/site-packages/pi_comm_server
[3.642s] copying /home/nickolas/ros2_ws/src/omni_src/build/omni-pi-server/build/lib/pi_comm_server/virtual_stm32_udp.py -> /home/nickolas/ros2_ws/src/omni_src/install/omni-pi-server/lib/python3.12/site-packages/pi_comm_server
[3.643s] copying /home/nickolas/ros2_ws/src/omni_src/build/omni-pi-server/build/lib/pi_comm_server/planner_stub.py -> /home/nickolas/ros2_ws/src/omni_src/install/omni-pi-server/lib/python3.12/site-packages/pi_comm_server
[3.644s] copying /home/nickolas/ros2_ws/src/omni_src/build/omni-pi-server/build/lib/pi_comm_server/udp_server.py -> /home/nickolas/ros2_ws/src/omni_src/install/omni-pi-server/lib/python3.12/site-packages/pi_comm_server
[3.644s] copying /home/nickolas/ros2_ws/src/omni_src/build/omni-pi-server/build/lib/pi_comm_server/run_server.py -> /home/nickolas/ros2_ws/src/omni_src/install/omni-pi-server/lib/python3.12/site-packages/pi_comm_server
[3.646s] copying /home/nickolas/ros2_ws/src/omni_src/build/omni-pi-server/build/lib/pi_comm_server/tcp_server.py -> /home/nickolas/ros2_ws/src/omni_src/install/omni-pi-server/lib/python3.12/site-packages/pi_comm_server
[3.647s] copying /home/nickolas/ros2_ws/src/omni_src/build/omni-pi-server/build/lib/pi_comm_server/run_test_client.py -> /home/nickolas/ros2_ws/src/omni_src/install/omni-pi-server/lib/python3.12/site-packages/pi_comm_server
[3.647s] copying /home/nickolas/ros2_ws/src/omni_src/build/omni-pi-server/build/lib/pi_comm_server/__init__.py -> /home/nickolas/ros2_ws/src/omni_src/install/omni-pi-server/lib/python3.12/site-packages/pi_comm_server
[3.648s] copying /home/nickolas/ros2_ws/src/omni_src/build/omni-pi-server/build/lib/pi_comm_server/demo_udp_client.py -> /home/nickolas/ros2_ws/src/omni_src/install/omni-pi-server/lib/python3.12/site-packages/pi_comm_server
[3.649s] copying /home/nickolas/ros2_ws/src/omni_src/build/omni-pi-server/build/lib/pi_comm_server/run_udp_server.py -> /home/nickolas/ros2_ws/src/omni_src/install/omni-pi-server/lib/python3.12/site-packages/pi_comm_server
[3.649s] copying /home/nickolas/ros2_ws/src/omni_src/build/omni-pi-server/build/lib/pi_comm_server/ros2_pose_node.py -> /home/nickolas/ros2_ws/src/omni_src/install/omni-pi-server/lib/python3.12/site-packages/pi_comm_server
[3.650s] copying /home/nickolas/ros2_ws/src/omni_src/build/omni-pi-server/build/lib/pi_comm_server/ros2_trajectory_node.py -> /home/nickolas/ros2_ws/src/omni_src/install/omni-pi-server/lib/python3.12/site-packages/pi_comm_server
[3.650s] copying /home/nickolas/ros2_ws/src/omni_src/build/omni-pi-server/build/lib/pi_comm_server/test_stm32_client.py -> /home/nickolas/ros2_ws/src/omni_src/install/omni-pi-server/lib/python3.12/site-packages/pi_comm_server
[3.652s] copying /home/nickolas/ros2_ws/src/omni_src/build/omni-pi-server/build/lib/pi_comm_server/protocol.py -> /home/nickolas/ros2_ws/src/omni_src/install/omni-pi-server/lib/python3.12/site-packages/pi_comm_server
[3.652s] byte-compiling /home/nickolas/ros2_ws/src/omni_src/install/omni-pi-server/lib/python3.12/site-packages/pi_comm_server/test_simple_server.py to test_simple_server.cpython-312.pyc
[3.653s] byte-compiling /home/nickolas/ros2_ws/src/omni_src/install/omni-pi-server/lib/python3.12/site-packages/pi_comm_server/server.py to server.cpython-312.pyc
[3.659s] byte-compiling /home/nickolas/ros2_ws/src/omni_src/install/omni-pi-server/lib/python3.12/site-packages/pi_comm_server/omni_main.py to omni_main.cpython-312.pyc
[3.664s] byte-compiling /home/nickolas/ros2_ws/src/omni_src/install/omni-pi-server/lib/python3.12/site-packages/pi_comm_server/ros2_manager.py to ros2_manager.cpython-312.pyc
[3.670s] byte-compiling /home/nickolas/ros2_ws/src/omni_src/install/omni-pi-server/lib/python3.12/site-packages/pi_comm_server/test_client.py to test_client.cpython-312.pyc
[3.675s] byte-compiling /home/nickolas/ros2_ws/src/omni_src/install/omni-pi-server/lib/python3.12/site-packages/pi_comm_server/virtual_stm32_udp.py to virtual_stm32_udp.cpython-312.pyc
[3.687s] byte-compiling /home/nickolas/ros2_ws/src/omni_src/install/omni-pi-server/lib/python3.12/site-packages/pi_comm_server/planner_stub.py to planner_stub.cpython-312.pyc
[3.691s] byte-compiling /home/nickolas/ros2_ws/src/omni_src/install/omni-pi-server/lib/python3.12/site-packages/pi_comm_server/udp_server.py to udp_server.cpython-312.pyc
[3.705s] byte-compiling /home/nickolas/ros2_ws/src/omni_src/install/omni-pi-server/lib/python3.12/site-packages/pi_comm_server/run_server.py to run_server.cpython-312.pyc
[3.706s] byte-compiling /home/nickolas/ros2_ws/src/omni_src/install/omni-pi-server/lib/python3.12/site-packages/pi_comm_server/tcp_server.py to tcp_server.cpython-312.pyc
[3.711s] byte-compiling /home/nickolas/ros2_ws/src/omni_src/install/omni-pi-server/lib/python3.12/site-packages/pi_comm_server/run_test_client.py to run_test_client.cpython-312.pyc
[3.712s] byte-compiling /home/nickolas/ros2_ws/src/omni_src/install/omni-pi-server/lib/python3.12/site-packages/pi_comm_server/__init__.py to __init__.cpython-312.pyc
[3.713s] byte-compiling /home/nickolas/ros2_ws/src/omni_src/install/omni-pi-server/lib/python3.12/site-packages/pi_comm_server/demo_udp_client.py to demo_udp_client.cpython-312.pyc
[3.714s] byte-compiling /home/nickolas/ros2_ws/src/omni_src/install/omni-pi-server/lib/python3.12/site-packages/pi_comm_server/run_udp_server.py to run_udp_server.cpython-312.pyc
[3.717s] byte-compiling /home/nickolas/ros2_ws/src/omni_src/install/omni-pi-server/lib/python3.12/site-packages/pi_comm_server/ros2_pose_node.py to ros2_pose_node.cpython-312.pyc
[3.717s] byte-compiling /home/nickolas/ros2_ws/src/omni_src/install/omni-pi-server/lib/python3.12/site-packages/pi_comm_server/ros2_trajectory_node.py to ros2_trajectory_node.cpython-312.pyc
[3.721s] byte-compiling /home/nickolas/ros2_ws/src/omni_src/install/omni-pi-server/lib/python3.12/site-packages/pi_comm_server/test_stm32_client.py to test_stm32_client.cpython-312.pyc
[3.729s] byte-compiling /home/nickolas/ros2_ws/src/omni_src/install/omni-pi-server/lib/python3.12/site-packages/pi_comm_server/protocol.py to protocol.cpython-312.pyc
[3.734s] running install_egg_info
[3.774s] Copying build/omni-pi-server/omni_pi_server.egg-info to /home/nickolas/ros2_ws/src/omni_src/install/omni-pi-server/lib/python3.12/site-packages/omni_pi_server-1.0.0-py3.12.egg-info
[3.774s] running install_scripts
[4.023s] Installing omni-server script to /home/nickolas/ros2_ws/src/omni_src/install/omni-pi-server/bin
[4.023s] Installing omni-test-client script to /home/nickolas/ros2_ws/src/omni_src/install/omni-pi-server/bin
[4.025s] writing list of installed files to '/home/nickolas/ros2_ws/src/omni_src/build/omni-pi-server/install.log'
[4.147s] Invoked command in '/home/nickolas/ros2_ws/src/omni_src' returned '0': DEBUGINFOD_URLS=https://debuginfod.ubuntu.com PYTHONPATH=/home/nickolas/ros2_ws/src/omni_src/build/omni-pi-server/prefix_override:/usr/lib/python3/dist-packages/colcon_core/task/python/colcon_distutils_commands:/home/nickolas/ros2_ws/src/omni_src/install/omni-pi-server/lib/python3.12/site-packages:${PYTHONPATH} /usr/bin/python3 -W ignore:setup.py install is deprecated -W ignore:easy_install command is deprecated setup.py egg_info --egg-base build/omni-pi-server build --build-base /home/nickolas/ros2_ws/src/omni_src/build/omni-pi-server/build install --record /home/nickolas/ros2_ws/src/omni_src/build/omni-pi-server/install.log --single-version-externally-managed
