running egg_info
creating build/omni-pi-server/omni_pi_server.egg-info
writing build/omni-pi-server/omni_pi_server.egg-info/PKG-INFO
writing dependency_links to build/omni-pi-server/omni_pi_server.egg-info/dependency_links.txt
writing entry points to build/omni-pi-server/omni_pi_server.egg-info/entry_points.txt
writing top-level names to build/omni-pi-server/omni_pi_server.egg-info/top_level.txt
writing manifest file 'build/omni-pi-server/omni_pi_server.egg-info/SOURCES.txt'
reading manifest file 'build/omni-pi-server/omni_pi_server.egg-info/SOURCES.txt'
writing manifest file 'build/omni-pi-server/omni_pi_server.egg-info/SOURCES.txt'
running build
running build_py
creating /home/nickolas/ros2_ws/src/omni_src/build/omni-pi-server/build
creating /home/nickolas/ros2_ws/src/omni_src/build/omni-pi-server/build/lib
creating /home/nickolas/ros2_ws/src/omni_src/build/omni-pi-server/build/lib/pi_comm_server
copying pi_comm_server/__init__.py -> /home/nickolas/ros2_ws/src/omni_src/build/omni-pi-server/build/lib/pi_comm_server
copying pi_comm_server/protocol.py -> /home/nickolas/ros2_ws/src/omni_src/build/omni-pi-server/build/lib/pi_comm_server
copying pi_comm_server/planner_stub.py -> /home/nickolas/ros2_ws/src/omni_src/build/omni-pi-server/build/lib/pi_comm_server
copying pi_comm_server/ros2_manager.py -> /home/nickolas/ros2_ws/src/omni_src/build/omni-pi-server/build/lib/pi_comm_server
copying pi_comm_server/server.py -> /home/nickolas/ros2_ws/src/omni_src/build/omni-pi-server/build/lib/pi_comm_server
copying pi_comm_server/test_client.py -> /home/nickolas/ros2_ws/src/omni_src/build/omni-pi-server/build/lib/pi_comm_server
copying pi_comm_server/run_server.py -> /home/nickolas/ros2_ws/src/omni_src/build/omni-pi-server/build/lib/pi_comm_server
copying pi_comm_server/run_test_client.py -> /home/nickolas/ros2_ws/src/omni_src/build/omni-pi-server/build/lib/pi_comm_server
running install
running install_lib
creating /home/nickolas/ros2_ws/src/omni_src/install/omni-pi-server/lib/python3.12/site-packages/pi_comm_server
copying /home/nickolas/ros2_ws/src/omni_src/build/omni-pi-server/build/lib/pi_comm_server/server.py -> /home/nickolas/ros2_ws/src/omni_src/install/omni-pi-server/lib/python3.12/site-packages/pi_comm_server
copying /home/nickolas/ros2_ws/src/omni_src/build/omni-pi-server/build/lib/pi_comm_server/ros2_manager.py -> /home/nickolas/ros2_ws/src/omni_src/install/omni-pi-server/lib/python3.12/site-packages/pi_comm_server
copying /home/nickolas/ros2_ws/src/omni_src/build/omni-pi-server/build/lib/pi_comm_server/test_client.py -> /home/nickolas/ros2_ws/src/omni_src/install/omni-pi-server/lib/python3.12/site-packages/pi_comm_server
copying /home/nickolas/ros2_ws/src/omni_src/build/omni-pi-server/build/lib/pi_comm_server/planner_stub.py -> /home/nickolas/ros2_ws/src/omni_src/install/omni-pi-server/lib/python3.12/site-packages/pi_comm_server
copying /home/nickolas/ros2_ws/src/omni_src/build/omni-pi-server/build/lib/pi_comm_server/run_server.py -> /home/nickolas/ros2_ws/src/omni_src/install/omni-pi-server/lib/python3.12/site-packages/pi_comm_server
copying /home/nickolas/ros2_ws/src/omni_src/build/omni-pi-server/build/lib/pi_comm_server/run_test_client.py -> /home/nickolas/ros2_ws/src/omni_src/install/omni-pi-server/lib/python3.12/site-packages/pi_comm_server
copying /home/nickolas/ros2_ws/src/omni_src/build/omni-pi-server/build/lib/pi_comm_server/__init__.py -> /home/nickolas/ros2_ws/src/omni_src/install/omni-pi-server/lib/python3.12/site-packages/pi_comm_server
copying /home/nickolas/ros2_ws/src/omni_src/build/omni-pi-server/build/lib/pi_comm_server/protocol.py -> /home/nickolas/ros2_ws/src/omni_src/install/omni-pi-server/lib/python3.12/site-packages/pi_comm_server
byte-compiling /home/nickolas/ros2_ws/src/omni_src/install/omni-pi-server/lib/python3.12/site-packages/pi_comm_server/server.py to server.cpython-312.pyc
byte-compiling /home/nickolas/ros2_ws/src/omni_src/install/omni-pi-server/lib/python3.12/site-packages/pi_comm_server/ros2_manager.py to ros2_manager.cpython-312.pyc
byte-compiling /home/nickolas/ros2_ws/src/omni_src/install/omni-pi-server/lib/python3.12/site-packages/pi_comm_server/test_client.py to test_client.cpython-312.pyc
byte-compiling /home/nickolas/ros2_ws/src/omni_src/install/omni-pi-server/lib/python3.12/site-packages/pi_comm_server/planner_stub.py to planner_stub.cpython-312.pyc
byte-compiling /home/nickolas/ros2_ws/src/omni_src/install/omni-pi-server/lib/python3.12/site-packages/pi_comm_server/run_server.py to run_server.cpython-312.pyc
byte-compiling /home/nickolas/ros2_ws/src/omni_src/install/omni-pi-server/lib/python3.12/site-packages/pi_comm_server/run_test_client.py to run_test_client.cpython-312.pyc
byte-compiling /home/nickolas/ros2_ws/src/omni_src/install/omni-pi-server/lib/python3.12/site-packages/pi_comm_server/__init__.py to __init__.cpython-312.pyc
byte-compiling /home/nickolas/ros2_ws/src/omni_src/install/omni-pi-server/lib/python3.12/site-packages/pi_comm_server/protocol.py to protocol.cpython-312.pyc
running install_egg_info
Copying build/omni-pi-server/omni_pi_server.egg-info to /home/nickolas/ros2_ws/src/omni_src/install/omni-pi-server/lib/python3.12/site-packages/omni_pi_server-1.0.0-py3.12.egg-info
running install_scripts
Installing omni-server script to /home/nickolas/ros2_ws/src/omni_src/install/omni-pi-server/bin
Installing omni-test-client script to /home/nickolas/ros2_ws/src/omni_src/install/omni-pi-server/bin
writing list of installed files to '/home/nickolas/ros2_ws/src/omni_src/build/omni-pi-server/install.log'
