[1.246s] Invoking command in '/home/nickolas/ros2_ws/src/omni_src': DEBUGINFOD_URLS=https://debuginfod.ubuntu.com PYTHONPATH=/home/nickolas/ros2_ws/src/omni_src/build/omni-pi-server/prefix_override:/usr/lib/python3/dist-packages/colcon_core/task/python/colcon_distutils_commands:/home/nickolas/ros2_ws/src/omni_src/install/omni-pi-server/lib/python3.12/site-packages:${PYTHONPATH} /usr/bin/python3 -W ignore:setup.py install is deprecated -W ignore:easy_install command is deprecated setup.py egg_info --egg-base build/omni-pi-server build --build-base /home/nickolas/ros2_ws/src/omni_src/build/omni-pi-server/build install --record /home/nickolas/ros2_ws/src/omni_src/build/omni-pi-server/install.log --single-version-externally-managed
[1.589s] running egg_info
[1.617s] writing build/omni-pi-server/omni_pi_server.egg-info/PKG-INFO
[1.617s] writing dependency_links to build/omni-pi-server/omni_pi_server.egg-info/dependency_links.txt
[1.620s] writing entry points to build/omni-pi-server/omni_pi_server.egg-info/entry_points.txt
[1.621s] writing top-level names to build/omni-pi-server/omni_pi_server.egg-info/top_level.txt
[1.678s] reading manifest file 'build/omni-pi-server/omni_pi_server.egg-info/SOURCES.txt'
[1.679s] writing manifest file 'build/omni-pi-server/omni_pi_server.egg-info/SOURCES.txt'
[1.679s] running build
[1.679s] running build_py
[1.680s] copying pi_comm_server/udp_server.py -> /home/nickolas/ros2_ws/src/omni_src/build/omni-pi-server/build/lib/pi_comm_server
[1.680s] copying pi_comm_server/run_udp_server.py -> /home/nickolas/ros2_ws/src/omni_src/build/omni-pi-server/build/lib/pi_comm_server
[1.681s] running install
[1.691s] running install_lib
[1.719s] copying /home/nickolas/ros2_ws/src/omni_src/build/omni-pi-server/build/lib/pi_comm_server/udp_server.py -> /home/nickolas/ros2_ws/src/omni_src/install/omni-pi-server/lib/python3.12/site-packages/pi_comm_server
[1.719s] copying /home/nickolas/ros2_ws/src/omni_src/build/omni-pi-server/build/lib/pi_comm_server/run_udp_server.py -> /home/nickolas/ros2_ws/src/omni_src/install/omni-pi-server/lib/python3.12/site-packages/pi_comm_server
[1.720s] byte-compiling /home/nickolas/ros2_ws/src/omni_src/install/omni-pi-server/lib/python3.12/site-packages/pi_comm_server/udp_server.py to udp_server.cpython-312.pyc
[1.733s] byte-compiling /home/nickolas/ros2_ws/src/omni_src/install/omni-pi-server/lib/python3.12/site-packages/pi_comm_server/run_udp_server.py to run_udp_server.cpython-312.pyc
[1.735s] running install_egg_info
[1.765s] removing '/home/nickolas/ros2_ws/src/omni_src/install/omni-pi-server/lib/python3.12/site-packages/omni_pi_server-1.0.0-py3.12.egg-info' (and everything under it)
[1.765s] Copying build/omni-pi-server/omni_pi_server.egg-info to /home/nickolas/ros2_ws/src/omni_src/install/omni-pi-server/lib/python3.12/site-packages/omni_pi_server-1.0.0-py3.12.egg-info
[1.766s] running install_scripts
[1.954s] Installing omni-test-client script to /home/nickolas/ros2_ws/src/omni_src/install/omni-pi-server/bin
[1.954s] Installing omni-udp-server script to /home/nickolas/ros2_ws/src/omni_src/install/omni-pi-server/bin
[1.956s] writing list of installed files to '/home/nickolas/ros2_ws/src/omni_src/build/omni-pi-server/install.log'
[2.033s] Invoked command in '/home/nickolas/ros2_ws/src/omni_src' returned '0': DEBUGINFOD_URLS=https://debuginfod.ubuntu.com PYTHONPATH=/home/nickolas/ros2_ws/src/omni_src/build/omni-pi-server/prefix_override:/usr/lib/python3/dist-packages/colcon_core/task/python/colcon_distutils_commands:/home/nickolas/ros2_ws/src/omni_src/install/omni-pi-server/lib/python3.12/site-packages:${PYTHONPATH} /usr/bin/python3 -W ignore:setup.py install is deprecated -W ignore:easy_install command is deprecated setup.py egg_info --egg-base build/omni-pi-server build --build-base /home/nickolas/ros2_ws/src/omni_src/build/omni-pi-server/build install --record /home/nickolas/ros2_ws/src/omni_src/build/omni-pi-server/install.log --single-version-externally-managed
