[4.866s] Invoking command in '/home/nickolas/ros2_ws/src/omni_src/omni_traj/build/omni_traj': DEBUGINFOD_URLS=https://debuginfod.ubuntu.com PYTHONPATH=/home/nickolas/ros2_ws/src/omni_src/omni_traj/build/omni_traj/prefix_override:/usr/lib/python3/dist-packages/colcon_core/task/python/colcon_distutils_commands:/home/nickolas/ros2_ws/src/omni_src/omni_traj/install/omni_traj/lib/python3.12/site-packages:${PYTHONPATH} /usr/bin/python3 -W ignore:setup.py install is deprecated -W ignore:easy_install command is deprecated setup.py develop --editable --build-directory /home/nickolas/ros2_ws/src/omni_src/omni_traj/build/omni_traj/build --no-deps symlink_data
[5.595s] running develop
[5.977s] running egg_info
[5.977s] creating omni_traj.egg-info
[6.011s] writing omni_traj.egg-info/PKG-INFO
[6.011s] writing dependency_links to omni_traj.egg-info/dependency_links.txt
[6.011s] writing entry points to omni_traj.egg-info/entry_points.txt
[6.012s] writing requirements to omni_traj.egg-info/requires.txt
[6.012s] writing top-level names to omni_traj.egg-info/top_level.txt
[6.012s] writing manifest file 'omni_traj.egg-info/SOURCES.txt'
[6.117s] reading manifest file 'omni_traj.egg-info/SOURCES.txt'
[6.118s] writing manifest file 'omni_traj.egg-info/SOURCES.txt'
[6.809s] running build_ext
[6.810s] Creating /home/nickolas/ros2_ws/src/omni_src/omni_traj/install/omni_traj/lib/python3.12/site-packages/omni-traj.egg-link (link to .)
[6.811s] Installing empty_scan_pub script to /home/nickolas/ros2_ws/src/omni_src/omni_traj/install/omni_traj/lib/omni_traj
[6.812s] Installing waypoint_traj script to /home/nickolas/ros2_ws/src/omni_src/omni_traj/install/omni_traj/lib/omni_traj
[6.812s] 
[6.812s] Installed /home/nickolas/ros2_ws/src/omni_src/omni_traj/build/omni_traj
[6.813s] running symlink_data
[6.813s] creating /home/nickolas/ros2_ws/src/omni_src/omni_traj/install/omni_traj/share/ament_index
[6.813s] creating /home/nickolas/ros2_ws/src/omni_src/omni_traj/install/omni_traj/share/ament_index/resource_index
[6.813s] creating /home/nickolas/ros2_ws/src/omni_src/omni_traj/install/omni_traj/share/ament_index/resource_index/packages
[6.814s] symbolically linking /home/nickolas/ros2_ws/src/omni_src/omni_traj/build/omni_traj/resource/omni_traj -> /home/nickolas/ros2_ws/src/omni_src/omni_traj/install/omni_traj/share/ament_index/resource_index/packages
[6.814s] symbolically linking /home/nickolas/ros2_ws/src/omni_src/omni_traj/build/omni_traj/package.xml -> /home/nickolas/ros2_ws/src/omni_src/omni_traj/install/omni_traj/share/omni_traj
[6.815s] creating /home/nickolas/ros2_ws/src/omni_src/omni_traj/install/omni_traj/share/omni_traj/launch
[6.815s] symbolically linking /home/nickolas/ros2_ws/src/omni_src/omni_traj/build/omni_traj/launch/omni_bringup.launch.py -> /home/nickolas/ros2_ws/src/omni_src/omni_traj/install/omni_traj/share/omni_traj/launch
[6.815s] symbolically linking /home/nickolas/ros2_ws/src/omni_src/omni_traj/build/omni_traj/launch/dual_sllidar_with_mock_and_traj.launch.py -> /home/nickolas/ros2_ws/src/omni_src/omni_traj/install/omni_traj/share/omni_traj/launch
[6.815s] creating /home/nickolas/ros2_ws/src/omni_src/omni_traj/install/omni_traj/share/omni_traj/config
[6.815s] symbolically linking /home/nickolas/ros2_ws/src/omni_src/omni_traj/build/omni_traj/config/waypoint_traj.yaml -> /home/nickolas/ros2_ws/src/omni_src/omni_traj/install/omni_traj/share/omni_traj/config
[6.998s] Invoked command in '/home/nickolas/ros2_ws/src/omni_src/omni_traj/build/omni_traj' returned '0': DEBUGINFOD_URLS=https://debuginfod.ubuntu.com PYTHONPATH=/home/nickolas/ros2_ws/src/omni_src/omni_traj/build/omni_traj/prefix_override:/usr/lib/python3/dist-packages/colcon_core/task/python/colcon_distutils_commands:/home/nickolas/ros2_ws/src/omni_src/omni_traj/install/omni_traj/lib/python3.12/site-packages:${PYTHONPATH} /usr/bin/python3 -W ignore:setup.py install is deprecated -W ignore:easy_install command is deprecated setup.py develop --editable --build-directory /home/nickolas/ros2_ws/src/omni_src/omni_traj/build/omni_traj/build --no-deps symlink_data
