[1.876s] DEBUG:colcon:Command line arguments: ['/usr/bin/colcon', 'build', '--packages-select', 'omni_traj']
[1.876s] DEBUG:colcon:Parsed command line arguments: Namespace(log_base=None, log_level=None, verb_name='build', build_base='build', install_base='install', merge_install=False, symlink_install=False, test_result_base=None, continue_on_error=False, executor='parallel', parallel_workers=4, event_handlers=None, ignore_user_meta=False, metas=['./colcon.meta'], base_paths=['.'], packages_ignore=None, packages_ignore_regex=None, paths=None, packages_up_to=None, packages_up_to_regex=None, packages_above=None, packages_above_and_dependencies=None, packages_above_depth=None, packages_select_by_dep=None, packages_skip_by_dep=None, packages_skip_up_to=None, packages_select_build_failed=False, packages_skip_build_finished=False, packages_select_test_failures=False, packages_skip_test_passed=False, packages_select=['omni_traj'], packages_skip=None, packages_select_regex=None, packages_skip_regex=None, packages_start=None, packages_end=None, allow_overriding=[], cmake_args=None, cmake_target=None, cmake_target_skip_unavailable=False, cmake_clean_cache=False, cmake_clean_first=False, cmake_force_configure=False, ament_cmake_args=None, catkin_cmake_args=None, catkin_skip_building_tests=False, mixin_files=None, mixin=None, verb_parser=<colcon_mixin.mixin.mixin_argument.MixinArgumentDecorator object at 0xffffa0848b60>, verb_extension=<colcon_core.verb.build.BuildVerb object at 0xffffa09fd2e0>, main=<bound method BuildVerb.main of <colcon_core.verb.build.BuildVerb object at 0xffffa09fd2e0>>, mixin_verb=('build',))
[2.443s] Level 1:colcon.colcon_core.package_discovery:discover_packages(colcon_meta) check parameters
[2.444s] Level 1:colcon.colcon_core.package_discovery:discover_packages(recursive) check parameters
[2.445s] Level 1:colcon.colcon_core.package_discovery:discover_packages(ignore) check parameters
[2.445s] Level 1:colcon.colcon_core.package_discovery:discover_packages(path) check parameters
[2.445s] Level 1:colcon.colcon_core.package_discovery:discover_packages(colcon_meta) discover
[2.446s] Level 1:colcon.colcon_core.package_discovery:discover_packages(recursive) discover
[2.446s] INFO:colcon.colcon_core.package_discovery:Crawling recursively for packages in '/home/nickolas/ros2_ws/src/omni_src/omni_traj'
[2.447s] Level 1:colcon.colcon_core.package_identification:_identify(.) by extensions ['ignore', 'ignore_ament_install']
[2.448s] Level 1:colcon.colcon_core.package_identification:_identify(.) by extension 'ignore'
[2.448s] Level 1:colcon.colcon_core.package_identification:_identify(.) by extension 'ignore_ament_install'
[2.449s] Level 1:colcon.colcon_core.package_identification:_identify(.) by extensions ['colcon_pkg']
[2.449s] Level 1:colcon.colcon_core.package_identification:_identify(.) by extension 'colcon_pkg'
[2.449s] Level 1:colcon.colcon_core.package_identification:_identify(.) by extensions ['colcon_meta']
[2.450s] Level 1:colcon.colcon_core.package_identification:_identify(.) by extension 'colcon_meta'
[2.450s] Level 1:colcon.colcon_core.package_identification:_identify(.) by extensions ['ros']
[2.450s] Level 1:colcon.colcon_core.package_identification:_identify(.) by extension 'ros'
[3.107s] DEBUG:colcon.colcon_core.package_identification:Package '.' with type 'ros.ament_python' and name 'omni_traj'
[3.107s] Level 1:colcon.colcon_core.package_discovery:discover_packages(recursive) using defaults
[3.109s] Level 1:colcon.colcon_core.package_discovery:discover_packages(ignore) discover
[3.113s] Level 1:colcon.colcon_core.package_discovery:discover_packages(ignore) using defaults
[3.113s] Level 1:colcon.colcon_core.package_discovery:discover_packages(path) discover
[3.113s] Level 1:colcon.colcon_core.package_discovery:discover_packages(path) using defaults
[3.324s] Level 1:colcon.colcon_core.package_discovery:discover_packages(prefix_path) check parameters
[3.325s] Level 1:colcon.colcon_core.package_discovery:discover_packages(prefix_path) discover
[3.351s] DEBUG:colcon.colcon_installed_package_information.package_discovery:Found 3 installed packages in /home/nickolas/ros2_ws/install
[3.354s] DEBUG:colcon.colcon_installed_package_information.package_discovery:Found 2 installed packages in /home/nickolas/ros2_ws/src/omni_src/install
[3.366s] DEBUG:colcon.colcon_installed_package_information.package_discovery:Found 380 installed packages in /opt/ros/jazzy
[3.387s] Level 1:colcon.colcon_core.package_discovery:discover_packages(prefix_path) using defaults
[3.679s] Level 5:colcon.colcon_core.verb:set package 'omni_traj' build argument 'cmake_args' from command line to 'None'
[3.680s] Level 5:colcon.colcon_core.verb:set package 'omni_traj' build argument 'cmake_target' from command line to 'None'
[3.680s] Level 5:colcon.colcon_core.verb:set package 'omni_traj' build argument 'cmake_target_skip_unavailable' from command line to 'False'
[3.680s] Level 5:colcon.colcon_core.verb:set package 'omni_traj' build argument 'cmake_clean_cache' from command line to 'False'
[3.680s] Level 5:colcon.colcon_core.verb:set package 'omni_traj' build argument 'cmake_clean_first' from command line to 'False'
[3.680s] Level 5:colcon.colcon_core.verb:set package 'omni_traj' build argument 'cmake_force_configure' from command line to 'False'
[3.680s] Level 5:colcon.colcon_core.verb:set package 'omni_traj' build argument 'ament_cmake_args' from command line to 'None'
[3.681s] Level 5:colcon.colcon_core.verb:set package 'omni_traj' build argument 'catkin_cmake_args' from command line to 'None'
[3.681s] Level 5:colcon.colcon_core.verb:set package 'omni_traj' build argument 'catkin_skip_building_tests' from command line to 'False'
[3.681s] DEBUG:colcon.colcon_core.verb:Building package 'omni_traj' with the following arguments: {'ament_cmake_args': None, 'build_base': '/home/nickolas/ros2_ws/src/omni_src/omni_traj/build/omni_traj', 'catkin_cmake_args': None, 'catkin_skip_building_tests': False, 'cmake_args': None, 'cmake_clean_cache': False, 'cmake_clean_first': False, 'cmake_force_configure': False, 'cmake_target': None, 'cmake_target_skip_unavailable': False, 'install_base': '/home/nickolas/ros2_ws/src/omni_src/omni_traj/install/omni_traj', 'merge_install': False, 'path': '/home/nickolas/ros2_ws/src/omni_src/omni_traj', 'symlink_install': False, 'test_result_base': None}
[3.682s] INFO:colcon.colcon_core.executor:Executing jobs using 'parallel' executor
[3.708s] DEBUG:colcon.colcon_parallel_executor.executor.parallel:run_until_complete
[3.739s] INFO:colcon.colcon_ros.task.ament_python.build:Building ROS package in '/home/nickolas/ros2_ws/src/omni_src/omni_traj' with build type 'ament_python'
[3.742s] Level 1:colcon.colcon_core.shell:create_environment_hook('omni_traj', 'ament_prefix_path')
[3.876s] INFO:colcon.colcon_core.plugin_system:Skipping extension 'colcon_core.shell.bat': Not used on non-Windows systems
[3.877s] INFO:colcon.colcon_core.shell:Creating environment hook '/home/nickolas/ros2_ws/src/omni_src/omni_traj/install/omni_traj/share/omni_traj/hook/ament_prefix_path.ps1'
[3.934s] INFO:colcon.colcon_core.shell:Creating environment descriptor '/home/nickolas/ros2_ws/src/omni_src/omni_traj/install/omni_traj/share/omni_traj/hook/ament_prefix_path.dsv'
[3.959s] INFO:colcon.colcon_core.shell:Creating environment hook '/home/nickolas/ros2_ws/src/omni_src/omni_traj/install/omni_traj/share/omni_traj/hook/ament_prefix_path.sh'
[3.963s] INFO:colcon.colcon_core.shell:Skip shell extension 'powershell' for command environment: Not usable outside of PowerShell
[3.963s] DEBUG:colcon.colcon_core.shell:Skip shell extension 'dsv' for command environment
[5.292s] INFO:colcon.colcon_core.task.python.build:Building Python package in '/home/nickolas/ros2_ws/src/omni_src/omni_traj'
[5.293s] INFO:colcon.colcon_core.shell:Skip shell extension 'powershell' for command environment: Not usable outside of PowerShell
[5.293s] DEBUG:colcon.colcon_core.shell:Skip shell extension 'dsv' for command environment
[7.983s] DEBUG:colcon.colcon_core.event_handler.log_command:Invoking command in '/home/nickolas/ros2_ws/src/omni_src/omni_traj': DEBUGINFOD_URLS=https://debuginfod.ubuntu.com PYTHONPATH=/home/nickolas/ros2_ws/src/omni_src/omni_traj/build/omni_traj/prefix_override:/usr/lib/python3/dist-packages/colcon_core/task/python/colcon_distutils_commands:/home/nickolas/ros2_ws/src/omni_src/omni_traj/install/omni_traj/lib/python3.12/site-packages:${PYTHONPATH} /usr/bin/python3 -W ignore:setup.py install is deprecated -W ignore:easy_install command is deprecated setup.py egg_info --egg-base build/omni_traj build --build-base /home/nickolas/ros2_ws/src/omni_src/omni_traj/build/omni_traj/build install --record /home/nickolas/ros2_ws/src/omni_src/omni_traj/build/omni_traj/install.log --single-version-externally-managed install_data
[9.329s] DEBUG:colcon.colcon_core.event_handler.log_command:Invoked command in '/home/nickolas/ros2_ws/src/omni_src/omni_traj' returned '0': DEBUGINFOD_URLS=https://debuginfod.ubuntu.com PYTHONPATH=/home/nickolas/ros2_ws/src/omni_src/omni_traj/build/omni_traj/prefix_override:/usr/lib/python3/dist-packages/colcon_core/task/python/colcon_distutils_commands:/home/nickolas/ros2_ws/src/omni_src/omni_traj/install/omni_traj/lib/python3.12/site-packages:${PYTHONPATH} /usr/bin/python3 -W ignore:setup.py install is deprecated -W ignore:easy_install command is deprecated setup.py egg_info --egg-base build/omni_traj build --build-base /home/nickolas/ros2_ws/src/omni_src/omni_traj/build/omni_traj/build install --record /home/nickolas/ros2_ws/src/omni_src/omni_traj/build/omni_traj/install.log --single-version-externally-managed install_data
[9.339s] Level 1:colcon.colcon_core.environment:checking '/home/nickolas/ros2_ws/src/omni_src/omni_traj/install/omni_traj' for CMake module files
[9.340s] Level 1:colcon.colcon_core.environment:checking '/home/nickolas/ros2_ws/src/omni_src/omni_traj/install/omni_traj' for CMake config files
[9.342s] Level 1:colcon.colcon_core.environment:checking '/home/nickolas/ros2_ws/src/omni_src/omni_traj/install/omni_traj/lib'
[9.343s] Level 1:colcon.colcon_core.environment:checking '/home/nickolas/ros2_ws/src/omni_src/omni_traj/install/omni_traj/bin'
[9.344s] Level 1:colcon.colcon_core.environment:checking '/home/nickolas/ros2_ws/src/omni_src/omni_traj/install/omni_traj/lib/pkgconfig/omni_traj.pc'
[9.345s] Level 1:colcon.colcon_core.environment:checking '/home/nickolas/ros2_ws/src/omni_src/omni_traj/install/omni_traj/lib/python3.12/site-packages'
[9.345s] Level 1:colcon.colcon_core.shell:create_environment_hook('omni_traj', 'pythonpath')
[9.346s] INFO:colcon.colcon_core.shell:Creating environment hook '/home/nickolas/ros2_ws/src/omni_src/omni_traj/install/omni_traj/share/omni_traj/hook/pythonpath.ps1'
[9.348s] INFO:colcon.colcon_core.shell:Creating environment descriptor '/home/nickolas/ros2_ws/src/omni_src/omni_traj/install/omni_traj/share/omni_traj/hook/pythonpath.dsv'
[9.351s] INFO:colcon.colcon_core.shell:Creating environment hook '/home/nickolas/ros2_ws/src/omni_src/omni_traj/install/omni_traj/share/omni_traj/hook/pythonpath.sh'
[9.353s] Level 1:colcon.colcon_core.environment:checking '/home/nickolas/ros2_ws/src/omni_src/omni_traj/install/omni_traj/bin'
[9.353s] Level 1:colcon.colcon_core.environment:create_environment_scripts_only(omni_traj)
[9.353s] INFO:colcon.colcon_core.shell:Creating package script '/home/nickolas/ros2_ws/src/omni_src/omni_traj/install/omni_traj/share/omni_traj/package.ps1'
[9.355s] INFO:colcon.colcon_core.shell:Creating package descriptor '/home/nickolas/ros2_ws/src/omni_src/omni_traj/install/omni_traj/share/omni_traj/package.dsv'
[9.357s] INFO:colcon.colcon_core.shell:Creating package script '/home/nickolas/ros2_ws/src/omni_src/omni_traj/install/omni_traj/share/omni_traj/package.sh'
[9.360s] INFO:colcon.colcon_core.shell:Creating package script '/home/nickolas/ros2_ws/src/omni_src/omni_traj/install/omni_traj/share/omni_traj/package.bash'
[9.363s] INFO:colcon.colcon_core.shell:Creating package script '/home/nickolas/ros2_ws/src/omni_src/omni_traj/install/omni_traj/share/omni_traj/package.zsh'
[9.366s] Level 1:colcon.colcon_core.environment:create_file_with_runtime_dependencies(/home/nickolas/ros2_ws/src/omni_src/omni_traj/install/omni_traj/share/colcon-core/packages/omni_traj)
[9.368s] DEBUG:colcon.colcon_parallel_executor.executor.parallel:closing loop
[9.368s] DEBUG:colcon.colcon_parallel_executor.executor.parallel:loop closed
[9.369s] DEBUG:colcon.colcon_parallel_executor.executor.parallel:run_until_complete finished with '0'
[9.369s] DEBUG:colcon.colcon_core.event_reactor:joining thread
[9.392s] INFO:colcon.colcon_core.plugin_system:Skipping extension 'colcon_notification.desktop_notification.terminal_notifier': Not used on non-Darwin systems
[9.393s] INFO:colcon.colcon_core.plugin_system:Skipping extension 'colcon_notification.desktop_notification.win32': Not used on non-Windows systems
[9.393s] INFO:colcon.colcon_notification.desktop_notification:Sending desktop notification using 'notify2'
[9.658s] DEBUG:colcon.colcon_core.event_reactor:joined thread
[9.658s] INFO:colcon.colcon_core.shell:Creating prefix script '/home/nickolas/ros2_ws/src/omni_src/omni_traj/install/local_setup.ps1'
[9.660s] INFO:colcon.colcon_core.shell:Creating prefix util module '/home/nickolas/ros2_ws/src/omni_src/omni_traj/install/_local_setup_util_ps1.py'
[9.668s] INFO:colcon.colcon_core.shell:Creating prefix chain script '/home/nickolas/ros2_ws/src/omni_src/omni_traj/install/setup.ps1'
[9.672s] INFO:colcon.colcon_core.shell:Creating prefix script '/home/nickolas/ros2_ws/src/omni_src/omni_traj/install/local_setup.sh'
[9.681s] INFO:colcon.colcon_core.shell:Creating prefix util module '/home/nickolas/ros2_ws/src/omni_src/omni_traj/install/_local_setup_util_sh.py'
[9.683s] INFO:colcon.colcon_core.shell:Creating prefix chain script '/home/nickolas/ros2_ws/src/omni_src/omni_traj/install/setup.sh'
[9.687s] INFO:colcon.colcon_core.shell:Creating prefix script '/home/nickolas/ros2_ws/src/omni_src/omni_traj/install/local_setup.bash'
[9.690s] INFO:colcon.colcon_core.shell:Creating prefix chain script '/home/nickolas/ros2_ws/src/omni_src/omni_traj/install/setup.bash'
[9.693s] INFO:colcon.colcon_core.shell:Creating prefix script '/home/nickolas/ros2_ws/src/omni_src/omni_traj/install/local_setup.zsh'
[9.698s] INFO:colcon.colcon_core.shell:Creating prefix chain script '/home/nickolas/ros2_ws/src/omni_src/omni_traj/install/setup.zsh'
