[2.113s] Invoking command in '/home/nickolas/ros2_ws/build/omni_traj': DEBUGINFOD_URLS=https://debuginfod.ubuntu.com PYTHONPATH=/home/nickolas/ros2_ws/build/omni_traj/prefix_override:/usr/lib/python3/dist-packages/colcon_core/task/python/colcon_distutils_commands:/home/nickolas/ros2_ws/install/omni_traj/lib/python3.12/site-packages:${PYTHONPATH} /usr/bin/python3 -W ignore:setup.py install is deprecated -W ignore:easy_install command is deprecated setup.py develop --editable --build-directory /home/nickolas/ros2_ws/build/omni_traj/build --no-deps symlink_data
[2.904s] running develop
[3.347s] running egg_info
[3.388s] writing omni_traj.egg-info/PKG-INFO
[3.390s] writing dependency_links to omni_traj.egg-info/dependency_links.txt
[3.392s] writing entry points to omni_traj.egg-info/entry_points.txt
[3.392s] writing requirements to omni_traj.egg-info/requires.txt
[3.393s] writing top-level names to omni_traj.egg-info/top_level.txt
[3.485s] reading manifest file 'omni_traj.egg-info/SOURCES.txt'
[3.486s] writing manifest file 'omni_traj.egg-info/SOURCES.txt'
[3.531s] running build_ext
[3.531s] Creating /home/nickolas/ros2_ws/install/omni_traj/lib/python3.12/site-packages/omni-traj.egg-link (link to .)
[3.533s] Installing empty_scan_pub script to /home/nickolas/ros2_ws/install/omni_traj/lib/omni_traj
[3.533s] Installing lidar_watchdog script to /home/nickolas/ros2_ws/install/omni_traj/lib/omni_traj
[3.534s] Installing map_odom_startup_fallback script to /home/nickolas/ros2_ws/install/omni_traj/lib/omni_traj
[3.534s] Installing waypoint_traj script to /home/nickolas/ros2_ws/install/omni_traj/lib/omni_traj
[3.534s] 
[3.534s] Installed /home/nickolas/ros2_ws/build/omni_traj
[3.534s] running symlink_data
[3.738s] Invoked command in '/home/nickolas/ros2_ws/build/omni_traj' returned '0': DEBUGINFOD_URLS=https://debuginfod.ubuntu.com PYTHONPATH=/home/nickolas/ros2_ws/build/omni_traj/prefix_override:/usr/lib/python3/dist-packages/colcon_core/task/python/colcon_distutils_commands:/home/nickolas/ros2_ws/install/omni_traj/lib/python3.12/site-packages:${PYTHONPATH} /usr/bin/python3 -W ignore:setup.py install is deprecated -W ignore:easy_install command is deprecated setup.py develop --editable --build-directory /home/nickolas/ros2_ws/build/omni_traj/build --no-deps symlink_data
