[2.251s] Invoking command in '/home/nickolas/ros2_ws/build/omni_traj': DEBUGINFOD_URLS=https://debuginfod.ubuntu.com PYTHONPATH=/home/nickolas/ros2_ws/build/omni_traj/prefix_override:/usr/lib/python3/dist-packages/colcon_core/task/python/colcon_distutils_commands:/home/nickolas/ros2_ws/install/omni_traj/lib/python3.12/site-packages:${PYTHONPATH} /usr/bin/python3 -W ignore:setup.py install is deprecated -W ignore:easy_install command is deprecated setup.py develop --editable --build-directory /home/nickolas/ros2_ws/build/omni_traj/build --no-deps symlink_data --force
[2.879s] running develop
[3.243s] running egg_info
[3.283s] writing omni_traj.egg-info/PKG-INFO
[3.284s] writing dependency_links to omni_traj.egg-info/dependency_links.txt
[3.290s] writing entry points to omni_traj.egg-info/entry_points.txt
[3.290s] writing requirements to omni_traj.egg-info/requires.txt
[3.291s] writing top-level names to omni_traj.egg-info/top_level.txt
[3.356s] reading manifest file 'omni_traj.egg-info/SOURCES.txt'
[3.358s] writing manifest file 'omni_traj.egg-info/SOURCES.txt'
[3.390s] running build_ext
[3.390s] Creating /home/nickolas/ros2_ws/install/omni_traj/lib/python3.12/site-packages/omni-traj.egg-link (link to .)
[3.391s] Installing empty_scan_pub script to /home/nickolas/ros2_ws/install/omni_traj/lib/omni_traj
[3.391s] Installing lidar_watchdog script to /home/nickolas/ros2_ws/install/omni_traj/lib/omni_traj
[3.391s] Installing map_odom_startup_fallback script to /home/nickolas/ros2_ws/install/omni_traj/lib/omni_traj
[3.391s] Installing waypoint_traj script to /home/nickolas/ros2_ws/install/omni_traj/lib/omni_traj
[3.392s] 
[3.392s] Installed /home/nickolas/ros2_ws/build/omni_traj
[3.392s] running symlink_data
[3.392s] symbolically linking /home/nickolas/ros2_ws/build/omni_traj/resource/omni_traj -> /home/nickolas/ros2_ws/install/omni_traj/share/ament_index/resource_index/packages
[3.392s] symbolically linking /home/nickolas/ros2_ws/build/omni_traj/package.xml -> /home/nickolas/ros2_ws/install/omni_traj/share/omni_traj
[3.392s] symbolically linking /home/nickolas/ros2_ws/build/omni_traj/launch/omni_bringup.launch.py -> /home/nickolas/ros2_ws/install/omni_traj/share/omni_traj/launch
[3.393s] symbolically linking /home/nickolas/ros2_ws/build/omni_traj/launch/dual_sllidar_with_mock_and_traj.launch.py -> /home/nickolas/ros2_ws/install/omni_traj/share/omni_traj/launch
[3.393s] symbolically linking /home/nickolas/ros2_ws/build/omni_traj/config/slam_toolbox_online_async.yaml -> /home/nickolas/ros2_ws/install/omni_traj/share/omni_traj/config
[3.393s] symbolically linking /home/nickolas/ros2_ws/build/omni_traj/config/waypoint_traj.yaml -> /home/nickolas/ros2_ws/install/omni_traj/share/omni_traj/config
[3.393s] symbolically linking /home/nickolas/ros2_ws/build/omni_traj/config/amcl_localization.yaml -> /home/nickolas/ros2_ws/install/omni_traj/share/omni_traj/config
[3.568s] Invoked command in '/home/nickolas/ros2_ws/build/omni_traj' returned '0': DEBUGINFOD_URLS=https://debuginfod.ubuntu.com PYTHONPATH=/home/nickolas/ros2_ws/build/omni_traj/prefix_override:/usr/lib/python3/dist-packages/colcon_core/task/python/colcon_distutils_commands:/home/nickolas/ros2_ws/install/omni_traj/lib/python3.12/site-packages:${PYTHONPATH} /usr/bin/python3 -W ignore:setup.py install is deprecated -W ignore:easy_install command is deprecated setup.py develop --editable --build-directory /home/nickolas/ros2_ws/build/omni_traj/build --no-deps symlink_data --force
