[1.960s] Invoking command in '/home/nickolas/ros2_ws/src/omni_src': DEBUGINFOD_URLS=https://debuginfod.ubuntu.com PYTHONPATH=/home/nickolas/ros2_ws/src/omni_src/build/omni-pi-server/prefix_override:/usr/lib/python3/dist-packages/colcon_core/task/python/colcon_distutils_commands:/home/nickolas/ros2_ws/src/omni_src/install/omni-pi-server/lib/python3.12/site-packages:${PYTHONPATH} /usr/bin/python3 -W ignore:setup.py install is deprecated -W ignore:easy_install command is deprecated setup.py egg_info --egg-base build/omni-pi-server build --build-base /home/nickolas/ros2_ws/src/omni_src/build/omni-pi-server/build install --record /home/nickolas/ros2_ws/src/omni_src/build/omni-pi-server/install.log --single-version-externally-managed
[2.508s] running egg_info
[2.509s] creating build/omni-pi-server/omni_pi_server.egg-info
[2.547s] writing build/omni-pi-server/omni_pi_server.egg-info/PKG-INFO
[2.551s] writing dependency_links to build/omni-pi-server/omni_pi_server.egg-info/dependency_links.txt
[2.552s] writing entry points to build/omni-pi-server/omni_pi_server.egg-info/entry_points.txt
[2.552s] writing top-level names to build/omni-pi-server/omni_pi_server.egg-info/top_level.txt
[2.552s] writing manifest file 'build/omni-pi-server/omni_pi_server.egg-info/SOURCES.txt'
[2.628s] reading manifest file 'build/omni-pi-server/omni_pi_server.egg-info/SOURCES.txt'
[2.629s] writing manifest file 'build/omni-pi-server/omni_pi_server.egg-info/SOURCES.txt'
[2.630s] running build
[2.630s] running build_py
[2.630s] creating /home/nickolas/ros2_ws/src/omni_src/build/omni-pi-server/build
[2.630s] creating /home/nickolas/ros2_ws/src/omni_src/build/omni-pi-server/build/lib
[2.630s] creating /home/nickolas/ros2_ws/src/omni_src/build/omni-pi-server/build/lib/pi_comm_server
[2.631s] copying pi_comm_server/__init__.py -> /home/nickolas/ros2_ws/src/omni_src/build/omni-pi-server/build/lib/pi_comm_server
[2.631s] copying pi_comm_server/protocol.py -> /home/nickolas/ros2_ws/src/omni_src/build/omni-pi-server/build/lib/pi_comm_server
[2.631s] copying pi_comm_server/planner_stub.py -> /home/nickolas/ros2_ws/src/omni_src/build/omni-pi-server/build/lib/pi_comm_server
[2.631s] copying pi_comm_server/ros2_manager.py -> /home/nickolas/ros2_ws/src/omni_src/build/omni-pi-server/build/lib/pi_comm_server
[2.632s] copying pi_comm_server/udp_server.py -> /home/nickolas/ros2_ws/src/omni_src/build/omni-pi-server/build/lib/pi_comm_server
[2.633s] copying pi_comm_server/run_udp_server.py -> /home/nickolas/ros2_ws/src/omni_src/build/omni-pi-server/build/lib/pi_comm_server
[2.634s] copying pi_comm_server/test_client.py -> /home/nickolas/ros2_ws/src/omni_src/build/omni-pi-server/build/lib/pi_comm_server
[2.634s] copying pi_comm_server/test_simple_server.py -> /home/nickolas/ros2_ws/src/omni_src/build/omni-pi-server/build/lib/pi_comm_server
[2.634s] copying pi_comm_server/virtual_stm32_udp.py -> /home/nickolas/ros2_ws/src/omni_src/build/omni-pi-server/build/lib/pi_comm_server
[2.634s] copying pi_comm_server/run_test_client.py -> /home/nickolas/ros2_ws/src/omni_src/build/omni-pi-server/build/lib/pi_comm_server
[2.634s] copying pi_comm_server/demo_udp_client.py -> /home/nickolas/ros2_ws/src/omni_src/build/omni-pi-server/build/lib/pi_comm_server
[2.635s] copying pi_comm_server/ros2_pose_node.py -> /home/nickolas/ros2_ws/src/omni_src/build/omni-pi-server/build/lib/pi_comm_server
[2.635s] copying pi_comm_server/ros2_trajectory_node.py -> /home/nickolas/ros2_ws/src/omni_src/build/omni-pi-server/build/lib/pi_comm_server
[2.635s] copying pi_comm_server/test_stm32_client.py -> /home/nickolas/ros2_ws/src/omni_src/build/omni-pi-server/build/lib/pi_comm_server
[2.636s] running install
[2.648s] running install_lib
[2.696s] creating /home/nickolas/ros2_ws/src/omni_src/install/omni-pi-server/lib/python3.12/site-packages/pi_comm_server
[2.696s] copying /home/nickolas/ros2_ws/src/omni_src/build/omni-pi-server/build/lib/pi_comm_server/test_simple_server.py -> /home/nickolas/ros2_ws/src/omni_src/install/omni-pi-server/lib/python3.12/site-packages/pi_comm_server
[2.698s] copying /home/nickolas/ros2_ws/src/omni_src/build/omni-pi-server/build/lib/pi_comm_server/ros2_manager.py -> /home/nickolas/ros2_ws/src/omni_src/install/omni-pi-server/lib/python3.12/site-packages/pi_comm_server
[2.698s] copying /home/nickolas/ros2_ws/src/omni_src/build/omni-pi-server/build/lib/pi_comm_server/test_client.py -> /home/nickolas/ros2_ws/src/omni_src/install/omni-pi-server/lib/python3.12/site-packages/pi_comm_server
[2.699s] copying /home/nickolas/ros2_ws/src/omni_src/build/omni-pi-server/build/lib/pi_comm_server/virtual_stm32_udp.py -> /home/nickolas/ros2_ws/src/omni_src/install/omni-pi-server/lib/python3.12/site-packages/pi_comm_server
[2.699s] copying /home/nickolas/ros2_ws/src/omni_src/build/omni-pi-server/build/lib/pi_comm_server/planner_stub.py -> /home/nickolas/ros2_ws/src/omni_src/install/omni-pi-server/lib/python3.12/site-packages/pi_comm_server
[2.701s] copying /home/nickolas/ros2_ws/src/omni_src/build/omni-pi-server/build/lib/pi_comm_server/udp_server.py -> /home/nickolas/ros2_ws/src/omni_src/install/omni-pi-server/lib/python3.12/site-packages/pi_comm_server
[2.701s] copying /home/nickolas/ros2_ws/src/omni_src/build/omni-pi-server/build/lib/pi_comm_server/run_test_client.py -> /home/nickolas/ros2_ws/src/omni_src/install/omni-pi-server/lib/python3.12/site-packages/pi_comm_server
[2.701s] copying /home/nickolas/ros2_ws/src/omni_src/build/omni-pi-server/build/lib/pi_comm_server/__init__.py -> /home/nickolas/ros2_ws/src/omni_src/install/omni-pi-server/lib/python3.12/site-packages/pi_comm_server
[2.701s] copying /home/nickolas/ros2_ws/src/omni_src/build/omni-pi-server/build/lib/pi_comm_server/demo_udp_client.py -> /home/nickolas/ros2_ws/src/omni_src/install/omni-pi-server/lib/python3.12/site-packages/pi_comm_server
[2.701s] copying /home/nickolas/ros2_ws/src/omni_src/build/omni-pi-server/build/lib/pi_comm_server/run_udp_server.py -> /home/nickolas/ros2_ws/src/omni_src/install/omni-pi-server/lib/python3.12/site-packages/pi_comm_server
[2.702s] copying /home/nickolas/ros2_ws/src/omni_src/build/omni-pi-server/build/lib/pi_comm_server/ros2_pose_node.py -> /home/nickolas/ros2_ws/src/omni_src/install/omni-pi-server/lib/python3.12/site-packages/pi_comm_server
[2.702s] copying /home/nickolas/ros2_ws/src/omni_src/build/omni-pi-server/build/lib/pi_comm_server/ros2_trajectory_node.py -> /home/nickolas/ros2_ws/src/omni_src/install/omni-pi-server/lib/python3.12/site-packages/pi_comm_server
[2.702s] copying /home/nickolas/ros2_ws/src/omni_src/build/omni-pi-server/build/lib/pi_comm_server/test_stm32_client.py -> /home/nickolas/ros2_ws/src/omni_src/install/omni-pi-server/lib/python3.12/site-packages/pi_comm_server
[2.702s] copying /home/nickolas/ros2_ws/src/omni_src/build/omni-pi-server/build/lib/pi_comm_server/protocol.py -> /home/nickolas/ros2_ws/src/omni_src/install/omni-pi-server/lib/python3.12/site-packages/pi_comm_server
[2.705s] byte-compiling /home/nickolas/ros2_ws/src/omni_src/install/omni-pi-server/lib/python3.12/site-packages/pi_comm_server/test_simple_server.py to test_simple_server.cpython-312.pyc
[2.705s] byte-compiling /home/nickolas/ros2_ws/src/omni_src/install/omni-pi-server/lib/python3.12/site-packages/pi_comm_server/ros2_manager.py to ros2_manager.cpython-312.pyc
[2.708s] byte-compiling /home/nickolas/ros2_ws/src/omni_src/install/omni-pi-server/lib/python3.12/site-packages/pi_comm_server/test_client.py to test_client.cpython-312.pyc
[2.718s] byte-compiling /home/nickolas/ros2_ws/src/omni_src/install/omni-pi-server/lib/python3.12/site-packages/pi_comm_server/virtual_stm32_udp.py to virtual_stm32_udp.cpython-312.pyc
[2.731s] byte-compiling /home/nickolas/ros2_ws/src/omni_src/install/omni-pi-server/lib/python3.12/site-packages/pi_comm_server/planner_stub.py to planner_stub.cpython-312.pyc
[2.731s] byte-compiling /home/nickolas/ros2_ws/src/omni_src/install/omni-pi-server/lib/python3.12/site-packages/pi_comm_server/udp_server.py to udp_server.cpython-312.pyc
[2.746s] byte-compiling /home/nickolas/ros2_ws/src/omni_src/install/omni-pi-server/lib/python3.12/site-packages/pi_comm_server/run_test_client.py to run_test_client.cpython-312.pyc
[2.746s] byte-compiling /home/nickolas/ros2_ws/src/omni_src/install/omni-pi-server/lib/python3.12/site-packages/pi_comm_server/__init__.py to __init__.cpython-312.pyc
[2.746s] byte-compiling /home/nickolas/ros2_ws/src/omni_src/install/omni-pi-server/lib/python3.12/site-packages/pi_comm_server/demo_udp_client.py to demo_udp_client.cpython-312.pyc
[2.749s] byte-compiling /home/nickolas/ros2_ws/src/omni_src/install/omni-pi-server/lib/python3.12/site-packages/pi_comm_server/run_udp_server.py to run_udp_server.cpython-312.pyc
[2.749s] byte-compiling /home/nickolas/ros2_ws/src/omni_src/install/omni-pi-server/lib/python3.12/site-packages/pi_comm_server/ros2_pose_node.py to ros2_pose_node.cpython-312.pyc
[2.752s] byte-compiling /home/nickolas/ros2_ws/src/omni_src/install/omni-pi-server/lib/python3.12/site-packages/pi_comm_server/ros2_trajectory_node.py to ros2_trajectory_node.cpython-312.pyc
[2.758s] byte-compiling /home/nickolas/ros2_ws/src/omni_src/install/omni-pi-server/lib/python3.12/site-packages/pi_comm_server/test_stm32_client.py to test_stm32_client.cpython-312.pyc
[2.764s] byte-compiling /home/nickolas/ros2_ws/src/omni_src/install/omni-pi-server/lib/python3.12/site-packages/pi_comm_server/protocol.py to protocol.cpython-312.pyc
[2.768s] running install_egg_info
[2.807s] Copying build/omni-pi-server/omni_pi_server.egg-info to /home/nickolas/ros2_ws/src/omni_src/install/omni-pi-server/lib/python3.12/site-packages/omni_pi_server-1.0.0-py3.12.egg-info
[2.808s] running install_scripts
[3.139s] Installing omni-test-client script to /home/nickolas/ros2_ws/src/omni_src/install/omni-pi-server/bin
[3.140s] Installing omni-udp-server script to /home/nickolas/ros2_ws/src/omni_src/install/omni-pi-server/bin
[3.140s] writing list of installed files to '/home/nickolas/ros2_ws/src/omni_src/build/omni-pi-server/install.log'
[3.315s] Invoked command in '/home/nickolas/ros2_ws/src/omni_src' returned '0': DEBUGINFOD_URLS=https://debuginfod.ubuntu.com PYTHONPATH=/home/nickolas/ros2_ws/src/omni_src/build/omni-pi-server/prefix_override:/usr/lib/python3/dist-packages/colcon_core/task/python/colcon_distutils_commands:/home/nickolas/ros2_ws/src/omni_src/install/omni-pi-server/lib/python3.12/site-packages:${PYTHONPATH} /usr/bin/python3 -W ignore:setup.py install is deprecated -W ignore:easy_install command is deprecated setup.py egg_info --egg-base build/omni-pi-server build --build-base /home/nickolas/ros2_ws/src/omni_src/build/omni-pi-server/build install --record /home/nickolas/ros2_ws/src/omni_src/build/omni-pi-server/install.log --single-version-externally-managed
