[2.426s] Invoking command in '/home/nickolas/ros2_ws/src/omni_src/omni_traj/build/omni_traj': DEBUGINFOD_URLS=https://debuginfod.ubuntu.com PYTHONPATH=/home/nickolas/ros2_ws/src/omni_src/omni_traj/build/omni_traj/prefix_override:/usr/lib/python3/dist-packages/colcon_core/task/python/colcon_distutils_commands:/home/nickolas/ros2_ws/src/omni_src/omni_traj/install/omni_traj/lib/python3.12/site-packages:${PYTHONPATH} /usr/bin/python3 -W ignore:setup.py install is deprecated -W ignore:easy_install command is deprecated setup.py develop --editable --build-directory /home/nickolas/ros2_ws/src/omni_src/omni_traj/build/omni_traj/build --no-deps symlink_data --force
[3.075s] running develop
[3.452s] running egg_info
[3.486s] writing omni_traj.egg-info/PKG-INFO
[3.487s] writing dependency_links to omni_traj.egg-info/dependency_links.txt
[3.489s] writing entry points to omni_traj.egg-info/entry_points.txt
[3.489s] writing requirements to omni_traj.egg-info/requires.txt
[3.490s] writing top-level names to omni_traj.egg-info/top_level.txt
[3.563s] reading manifest file 'omni_traj.egg-info/SOURCES.txt'
[3.565s] writing manifest file 'omni_traj.egg-info/SOURCES.txt'
[3.599s] running build_ext
[3.601s] Creating /home/nickolas/ros2_ws/src/omni_src/omni_traj/install/omni_traj/lib/python3.12/site-packages/omni-traj.egg-link (link to .)
[3.602s] Installing empty_scan_pub script to /home/nickolas/ros2_ws/src/omni_src/omni_traj/install/omni_traj/lib/omni_traj
[3.603s] Installing lidar_watchdog script to /home/nickolas/ros2_ws/src/omni_src/omni_traj/install/omni_traj/lib/omni_traj
[3.603s] Installing map_odom_startup_fallback script to /home/nickolas/ros2_ws/src/omni_src/omni_traj/install/omni_traj/lib/omni_traj
[3.603s] Installing waypoint_traj script to /home/nickolas/ros2_ws/src/omni_src/omni_traj/install/omni_traj/lib/omni_traj
[3.603s] 
[3.604s] Installed /home/nickolas/ros2_ws/src/omni_src/omni_traj/build/omni_traj
[3.604s] running symlink_data
[3.604s] symbolically linking /home/nickolas/ros2_ws/src/omni_src/omni_traj/build/omni_traj/resource/omni_traj -> /home/nickolas/ros2_ws/src/omni_src/omni_traj/install/omni_traj/share/ament_index/resource_index/packages
[3.604s] symbolically linking /home/nickolas/ros2_ws/src/omni_src/omni_traj/build/omni_traj/package.xml -> /home/nickolas/ros2_ws/src/omni_src/omni_traj/install/omni_traj/share/omni_traj
[3.604s] symbolically linking /home/nickolas/ros2_ws/src/omni_src/omni_traj/build/omni_traj/launch/omni_bringup.launch.py -> /home/nickolas/ros2_ws/src/omni_src/omni_traj/install/omni_traj/share/omni_traj/launch
[3.604s] symbolically linking /home/nickolas/ros2_ws/src/omni_src/omni_traj/build/omni_traj/launch/dual_sllidar_with_mock_and_traj.launch.py -> /home/nickolas/ros2_ws/src/omni_src/omni_traj/install/omni_traj/share/omni_traj/launch
[3.605s] symbolically linking /home/nickolas/ros2_ws/src/omni_src/omni_traj/build/omni_traj/config/slam_toolbox_online_async.yaml -> /home/nickolas/ros2_ws/src/omni_src/omni_traj/install/omni_traj/share/omni_traj/config
[3.605s] symbolically linking /home/nickolas/ros2_ws/src/omni_src/omni_traj/build/omni_traj/config/waypoint_traj.yaml -> /home/nickolas/ros2_ws/src/omni_src/omni_traj/install/omni_traj/share/omni_traj/config
[3.605s] symbolically linking /home/nickolas/ros2_ws/src/omni_src/omni_traj/build/omni_traj/config/amcl_localization.yaml -> /home/nickolas/ros2_ws/src/omni_src/omni_traj/install/omni_traj/share/omni_traj/config
[3.605s] symbolically linking /home/nickolas/ros2_ws/src/omni_src/omni_traj/build/omni_traj/config/nav2_dual_scan_costmaps.yaml -> /home/nickolas/ros2_ws/src/omni_src/omni_traj/install/omni_traj/share/omni_traj/config
[3.605s] symbolically linking /home/nickolas/ros2_ws/src/omni_src/omni_traj/build/omni_traj/rviz/omni_nav.rviz -> /home/nickolas/ros2_ws/src/omni_src/omni_traj/install/omni_traj/share/omni_traj/rviz
[3.771s] Invoked command in '/home/nickolas/ros2_ws/src/omni_src/omni_traj/build/omni_traj' returned '0': DEBUGINFOD_URLS=https://debuginfod.ubuntu.com PYTHONPATH=/home/nickolas/ros2_ws/src/omni_src/omni_traj/build/omni_traj/prefix_override:/usr/lib/python3/dist-packages/colcon_core/task/python/colcon_distutils_commands:/home/nickolas/ros2_ws/src/omni_src/omni_traj/install/omni_traj/lib/python3.12/site-packages:${PYTHONPATH} /usr/bin/python3 -W ignore:setup.py install is deprecated -W ignore:easy_install command is deprecated setup.py develop --editable --build-directory /home/nickolas/ros2_ws/src/omni_src/omni_traj/build/omni_traj/build --no-deps symlink_data --force
