/home/nickolas/ros2_ws/src/omni_src/omni_traj/install/omni_traj/lib/python3.12/site-packages/omni_traj/waypoint_traj_node.py
/home/nickolas/ros2_ws/src/omni_src/omni_traj/install/omni_traj/lib/python3.12/site-packages/omni_traj/empty_scan_pub.py
/home/nickolas/ros2_ws/src/omni_src/omni_traj/install/omni_traj/lib/python3.12/site-packages/omni_traj/__init__.py
/home/nickolas/ros2_ws/src/omni_src/omni_traj/install/omni_traj/lib/python3.12/site-packages/omni_traj/lidar_watchdog.py
/home/nickolas/ros2_ws/src/omni_src/omni_traj/install/omni_traj/lib/python3.12/site-packages/omni_traj/__pycache__/waypoint_traj_node.cpython-312.pyc
/home/nickolas/ros2_ws/src/omni_src/omni_traj/install/omni_traj/lib/python3.12/site-packages/omni_traj/__pycache__/empty_scan_pub.cpython-312.pyc
/home/nickolas/ros2_ws/src/omni_src/omni_traj/install/omni_traj/lib/python3.12/site-packages/omni_traj/__pycache__/__init__.cpython-312.pyc
/home/nickolas/ros2_ws/src/omni_src/omni_traj/install/omni_traj/lib/python3.12/site-packages/omni_traj/__pycache__/lidar_watchdog.cpython-312.pyc
/home/nickolas/ros2_ws/src/omni_src/omni_traj/install/omni_traj/share/ament_index/resource_index/packages/omni_traj
/home/nickolas/ros2_ws/src/omni_src/omni_traj/install/omni_traj/share/omni_traj/package.xml
/home/nickolas/ros2_ws/src/omni_src/omni_traj/install/omni_traj/share/omni_traj/launch/omni_bringup.launch.py
/home/nickolas/ros2_ws/src/omni_src/omni_traj/install/omni_traj/share/omni_traj/launch/dual_sllidar_with_mock_and_traj.launch.py
/home/nickolas/ros2_ws/src/omni_src/omni_traj/install/omni_traj/share/omni_traj/config/slam_toolbox_online_async.yaml
/home/nickolas/ros2_ws/src/omni_src/omni_traj/install/omni_traj/share/omni_traj/config/waypoint_traj.yaml
/home/nickolas/ros2_ws/src/omni_src/omni_traj/install/omni_traj/share/omni_traj/config/amcl_localization.yaml
/home/nickolas/ros2_ws/src/omni_src/omni_traj/install/omni_traj/lib/python3.12/site-packages/omni_traj-0.0.0-py3.12.egg-info/dependency_links.txt
/home/nickolas/ros2_ws/src/omni_src/omni_traj/install/omni_traj/lib/python3.12/site-packages/omni_traj-0.0.0-py3.12.egg-info/PKG-INFO
/home/nickolas/ros2_ws/src/omni_src/omni_traj/install/omni_traj/lib/python3.12/site-packages/omni_traj-0.0.0-py3.12.egg-info/entry_points.txt
/home/nickolas/ros2_ws/src/omni_src/omni_traj/install/omni_traj/lib/python3.12/site-packages/omni_traj-0.0.0-py3.12.egg-info/top_level.txt
/home/nickolas/ros2_ws/src/omni_src/omni_traj/install/omni_traj/lib/python3.12/site-packages/omni_traj-0.0.0-py3.12.egg-info/requires.txt
/home/nickolas/ros2_ws/src/omni_src/omni_traj/install/omni_traj/lib/python3.12/site-packages/omni_traj-0.0.0-py3.12.egg-info/zip-safe
/home/nickolas/ros2_ws/src/omni_src/omni_traj/install/omni_traj/lib/python3.12/site-packages/omni_traj-0.0.0-py3.12.egg-info/SOURCES.txt
/home/nickolas/ros2_ws/src/omni_src/omni_traj/install/omni_traj/lib/omni_traj/empty_scan_pub
/home/nickolas/ros2_ws/src/omni_src/omni_traj/install/omni_traj/lib/omni_traj/lidar_watchdog
/home/nickolas/ros2_ws/src/omni_src/omni_traj/install/omni_traj/lib/omni_traj/waypoint_traj
