[0.210s] DEBUG:colcon:Command line arguments: ['/usr/bin/colcon', 'build']
[0.210s] DEBUG:colcon:Parsed command line arguments: Namespace(log_base=None, log_level=None, verb_name='build', build_base='build', install_base='install', merge_install=False, symlink_install=False, test_result_base=None, continue_on_error=False, executor='parallel', parallel_workers=4, event_handlers=None, ignore_user_meta=False, metas=['./colcon.meta'], base_paths=['.'], packages_ignore=None, packages_ignore_regex=None, paths=None, packages_up_to=None, packages_up_to_regex=None, packages_above=None, packages_above_and_dependencies=None, packages_above_depth=None, packages_select_by_dep=None, packages_skip_by_dep=None, packages_skip_up_to=None, packages_select_build_failed=False, packages_skip_build_finished=False, packages_select_test_failures=False, packages_skip_test_passed=False, packages_select=None, packages_skip=None, packages_select_regex=None, packages_skip_regex=None, packages_start=None, packages_end=None, allow_overriding=[], cmake_args=None, cmake_target=None, cmake_target_skip_unavailable=False, cmake_clean_cache=False, cmake_clean_first=False, cmake_force_configure=False, ament_cmake_args=None, catkin_cmake_args=None, catkin_skip_building_tests=False, mixin_files=None, mixin=None, verb_parser=<colcon_mixin.mixin.mixin_argument.MixinArgumentDecorator object at 0xffffa811d880>, verb_extension=<colcon_core.verb.build.BuildVerb object at 0xffffa82cdf10>, main=<bound method BuildVerb.main of <colcon_core.verb.build.BuildVerb object at 0xffffa82cdf10>>, mixin_verb=('build',))
[0.290s] Level 1:colcon.colcon_core.package_discovery:discover_packages(colcon_meta) check parameters
[0.290s] Level 1:colcon.colcon_core.package_discovery:discover_packages(recursive) check parameters
[0.290s] Level 1:colcon.colcon_core.package_discovery:discover_packages(ignore) check parameters
[0.290s] Level 1:colcon.colcon_core.package_discovery:discover_packages(path) check parameters
[0.290s] Level 1:colcon.colcon_core.package_discovery:discover_packages(colcon_meta) discover
[0.290s] Level 1:colcon.colcon_core.package_discovery:discover_packages(recursive) discover
[0.291s] INFO:colcon.colcon_core.package_discovery:Crawling recursively for packages in '/home/nickolas/ros2_ws/src/omni_src/omni_traj'
[0.291s] Level 1:colcon.colcon_core.package_identification:_identify(.) by extensions ['ignore', 'ignore_ament_install']
[0.291s] Level 1:colcon.colcon_core.package_identification:_identify(.) by extension 'ignore'
[0.291s] Level 1:colcon.colcon_core.package_identification:_identify(.) by extension 'ignore_ament_install'
[0.291s] Level 1:colcon.colcon_core.package_identification:_identify(.) by extensions ['colcon_pkg']
[0.291s] Level 1:colcon.colcon_core.package_identification:_identify(.) by extension 'colcon_pkg'
[0.291s] Level 1:colcon.colcon_core.package_identification:_identify(.) by extensions ['colcon_meta']
[0.291s] Level 1:colcon.colcon_core.package_identification:_identify(.) by extension 'colcon_meta'
[0.291s] Level 1:colcon.colcon_core.package_identification:_identify(.) by extensions ['ros']
[0.291s] Level 1:colcon.colcon_core.package_identification:_identify(.) by extension 'ros'
[0.350s] DEBUG:colcon.colcon_core.package_identification:Package '.' with type 'ros.ament_python' and name 'omni_traj'
[0.350s] Level 1:colcon.colcon_core.package_discovery:discover_packages(recursive) using defaults
[0.350s] Level 1:colcon.colcon_core.package_discovery:discover_packages(ignore) discover
[0.350s] Level 1:colcon.colcon_core.package_discovery:discover_packages(ignore) using defaults
[0.350s] Level 1:colcon.colcon_core.package_discovery:discover_packages(path) discover
[0.350s] Level 1:colcon.colcon_core.package_discovery:discover_packages(path) using defaults
[0.381s] Level 1:colcon.colcon_core.package_discovery:discover_packages(prefix_path) check parameters
[0.381s] Level 1:colcon.colcon_core.package_discovery:discover_packages(prefix_path) discover
[0.385s] DEBUG:colcon.colcon_installed_package_information.package_discovery:Found 3 installed packages in /home/nickolas/ros2_ws/install
[0.386s] DEBUG:colcon.colcon_installed_package_information.package_discovery:Found 2 installed packages in /home/nickolas/ros2_ws/src/omni_src/install
[0.389s] DEBUG:colcon.colcon_installed_package_information.package_discovery:Found 380 installed packages in /opt/ros/jazzy
[0.394s] Level 1:colcon.colcon_core.package_discovery:discover_packages(prefix_path) using defaults
[0.481s] Level 5:colcon.colcon_core.verb:set package 'omni_traj' build argument 'cmake_args' from command line to 'None'
[0.482s] Level 5:colcon.colcon_core.verb:set package 'omni_traj' build argument 'cmake_target' from command line to 'None'
[0.482s] Level 5:colcon.colcon_core.verb:set package 'omni_traj' build argument 'cmake_target_skip_unavailable' from command line to 'False'
[0.482s] Level 5:colcon.colcon_core.verb:set package 'omni_traj' build argument 'cmake_clean_cache' from command line to 'False'
[0.482s] Level 5:colcon.colcon_core.verb:set package 'omni_traj' build argument 'cmake_clean_first' from command line to 'False'
[0.482s] Level 5:colcon.colcon_core.verb:set package 'omni_traj' build argument 'cmake_force_configure' from command line to 'False'
[0.482s] Level 5:colcon.colcon_core.verb:set package 'omni_traj' build argument 'ament_cmake_args' from command line to 'None'
[0.482s] Level 5:colcon.colcon_core.verb:set package 'omni_traj' build argument 'catkin_cmake_args' from command line to 'None'
[0.482s] Level 5:colcon.colcon_core.verb:set package 'omni_traj' build argument 'catkin_skip_building_tests' from command line to 'False'
[0.482s] DEBUG:colcon.colcon_core.verb:Building package 'omni_traj' with the following arguments: {'ament_cmake_args': None, 'build_base': '/home/nickolas/ros2_ws/src/omni_src/omni_traj/build/omni_traj', 'catkin_cmake_args': None, 'catkin_skip_building_tests': False, 'cmake_args': None, 'cmake_clean_cache': False, 'cmake_clean_first': False, 'cmake_force_configure': False, 'cmake_target': None, 'cmake_target_skip_unavailable': False, 'install_base': '/home/nickolas/ros2_ws/src/omni_src/omni_traj/install/omni_traj', 'merge_install': False, 'path': '/home/nickolas/ros2_ws/src/omni_src/omni_traj', 'symlink_install': False, 'test_result_base': None}
[0.482s] INFO:colcon.colcon_core.executor:Executing jobs using 'parallel' executor
[0.484s] DEBUG:colcon.colcon_parallel_executor.executor.parallel:run_until_complete
[0.484s] INFO:colcon.colcon_ros.task.ament_python.build:Building ROS package in '/home/nickolas/ros2_ws/src/omni_src/omni_traj' with build type 'ament_python'
[0.485s] Level 1:colcon.colcon_core.shell:create_environment_hook('omni_traj', 'ament_prefix_path')
[0.488s] INFO:colcon.colcon_core.plugin_system:Skipping extension 'colcon_core.shell.bat': Not used on non-Windows systems
[0.488s] INFO:colcon.colcon_core.shell:Creating environment hook '/home/nickolas/ros2_ws/src/omni_src/omni_traj/install/omni_traj/share/omni_traj/hook/ament_prefix_path.ps1'
[0.490s] INFO:colcon.colcon_core.shell:Creating environment descriptor '/home/nickolas/ros2_ws/src/omni_src/omni_traj/install/omni_traj/share/omni_traj/hook/ament_prefix_path.dsv'
[0.495s] INFO:colcon.colcon_core.shell:Creating environment hook '/home/nickolas/ros2_ws/src/omni_src/omni_traj/install/omni_traj/share/omni_traj/hook/ament_prefix_path.sh'
[0.499s] INFO:colcon.colcon_core.shell:Skip shell extension 'powershell' for command environment: Not usable outside of PowerShell
[0.499s] DEBUG:colcon.colcon_core.shell:Skip shell extension 'dsv' for command environment
[0.955s] INFO:colcon.colcon_core.task.python.build:Building Python package in '/home/nickolas/ros2_ws/src/omni_src/omni_traj'
[0.957s] INFO:colcon.colcon_core.shell:Skip shell extension 'powershell' for command environment: Not usable outside of PowerShell
[0.957s] DEBUG:colcon.colcon_core.shell:Skip shell extension 'dsv' for command environment
[2.780s] DEBUG:colcon.colcon_core.event_handler.log_command:Invoking command in '/home/nickolas/ros2_ws/src/omni_src/omni_traj/build/omni_traj': DEBUGINFOD_URLS=https://debuginfod.ubuntu.com PYTHONPATH=/home/nickolas/ros2_ws/src/omni_src/omni_traj/build/omni_traj/prefix_override:/usr/lib/python3/dist-packages/colcon_core/task/python/colcon_distutils_commands:/home/nickolas/ros2_ws/src/omni_src/omni_traj/install/omni_traj/lib/python3.12/site-packages:${PYTHONPATH} /usr/bin/python3 -W ignore:setup.py install is deprecated -W ignore:easy_install command is deprecated setup.py develop --uninstall --editable --build-directory /home/nickolas/ros2_ws/src/omni_src/omni_traj/build/omni_traj/build
[3.852s] DEBUG:colcon.colcon_core.event_handler.log_command:Invoked command in '/home/nickolas/ros2_ws/src/omni_src/omni_traj/build/omni_traj' returned '0': DEBUGINFOD_URLS=https://debuginfod.ubuntu.com PYTHONPATH=/home/nickolas/ros2_ws/src/omni_src/omni_traj/build/omni_traj/prefix_override:/usr/lib/python3/dist-packages/colcon_core/task/python/colcon_distutils_commands:/home/nickolas/ros2_ws/src/omni_src/omni_traj/install/omni_traj/lib/python3.12/site-packages:${PYTHONPATH} /usr/bin/python3 -W ignore:setup.py install is deprecated -W ignore:easy_install command is deprecated setup.py develop --uninstall --editable --build-directory /home/nickolas/ros2_ws/src/omni_src/omni_traj/build/omni_traj/build
[3.854s] DEBUG:colcon.colcon_core.event_handler.log_command:Invoking command in '/home/nickolas/ros2_ws/src/omni_src/omni_traj': DEBUGINFOD_URLS=https://debuginfod.ubuntu.com PYTHONPATH=/home/nickolas/ros2_ws/src/omni_src/omni_traj/build/omni_traj/prefix_override:/usr/lib/python3/dist-packages/colcon_core/task/python/colcon_distutils_commands:/home/nickolas/ros2_ws/src/omni_src/omni_traj/install/omni_traj/lib/python3.12/site-packages:${PYTHONPATH} /usr/bin/python3 -W ignore:setup.py install is deprecated -W ignore:easy_install command is deprecated setup.py egg_info --egg-base build/omni_traj build --build-base /home/nickolas/ros2_ws/src/omni_src/omni_traj/build/omni_traj/build install --record /home/nickolas/ros2_ws/src/omni_src/omni_traj/build/omni_traj/install.log --single-version-externally-managed install_data --force
[5.055s] DEBUG:colcon.colcon_core.event_handler.log_command:Invoked command in '/home/nickolas/ros2_ws/src/omni_src/omni_traj' returned '0': DEBUGINFOD_URLS=https://debuginfod.ubuntu.com PYTHONPATH=/home/nickolas/ros2_ws/src/omni_src/omni_traj/build/omni_traj/prefix_override:/usr/lib/python3/dist-packages/colcon_core/task/python/colcon_distutils_commands:/home/nickolas/ros2_ws/src/omni_src/omni_traj/install/omni_traj/lib/python3.12/site-packages:${PYTHONPATH} /usr/bin/python3 -W ignore:setup.py install is deprecated -W ignore:easy_install command is deprecated setup.py egg_info --egg-base build/omni_traj build --build-base /home/nickolas/ros2_ws/src/omni_src/omni_traj/build/omni_traj/build install --record /home/nickolas/ros2_ws/src/omni_src/omni_traj/build/omni_traj/install.log --single-version-externally-managed install_data --force
[5.066s] Level 1:colcon.colcon_core.environment:checking '/home/nickolas/ros2_ws/src/omni_src/omni_traj/install/omni_traj' for CMake module files
[5.068s] Level 1:colcon.colcon_core.environment:checking '/home/nickolas/ros2_ws/src/omni_src/omni_traj/install/omni_traj' for CMake config files
[5.070s] Level 1:colcon.colcon_core.environment:checking '/home/nickolas/ros2_ws/src/omni_src/omni_traj/install/omni_traj/lib'
[5.071s] Level 1:colcon.colcon_core.environment:checking '/home/nickolas/ros2_ws/src/omni_src/omni_traj/install/omni_traj/bin'
[5.071s] Level 1:colcon.colcon_core.environment:checking '/home/nickolas/ros2_ws/src/omni_src/omni_traj/install/omni_traj/lib/pkgconfig/omni_traj.pc'
[5.071s] Level 1:colcon.colcon_core.environment:checking '/home/nickolas/ros2_ws/src/omni_src/omni_traj/install/omni_traj/lib/python3.12/site-packages'
[5.072s] Level 1:colcon.colcon_core.shell:create_environment_hook('omni_traj', 'pythonpath')
[5.073s] INFO:colcon.colcon_core.shell:Creating environment hook '/home/nickolas/ros2_ws/src/omni_src/omni_traj/install/omni_traj/share/omni_traj/hook/pythonpath.ps1'
[5.077s] INFO:colcon.colcon_core.shell:Creating environment descriptor '/home/nickolas/ros2_ws/src/omni_src/omni_traj/install/omni_traj/share/omni_traj/hook/pythonpath.dsv'
[5.079s] INFO:colcon.colcon_core.shell:Creating environment hook '/home/nickolas/ros2_ws/src/omni_src/omni_traj/install/omni_traj/share/omni_traj/hook/pythonpath.sh'
[5.082s] Level 1:colcon.colcon_core.environment:checking '/home/nickolas/ros2_ws/src/omni_src/omni_traj/install/omni_traj/bin'
[5.083s] Level 1:colcon.colcon_core.environment:create_environment_scripts_only(omni_traj)
[5.084s] INFO:colcon.colcon_core.shell:Creating package script '/home/nickolas/ros2_ws/src/omni_src/omni_traj/install/omni_traj/share/omni_traj/package.ps1'
[5.087s] INFO:colcon.colcon_core.shell:Creating package descriptor '/home/nickolas/ros2_ws/src/omni_src/omni_traj/install/omni_traj/share/omni_traj/package.dsv'
[5.089s] INFO:colcon.colcon_core.shell:Creating package script '/home/nickolas/ros2_ws/src/omni_src/omni_traj/install/omni_traj/share/omni_traj/package.sh'
[5.092s] INFO:colcon.colcon_core.shell:Creating package script '/home/nickolas/ros2_ws/src/omni_src/omni_traj/install/omni_traj/share/omni_traj/package.bash'
[5.096s] INFO:colcon.colcon_core.shell:Creating package script '/home/nickolas/ros2_ws/src/omni_src/omni_traj/install/omni_traj/share/omni_traj/package.zsh'
[5.101s] Level 1:colcon.colcon_core.environment:create_file_with_runtime_dependencies(/home/nickolas/ros2_ws/src/omni_src/omni_traj/install/omni_traj/share/colcon-core/packages/omni_traj)
[5.104s] DEBUG:colcon.colcon_parallel_executor.executor.parallel:closing loop
[5.105s] DEBUG:colcon.colcon_parallel_executor.executor.parallel:loop closed
[5.105s] DEBUG:colcon.colcon_parallel_executor.executor.parallel:run_until_complete finished with '0'
[5.106s] DEBUG:colcon.colcon_core.event_reactor:joining thread
[5.119s] INFO:colcon.colcon_core.plugin_system:Skipping extension 'colcon_notification.desktop_notification.terminal_notifier': Not used on non-Darwin systems
[5.119s] INFO:colcon.colcon_core.plugin_system:Skipping extension 'colcon_notification.desktop_notification.win32': Not used on non-Windows systems
[5.119s] INFO:colcon.colcon_notification.desktop_notification:Sending desktop notification using 'notify2'
[5.127s] DEBUG:colcon.colcon_core.event_reactor:joined thread
[5.128s] INFO:colcon.colcon_core.shell:Creating prefix script '/home/nickolas/ros2_ws/src/omni_src/omni_traj/install/local_setup.ps1'
[5.129s] INFO:colcon.colcon_core.shell:Creating prefix util module '/home/nickolas/ros2_ws/src/omni_src/omni_traj/install/_local_setup_util_ps1.py'
[5.132s] INFO:colcon.colcon_core.shell:Creating prefix chain script '/home/nickolas/ros2_ws/src/omni_src/omni_traj/install/setup.ps1'
[5.135s] INFO:colcon.colcon_core.shell:Creating prefix script '/home/nickolas/ros2_ws/src/omni_src/omni_traj/install/local_setup.sh'
[5.137s] INFO:colcon.colcon_core.shell:Creating prefix util module '/home/nickolas/ros2_ws/src/omni_src/omni_traj/install/_local_setup_util_sh.py'
[5.139s] INFO:colcon.colcon_core.shell:Creating prefix chain script '/home/nickolas/ros2_ws/src/omni_src/omni_traj/install/setup.sh'
[5.142s] INFO:colcon.colcon_core.shell:Creating prefix script '/home/nickolas/ros2_ws/src/omni_src/omni_traj/install/local_setup.bash'
[5.145s] INFO:colcon.colcon_core.shell:Creating prefix chain script '/home/nickolas/ros2_ws/src/omni_src/omni_traj/install/setup.bash'
[5.147s] INFO:colcon.colcon_core.shell:Creating prefix script '/home/nickolas/ros2_ws/src/omni_src/omni_traj/install/local_setup.zsh'
[5.149s] INFO:colcon.colcon_core.shell:Creating prefix chain script '/home/nickolas/ros2_ws/src/omni_src/omni_traj/install/setup.zsh'
