[0.197s] DEBUG:colcon:Command line arguments: ['/usr/bin/colcon', 'build', '--packages-select', 'omni-pi-server', '--symlink-install', '--build-base', '/home/nickolas/ros2_ws/build', '--install-base', '/home/nickolas/ros2_ws/install']
[0.197s] DEBUG:colcon:Parsed command line arguments: Namespace(log_base=None, log_level=None, verb_name='build', build_base='/home/nickolas/ros2_ws/build', install_base='/home/nickolas/ros2_ws/install', merge_install=False, symlink_install=True, test_result_base=None, continue_on_error=False, executor='parallel', parallel_workers=4, event_handlers=None, ignore_user_meta=False, metas=['./colcon.meta'], base_paths=['.'], packages_ignore=None, packages_ignore_regex=None, paths=None, packages_up_to=None, packages_up_to_regex=None, packages_above=None, packages_above_and_dependencies=None, packages_above_depth=None, packages_select_by_dep=None, packages_skip_by_dep=None, packages_skip_up_to=None, packages_select_build_failed=False, packages_skip_build_finished=False, packages_select_test_failures=False, packages_skip_test_passed=False, packages_select=['omni-pi-server'], packages_skip=None, packages_select_regex=None, packages_skip_regex=None, packages_start=None, packages_end=None, allow_overriding=[], cmake_args=None, cmake_target=None, cmake_target_skip_unavailable=False, cmake_clean_cache=False, cmake_clean_first=False, cmake_force_configure=False, ament_cmake_args=None, catkin_cmake_args=None, catkin_skip_building_tests=False, mixin_files=None, mixin=None, verb_parser=<colcon_mixin.mixin.mixin_argument.MixinArgumentDecorator object at 0xffffa1409370>, verb_extension=<colcon_core.verb.build.BuildVerb object at 0xffffa15c5b50>, main=<bound method BuildVerb.main of <colcon_core.verb.build.BuildVerb object at 0xffffa15c5b50>>, mixin_verb=('build',))
[0.263s] Level 1:colcon.colcon_core.package_discovery:discover_packages(colcon_meta) check parameters
[0.264s] Level 1:colcon.colcon_core.package_discovery:discover_packages(recursive) check parameters
[0.264s] Level 1:colcon.colcon_core.package_discovery:discover_packages(ignore) check parameters
[0.264s] Level 1:colcon.colcon_core.package_discovery:discover_packages(path) check parameters
[0.264s] Level 1:colcon.colcon_core.package_discovery:discover_packages(colcon_meta) discover
[0.264s] Level 1:colcon.colcon_core.package_discovery:discover_packages(recursive) discover
[0.264s] INFO:colcon.colcon_core.package_discovery:Crawling recursively for packages in '/home/nickolas/ros2_ws/src/omni_src'
[0.264s] Level 1:colcon.colcon_core.package_identification:_identify(.) by extensions ['ignore', 'ignore_ament_install']
[0.264s] Level 1:colcon.colcon_core.package_identification:_identify(.) by extension 'ignore'
[0.264s] Level 1:colcon.colcon_core.package_identification:_identify(.) by extension 'ignore_ament_install'
[0.264s] Level 1:colcon.colcon_core.package_identification:_identify(.) by extensions ['colcon_pkg']
[0.264s] Level 1:colcon.colcon_core.package_identification:_identify(.) by extension 'colcon_pkg'
[0.265s] Level 1:colcon.colcon_core.package_identification:_identify(.) by extensions ['colcon_meta']
[0.265s] Level 1:colcon.colcon_core.package_identification:_identify(.) by extension 'colcon_meta'
[0.265s] Level 1:colcon.colcon_core.package_identification:_identify(.) by extensions ['ros']
[0.265s] Level 1:colcon.colcon_core.package_identification:_identify(.) by extension 'ros'
[0.324s] Level 1:colcon.colcon_core.package_identification:_identify(.) by extensions ['cmake', 'python']
[0.324s] Level 1:colcon.colcon_core.package_identification:_identify(.) by extension 'cmake'
[0.324s] Level 1:colcon.colcon_core.package_identification:_identify(.) by extension 'python'
[0.324s] Level 1:colcon.colcon_core.package_identification:_identify(.) by extensions ['python_setup_py']
[0.324s] Level 1:colcon.colcon_core.package_identification:_identify(.) by extension 'python_setup_py'
[0.759s] DEBUG:colcon.colcon_core.package_identification:Package '.' with type 'python' and name 'omni-pi-server'
[0.759s] Level 1:colcon.colcon_core.package_discovery:discover_packages(recursive) using defaults
[0.760s] Level 1:colcon.colcon_core.package_discovery:discover_packages(ignore) discover
[0.760s] Level 1:colcon.colcon_core.package_discovery:discover_packages(ignore) using defaults
[0.760s] Level 1:colcon.colcon_core.package_discovery:discover_packages(path) discover
[0.760s] Level 1:colcon.colcon_core.package_discovery:discover_packages(path) using defaults
[0.793s] Level 1:colcon.colcon_core.package_discovery:discover_packages(prefix_path) check parameters
[0.793s] Level 1:colcon.colcon_core.package_discovery:discover_packages(prefix_path) discover
[0.796s] DEBUG:colcon.colcon_installed_package_information.package_discovery:Found 3 installed packages in /home/nickolas/ros2_ws/install
[0.797s] DEBUG:colcon.colcon_installed_package_information.package_discovery:Found 2 installed packages in /home/nickolas/ros2_ws/src/omni_src/install
[0.799s] DEBUG:colcon.colcon_installed_package_information.package_discovery:Found 380 installed packages in /opt/ros/jazzy
[0.802s] Level 1:colcon.colcon_core.package_discovery:discover_packages(prefix_path) using defaults
[0.887s] Level 5:colcon.colcon_core.verb:set package 'omni-pi-server' build argument 'cmake_args' from command line to 'None'
[0.888s] Level 5:colcon.colcon_core.verb:set package 'omni-pi-server' build argument 'cmake_target' from command line to 'None'
[0.888s] Level 5:colcon.colcon_core.verb:set package 'omni-pi-server' build argument 'cmake_target_skip_unavailable' from command line to 'False'
[0.888s] Level 5:colcon.colcon_core.verb:set package 'omni-pi-server' build argument 'cmake_clean_cache' from command line to 'False'
[0.888s] Level 5:colcon.colcon_core.verb:set package 'omni-pi-server' build argument 'cmake_clean_first' from command line to 'False'
[0.888s] Level 5:colcon.colcon_core.verb:set package 'omni-pi-server' build argument 'cmake_force_configure' from command line to 'False'
[0.888s] Level 5:colcon.colcon_core.verb:set package 'omni-pi-server' build argument 'ament_cmake_args' from command line to 'None'
[0.888s] Level 5:colcon.colcon_core.verb:set package 'omni-pi-server' build argument 'catkin_cmake_args' from command line to 'None'
[0.888s] Level 5:colcon.colcon_core.verb:set package 'omni-pi-server' build argument 'catkin_skip_building_tests' from command line to 'False'
[0.888s] DEBUG:colcon.colcon_core.verb:Building package 'omni-pi-server' with the following arguments: {'ament_cmake_args': None, 'build_base': '/home/nickolas/ros2_ws/build/omni-pi-server', 'catkin_cmake_args': None, 'catkin_skip_building_tests': False, 'cmake_args': None, 'cmake_clean_cache': False, 'cmake_clean_first': False, 'cmake_force_configure': False, 'cmake_target': None, 'cmake_target_skip_unavailable': False, 'install_base': '/home/nickolas/ros2_ws/install/omni-pi-server', 'merge_install': False, 'path': '/home/nickolas/ros2_ws/src/omni_src', 'symlink_install': True, 'test_result_base': None}
[0.889s] INFO:colcon.colcon_core.executor:Executing jobs using 'parallel' executor
[0.893s] DEBUG:colcon.colcon_parallel_executor.executor.parallel:run_until_complete
[0.894s] INFO:colcon.colcon_core.task.python.build:Building Python package in '/home/nickolas/ros2_ws/src/omni_src'
[0.900s] INFO:colcon.colcon_core.plugin_system:Skipping extension 'colcon_core.shell.bat': Not used on non-Windows systems
[0.900s] INFO:colcon.colcon_core.shell:Skip shell extension 'powershell' for command environment: Not usable outside of PowerShell
[0.900s] DEBUG:colcon.colcon_core.shell:Skip shell extension 'dsv' for command environment
[2.635s] DEBUG:colcon.colcon_core.event_handler.log_command:Invoking command in '/home/nickolas/ros2_ws/build/omni-pi-server': DEBUGINFOD_URLS=https://debuginfod.ubuntu.com PYTHONPATH=/home/nickolas/ros2_ws/build/omni-pi-server/prefix_override:/usr/lib/python3/dist-packages/colcon_core/task/python/colcon_distutils_commands:/home/nickolas/ros2_ws/install/omni-pi-server/lib/python3.12/site-packages:${PYTHONPATH} /usr/bin/python3 -W ignore:setup.py install is deprecated -W ignore:easy_install command is deprecated setup.py develop --editable --build-directory /home/nickolas/ros2_ws/build/omni-pi-server/build --no-deps
[3.835s] Level 1:colcon.colcon_core.shell:create_environment_hook('omni-pi-server', 'pythonpath_develop')
[3.836s] INFO:colcon.colcon_core.shell:Creating environment hook '/home/nickolas/ros2_ws/build/omni-pi-server/share/omni-pi-server/hook/pythonpath_develop.ps1'
[3.836s] DEBUG:colcon.colcon_core.event_handler.log_command:Invoked command in '/home/nickolas/ros2_ws/build/omni-pi-server' returned '0': DEBUGINFOD_URLS=https://debuginfod.ubuntu.com PYTHONPATH=/home/nickolas/ros2_ws/build/omni-pi-server/prefix_override:/usr/lib/python3/dist-packages/colcon_core/task/python/colcon_distutils_commands:/home/nickolas/ros2_ws/install/omni-pi-server/lib/python3.12/site-packages:${PYTHONPATH} /usr/bin/python3 -W ignore:setup.py install is deprecated -W ignore:easy_install command is deprecated setup.py develop --editable --build-directory /home/nickolas/ros2_ws/build/omni-pi-server/build --no-deps
[3.838s] INFO:colcon.colcon_core.shell:Creating environment descriptor '/home/nickolas/ros2_ws/build/omni-pi-server/share/omni-pi-server/hook/pythonpath_develop.dsv'
[3.839s] INFO:colcon.colcon_core.shell:Creating environment hook '/home/nickolas/ros2_ws/build/omni-pi-server/share/omni-pi-server/hook/pythonpath_develop.sh'
[3.843s] Level 1:colcon.colcon_core.environment:checking '/home/nickolas/ros2_ws/install/omni-pi-server' for CMake module files
[3.844s] Level 1:colcon.colcon_core.environment:checking '/home/nickolas/ros2_ws/install/omni-pi-server' for CMake config files
[3.846s] Level 1:colcon.colcon_core.environment:checking '/home/nickolas/ros2_ws/install/omni-pi-server/lib'
[3.846s] Level 1:colcon.colcon_core.environment:checking '/home/nickolas/ros2_ws/install/omni-pi-server/bin'
[3.846s] Level 1:colcon.colcon_core.shell:create_environment_hook('omni-pi-server', 'path')
[3.846s] INFO:colcon.colcon_core.shell:Creating environment hook '/home/nickolas/ros2_ws/install/omni-pi-server/share/omni-pi-server/hook/path.ps1'
[3.847s] INFO:colcon.colcon_core.shell:Creating environment descriptor '/home/nickolas/ros2_ws/install/omni-pi-server/share/omni-pi-server/hook/path.dsv'
[3.848s] INFO:colcon.colcon_core.shell:Creating environment hook '/home/nickolas/ros2_ws/install/omni-pi-server/share/omni-pi-server/hook/path.sh'
[3.849s] Level 1:colcon.colcon_core.environment:checking '/home/nickolas/ros2_ws/install/omni-pi-server/lib/pkgconfig/omni-pi-server.pc'
[3.849s] Level 1:colcon.colcon_core.environment:checking '/home/nickolas/ros2_ws/install/omni-pi-server/lib/python3.12/site-packages'
[3.850s] Level 1:colcon.colcon_core.shell:create_environment_hook('omni-pi-server', 'pythonpath')
[3.850s] INFO:colcon.colcon_core.shell:Creating environment hook '/home/nickolas/ros2_ws/install/omni-pi-server/share/omni-pi-server/hook/pythonpath.ps1'
[3.850s] INFO:colcon.colcon_core.shell:Creating environment descriptor '/home/nickolas/ros2_ws/install/omni-pi-server/share/omni-pi-server/hook/pythonpath.dsv'
[3.851s] INFO:colcon.colcon_core.shell:Creating environment hook '/home/nickolas/ros2_ws/install/omni-pi-server/share/omni-pi-server/hook/pythonpath.sh'
[3.853s] Level 1:colcon.colcon_core.environment:checking '/home/nickolas/ros2_ws/install/omni-pi-server/bin'
[3.854s] Level 1:colcon.colcon_core.shell:create_environment_hook('omni-pi-server', 'pythonscriptspath')
[3.854s] INFO:colcon.colcon_core.shell:Creating environment hook '/home/nickolas/ros2_ws/install/omni-pi-server/share/omni-pi-server/hook/pythonscriptspath.ps1'
[3.856s] INFO:colcon.colcon_core.shell:Creating environment descriptor '/home/nickolas/ros2_ws/install/omni-pi-server/share/omni-pi-server/hook/pythonscriptspath.dsv'
[3.857s] INFO:colcon.colcon_core.shell:Creating environment hook '/home/nickolas/ros2_ws/install/omni-pi-server/share/omni-pi-server/hook/pythonscriptspath.sh'
[3.858s] Level 1:colcon.colcon_core.environment:create_environment_scripts_only(omni-pi-server)
[3.859s] INFO:colcon.colcon_core.shell:Creating package script '/home/nickolas/ros2_ws/install/omni-pi-server/share/omni-pi-server/package.ps1'
[3.865s] INFO:colcon.colcon_core.shell:Creating package descriptor '/home/nickolas/ros2_ws/install/omni-pi-server/share/omni-pi-server/package.dsv'
[3.867s] INFO:colcon.colcon_core.shell:Creating package script '/home/nickolas/ros2_ws/install/omni-pi-server/share/omni-pi-server/package.sh'
[3.868s] INFO:colcon.colcon_core.shell:Creating package script '/home/nickolas/ros2_ws/install/omni-pi-server/share/omni-pi-server/package.bash'
[3.869s] INFO:colcon.colcon_core.shell:Creating package script '/home/nickolas/ros2_ws/install/omni-pi-server/share/omni-pi-server/package.zsh'
[3.870s] Level 1:colcon.colcon_core.environment:create_file_with_runtime_dependencies(/home/nickolas/ros2_ws/install/omni-pi-server/share/colcon-core/packages/omni-pi-server)
[3.871s] DEBUG:colcon.colcon_parallel_executor.executor.parallel:closing loop
[3.873s] DEBUG:colcon.colcon_parallel_executor.executor.parallel:loop closed
[3.873s] DEBUG:colcon.colcon_parallel_executor.executor.parallel:run_until_complete finished with '0'
[3.873s] DEBUG:colcon.colcon_core.event_reactor:joining thread
[3.884s] INFO:colcon.colcon_core.plugin_system:Skipping extension 'colcon_notification.desktop_notification.terminal_notifier': Not used on non-Darwin systems
[3.884s] INFO:colcon.colcon_core.plugin_system:Skipping extension 'colcon_notification.desktop_notification.win32': Not used on non-Windows systems
[3.884s] INFO:colcon.colcon_notification.desktop_notification:Sending desktop notification using 'notify2'
[3.907s] DEBUG:colcon.colcon_core.event_reactor:joined thread
[3.908s] INFO:colcon.colcon_core.shell:Creating prefix script '/home/nickolas/ros2_ws/install/local_setup.ps1'
[3.909s] INFO:colcon.colcon_core.shell:Creating prefix util module '/home/nickolas/ros2_ws/install/_local_setup_util_ps1.py'
[3.911s] INFO:colcon.colcon_core.shell:Creating prefix chain script '/home/nickolas/ros2_ws/install/setup.ps1'
[3.913s] INFO:colcon.colcon_core.shell:Creating prefix script '/home/nickolas/ros2_ws/install/local_setup.sh'
[3.917s] INFO:colcon.colcon_core.shell:Creating prefix util module '/home/nickolas/ros2_ws/install/_local_setup_util_sh.py'
[3.920s] INFO:colcon.colcon_core.shell:Creating prefix chain script '/home/nickolas/ros2_ws/install/setup.sh'
[3.924s] INFO:colcon.colcon_core.shell:Creating prefix script '/home/nickolas/ros2_ws/install/local_setup.bash'
[3.926s] INFO:colcon.colcon_core.shell:Creating prefix chain script '/home/nickolas/ros2_ws/install/setup.bash'
[3.929s] INFO:colcon.colcon_core.shell:Creating prefix script '/home/nickolas/ros2_ws/install/local_setup.zsh'
[3.930s] INFO:colcon.colcon_core.shell:Creating prefix chain script '/home/nickolas/ros2_ws/install/setup.zsh'
