[0.234s] DEBUG:colcon:Command line arguments: ['/usr/bin/colcon', 'build', '--packages-select', 'omni_traj', '--symlink-install']
[0.234s] DEBUG:colcon:Parsed command line arguments: Namespace(log_base=None, log_level=None, verb_name='build', build_base='build', install_base='install', merge_install=False, symlink_install=True, test_result_base=None, continue_on_error=False, executor='parallel', parallel_workers=4, event_handlers=None, ignore_user_meta=False, metas=['./colcon.meta'], base_paths=['.'], packages_ignore=None, packages_ignore_regex=None, paths=None, packages_up_to=None, packages_up_to_regex=None, packages_above=None, packages_above_and_dependencies=None, packages_above_depth=None, packages_select_by_dep=None, packages_skip_by_dep=None, packages_skip_up_to=None, packages_select_build_failed=False, packages_skip_build_finished=False, packages_select_test_failures=False, packages_skip_test_passed=False, packages_select=['omni_traj'], packages_skip=None, packages_select_regex=None, packages_skip_regex=None, packages_start=None, packages_end=None, allow_overriding=[], cmake_args=None, cmake_target=None, cmake_target_skip_unavailable=False, cmake_clean_cache=False, cmake_clean_first=False, cmake_force_configure=False, ament_cmake_args=None, catkin_cmake_args=None, catkin_skip_building_tests=False, mixin_files=None, mixin=None, verb_parser=<colcon_mixin.mixin.mixin_argument.MixinArgumentDecorator object at 0xffff89bc3aa0>, verb_extension=<colcon_core.verb.build.BuildVerb object at 0xffff89c4a840>, main=<bound method BuildVerb.main of <colcon_core.verb.build.BuildVerb object at 0xffff89c4a840>>, mixin_verb=('build',))
[0.322s] Level 1:colcon.colcon_core.package_discovery:discover_packages(colcon_meta) check parameters
[0.323s] Level 1:colcon.colcon_core.package_discovery:discover_packages(recursive) check parameters
[0.323s] Level 1:colcon.colcon_core.package_discovery:discover_packages(ignore) check parameters
[0.323s] Level 1:colcon.colcon_core.package_discovery:discover_packages(path) check parameters
[0.323s] Level 1:colcon.colcon_core.package_discovery:discover_packages(colcon_meta) discover
[0.323s] Level 1:colcon.colcon_core.package_discovery:discover_packages(recursive) discover
[0.323s] INFO:colcon.colcon_core.package_discovery:Crawling recursively for packages in '/home/nickolas/ros2_ws/src/omni_src/omni_traj'
[0.324s] Level 1:colcon.colcon_core.package_identification:_identify(.) by extensions ['ignore', 'ignore_ament_install']
[0.324s] Level 1:colcon.colcon_core.package_identification:_identify(.) by extension 'ignore'
[0.324s] Level 1:colcon.colcon_core.package_identification:_identify(.) by extension 'ignore_ament_install'
[0.324s] Level 1:colcon.colcon_core.package_identification:_identify(.) by extensions ['colcon_pkg']
[0.324s] Level 1:colcon.colcon_core.package_identification:_identify(.) by extension 'colcon_pkg'
[0.324s] Level 1:colcon.colcon_core.package_identification:_identify(.) by extensions ['colcon_meta']
[0.325s] Level 1:colcon.colcon_core.package_identification:_identify(.) by extension 'colcon_meta'
[0.325s] Level 1:colcon.colcon_core.package_identification:_identify(.) by extensions ['ros']
[0.325s] Level 1:colcon.colcon_core.package_identification:_identify(.) by extension 'ros'
[0.379s] DEBUG:colcon.colcon_core.package_identification:Package '.' with type 'ros.ament_python' and name 'omni_traj'
[0.380s] Level 1:colcon.colcon_core.package_discovery:discover_packages(recursive) using defaults
[0.380s] Level 1:colcon.colcon_core.package_discovery:discover_packages(ignore) discover
[0.380s] Level 1:colcon.colcon_core.package_discovery:discover_packages(ignore) using defaults
[0.380s] Level 1:colcon.colcon_core.package_discovery:discover_packages(path) discover
[0.380s] Level 1:colcon.colcon_core.package_discovery:discover_packages(path) using defaults
[0.420s] Level 1:colcon.colcon_core.package_discovery:discover_packages(prefix_path) check parameters
[0.420s] Level 1:colcon.colcon_core.package_discovery:discover_packages(prefix_path) discover
[0.428s] DEBUG:colcon.colcon_installed_package_information.package_discovery:Found 2 installed packages in /home/nickolas/ros2_ws/src/omni_src/install
[0.430s] DEBUG:colcon.colcon_installed_package_information.package_discovery:Found 3 installed packages in /home/nickolas/ros2_ws/install
[0.433s] DEBUG:colcon.colcon_installed_package_information.package_discovery:Found 380 installed packages in /opt/ros/jazzy
[0.438s] Level 1:colcon.colcon_core.package_discovery:discover_packages(prefix_path) using defaults
[0.533s] Level 5:colcon.colcon_core.verb:set package 'omni_traj' build argument 'cmake_args' from command line to 'None'
[0.533s] Level 5:colcon.colcon_core.verb:set package 'omni_traj' build argument 'cmake_target' from command line to 'None'
[0.533s] Level 5:colcon.colcon_core.verb:set package 'omni_traj' build argument 'cmake_target_skip_unavailable' from command line to 'False'
[0.533s] Level 5:colcon.colcon_core.verb:set package 'omni_traj' build argument 'cmake_clean_cache' from command line to 'False'
[0.533s] Level 5:colcon.colcon_core.verb:set package 'omni_traj' build argument 'cmake_clean_first' from command line to 'False'
[0.533s] Level 5:colcon.colcon_core.verb:set package 'omni_traj' build argument 'cmake_force_configure' from command line to 'False'
[0.533s] Level 5:colcon.colcon_core.verb:set package 'omni_traj' build argument 'ament_cmake_args' from command line to 'None'
[0.533s] Level 5:colcon.colcon_core.verb:set package 'omni_traj' build argument 'catkin_cmake_args' from command line to 'None'
[0.533s] Level 5:colcon.colcon_core.verb:set package 'omni_traj' build argument 'catkin_skip_building_tests' from command line to 'False'
[0.533s] DEBUG:colcon.colcon_core.verb:Building package 'omni_traj' with the following arguments: {'ament_cmake_args': None, 'build_base': '/home/nickolas/ros2_ws/src/omni_src/omni_traj/build/omni_traj', 'catkin_cmake_args': None, 'catkin_skip_building_tests': False, 'cmake_args': None, 'cmake_clean_cache': False, 'cmake_clean_first': False, 'cmake_force_configure': False, 'cmake_target': None, 'cmake_target_skip_unavailable': False, 'install_base': '/home/nickolas/ros2_ws/src/omni_src/omni_traj/install/omni_traj', 'merge_install': False, 'path': '/home/nickolas/ros2_ws/src/omni_src/omni_traj', 'symlink_install': True, 'test_result_base': None}
[0.534s] INFO:colcon.colcon_core.executor:Executing jobs using 'parallel' executor
[0.535s] DEBUG:colcon.colcon_parallel_executor.executor.parallel:run_until_complete
[0.536s] INFO:colcon.colcon_ros.task.ament_python.build:Building ROS package in '/home/nickolas/ros2_ws/src/omni_src/omni_traj' with build type 'ament_python'
[0.537s] Level 1:colcon.colcon_core.shell:create_environment_hook('omni_traj', 'ament_prefix_path')
[0.542s] INFO:colcon.colcon_core.plugin_system:Skipping extension 'colcon_core.shell.bat': Not used on non-Windows systems
[0.543s] INFO:colcon.colcon_core.shell:Creating environment hook '/home/nickolas/ros2_ws/src/omni_src/omni_traj/install/omni_traj/share/omni_traj/hook/ament_prefix_path.ps1'
[0.546s] INFO:colcon.colcon_core.shell:Creating environment descriptor '/home/nickolas/ros2_ws/src/omni_src/omni_traj/install/omni_traj/share/omni_traj/hook/ament_prefix_path.dsv'
[0.549s] INFO:colcon.colcon_core.shell:Creating environment hook '/home/nickolas/ros2_ws/src/omni_src/omni_traj/install/omni_traj/share/omni_traj/hook/ament_prefix_path.sh'
[0.552s] INFO:colcon.colcon_core.shell:Skip shell extension 'powershell' for command environment: Not usable outside of PowerShell
[0.552s] DEBUG:colcon.colcon_core.shell:Skip shell extension 'dsv' for command environment
[1.061s] INFO:colcon.colcon_core.task.python.build:Building Python package in '/home/nickolas/ros2_ws/src/omni_src/omni_traj'
[1.062s] INFO:colcon.colcon_core.shell:Skip shell extension 'powershell' for command environment: Not usable outside of PowerShell
[1.062s] DEBUG:colcon.colcon_core.shell:Skip shell extension 'dsv' for command environment
[2.962s] DEBUG:colcon.colcon_core.task.python.build:While undoing a previous installation files outside the Python library path are being ignored: /home/nickolas/ros2_ws/src/omni_src/omni_traj/install/omni_traj/share/ament_index/resource_index/packages/omni_traj
[2.962s] DEBUG:colcon.colcon_core.task.python.build:While undoing a previous installation files outside the Python library path are being ignored: /home/nickolas/ros2_ws/src/omni_src/omni_traj/install/omni_traj/share/omni_traj/package.xml
[2.962s] DEBUG:colcon.colcon_core.task.python.build:While undoing a previous installation files outside the Python library path are being ignored: /home/nickolas/ros2_ws/src/omni_src/omni_traj/install/omni_traj/share/omni_traj/launch/omni_bringup.launch.py
[2.962s] DEBUG:colcon.colcon_core.task.python.build:While undoing a previous installation files outside the Python library path are being ignored: /home/nickolas/ros2_ws/src/omni_src/omni_traj/install/omni_traj/share/omni_traj/launch/dual_sllidar_with_mock_and_traj.launch.py
[2.962s] DEBUG:colcon.colcon_core.task.python.build:While undoing a previous installation files outside the Python library path are being ignored: /home/nickolas/ros2_ws/src/omni_src/omni_traj/install/omni_traj/share/omni_traj/config/slam_toolbox_online_async.yaml
[2.962s] DEBUG:colcon.colcon_core.task.python.build:While undoing a previous installation files outside the Python library path are being ignored: /home/nickolas/ros2_ws/src/omni_src/omni_traj/install/omni_traj/share/omni_traj/config/waypoint_traj.yaml
[2.962s] DEBUG:colcon.colcon_core.task.python.build:While undoing a previous installation files outside the Python library path are being ignored: /home/nickolas/ros2_ws/src/omni_src/omni_traj/install/omni_traj/share/omni_traj/config/amcl_localization.yaml
[2.962s] DEBUG:colcon.colcon_core.task.python.build:While undoing a previous installation files outside the Python library path are being ignored: /home/nickolas/ros2_ws/src/omni_src/omni_traj/install/omni_traj/share/omni_traj/config/nav2_dual_scan_costmaps.yaml
[2.962s] DEBUG:colcon.colcon_core.task.python.build:While undoing a previous installation files outside the Python library path are being ignored: /home/nickolas/ros2_ws/src/omni_src/omni_traj/install/omni_traj/share/omni_traj/rviz/omni_nav.rviz
[2.963s] DEBUG:colcon.colcon_core.task.python.build:While undoing a previous installation files outside the Python library path are being ignored: /home/nickolas/ros2_ws/src/omni_src/omni_traj/install/omni_traj/lib/omni_traj/empty_scan_pub
[2.963s] DEBUG:colcon.colcon_core.task.python.build:While undoing a previous installation files outside the Python library path are being ignored: /home/nickolas/ros2_ws/src/omni_src/omni_traj/install/omni_traj/lib/omni_traj/lidar_watchdog
[2.963s] DEBUG:colcon.colcon_core.task.python.build:While undoing a previous installation files outside the Python library path are being ignored: /home/nickolas/ros2_ws/src/omni_src/omni_traj/install/omni_traj/lib/omni_traj/map_odom_startup_fallback
[2.963s] DEBUG:colcon.colcon_core.task.python.build:While undoing a previous installation files outside the Python library path are being ignored: /home/nickolas/ros2_ws/src/omni_src/omni_traj/install/omni_traj/lib/omni_traj/waypoint_traj
[2.965s] DEBUG:colcon.colcon_core.event_handler.log_command:Invoking command in '/home/nickolas/ros2_ws/src/omni_src/omni_traj/build/omni_traj': DEBUGINFOD_URLS=https://debuginfod.ubuntu.com PYTHONPATH=/home/nickolas/ros2_ws/src/omni_src/omni_traj/build/omni_traj/prefix_override:/usr/lib/python3/dist-packages/colcon_core/task/python/colcon_distutils_commands:/home/nickolas/ros2_ws/src/omni_src/omni_traj/install/omni_traj/lib/python3.12/site-packages:${PYTHONPATH} /usr/bin/python3 -W ignore:setup.py install is deprecated -W ignore:easy_install command is deprecated setup.py develop --editable --build-directory /home/nickolas/ros2_ws/src/omni_src/omni_traj/build/omni_traj/build --no-deps symlink_data --force
[4.309s] Level 1:colcon.colcon_core.shell:create_environment_hook('omni_traj', 'pythonpath_develop')
[4.309s] INFO:colcon.colcon_core.shell:Creating environment hook '/home/nickolas/ros2_ws/src/omni_src/omni_traj/build/omni_traj/share/omni_traj/hook/pythonpath_develop.ps1'
[4.310s] DEBUG:colcon.colcon_core.event_handler.log_command:Invoked command in '/home/nickolas/ros2_ws/src/omni_src/omni_traj/build/omni_traj' returned '0': DEBUGINFOD_URLS=https://debuginfod.ubuntu.com PYTHONPATH=/home/nickolas/ros2_ws/src/omni_src/omni_traj/build/omni_traj/prefix_override:/usr/lib/python3/dist-packages/colcon_core/task/python/colcon_distutils_commands:/home/nickolas/ros2_ws/src/omni_src/omni_traj/install/omni_traj/lib/python3.12/site-packages:${PYTHONPATH} /usr/bin/python3 -W ignore:setup.py install is deprecated -W ignore:easy_install command is deprecated setup.py develop --editable --build-directory /home/nickolas/ros2_ws/src/omni_src/omni_traj/build/omni_traj/build --no-deps symlink_data --force
[4.311s] INFO:colcon.colcon_core.shell:Creating environment descriptor '/home/nickolas/ros2_ws/src/omni_src/omni_traj/build/omni_traj/share/omni_traj/hook/pythonpath_develop.dsv'
[4.315s] INFO:colcon.colcon_core.shell:Creating environment hook '/home/nickolas/ros2_ws/src/omni_src/omni_traj/build/omni_traj/share/omni_traj/hook/pythonpath_develop.sh'
[4.330s] Level 1:colcon.colcon_core.environment:checking '/home/nickolas/ros2_ws/src/omni_src/omni_traj/install/omni_traj' for CMake module files
[4.331s] Level 1:colcon.colcon_core.environment:checking '/home/nickolas/ros2_ws/src/omni_src/omni_traj/install/omni_traj' for CMake config files
[4.332s] Level 1:colcon.colcon_core.environment:checking '/home/nickolas/ros2_ws/src/omni_src/omni_traj/install/omni_traj/lib'
[4.332s] Level 1:colcon.colcon_core.environment:checking '/home/nickolas/ros2_ws/src/omni_src/omni_traj/install/omni_traj/bin'
[4.333s] Level 1:colcon.colcon_core.environment:checking '/home/nickolas/ros2_ws/src/omni_src/omni_traj/install/omni_traj/lib/pkgconfig/omni_traj.pc'
[4.333s] Level 1:colcon.colcon_core.environment:checking '/home/nickolas/ros2_ws/src/omni_src/omni_traj/install/omni_traj/lib/python3.12/site-packages'
[4.333s] Level 1:colcon.colcon_core.shell:create_environment_hook('omni_traj', 'pythonpath')
[4.333s] INFO:colcon.colcon_core.shell:Creating environment hook '/home/nickolas/ros2_ws/src/omni_src/omni_traj/install/omni_traj/share/omni_traj/hook/pythonpath.ps1'
[4.334s] INFO:colcon.colcon_core.shell:Creating environment descriptor '/home/nickolas/ros2_ws/src/omni_src/omni_traj/install/omni_traj/share/omni_traj/hook/pythonpath.dsv'
[4.335s] INFO:colcon.colcon_core.shell:Creating environment hook '/home/nickolas/ros2_ws/src/omni_src/omni_traj/install/omni_traj/share/omni_traj/hook/pythonpath.sh'
[4.337s] Level 1:colcon.colcon_core.environment:checking '/home/nickolas/ros2_ws/src/omni_src/omni_traj/install/omni_traj/bin'
[4.337s] Level 1:colcon.colcon_core.environment:create_environment_scripts_only(omni_traj)
[4.337s] INFO:colcon.colcon_core.shell:Creating package script '/home/nickolas/ros2_ws/src/omni_src/omni_traj/install/omni_traj/share/omni_traj/package.ps1'
[4.344s] INFO:colcon.colcon_core.shell:Creating package descriptor '/home/nickolas/ros2_ws/src/omni_src/omni_traj/install/omni_traj/share/omni_traj/package.dsv'
[4.347s] INFO:colcon.colcon_core.shell:Creating package script '/home/nickolas/ros2_ws/src/omni_src/omni_traj/install/omni_traj/share/omni_traj/package.sh'
[4.353s] INFO:colcon.colcon_core.shell:Creating package script '/home/nickolas/ros2_ws/src/omni_src/omni_traj/install/omni_traj/share/omni_traj/package.bash'
[4.357s] INFO:colcon.colcon_core.shell:Creating package script '/home/nickolas/ros2_ws/src/omni_src/omni_traj/install/omni_traj/share/omni_traj/package.zsh'
[4.359s] Level 1:colcon.colcon_core.environment:create_file_with_runtime_dependencies(/home/nickolas/ros2_ws/src/omni_src/omni_traj/install/omni_traj/share/colcon-core/packages/omni_traj)
[4.360s] DEBUG:colcon.colcon_parallel_executor.executor.parallel:closing loop
[4.361s] DEBUG:colcon.colcon_parallel_executor.executor.parallel:loop closed
[4.361s] DEBUG:colcon.colcon_parallel_executor.executor.parallel:run_until_complete finished with '0'
[4.361s] DEBUG:colcon.colcon_core.event_reactor:joining thread
[4.370s] INFO:colcon.colcon_core.plugin_system:Skipping extension 'colcon_notification.desktop_notification.terminal_notifier': Not used on non-Darwin systems
[4.370s] INFO:colcon.colcon_core.plugin_system:Skipping extension 'colcon_notification.desktop_notification.win32': Not used on non-Windows systems
[4.371s] INFO:colcon.colcon_notification.desktop_notification:Sending desktop notification using 'notify2'
[4.388s] DEBUG:colcon.colcon_core.event_reactor:joined thread
[4.389s] INFO:colcon.colcon_core.shell:Creating prefix script '/home/nickolas/ros2_ws/src/omni_src/omni_traj/install/local_setup.ps1'
[4.390s] INFO:colcon.colcon_core.shell:Creating prefix util module '/home/nickolas/ros2_ws/src/omni_src/omni_traj/install/_local_setup_util_ps1.py'
[4.392s] INFO:colcon.colcon_core.shell:Creating prefix chain script '/home/nickolas/ros2_ws/src/omni_src/omni_traj/install/setup.ps1'
[4.394s] INFO:colcon.colcon_core.shell:Creating prefix script '/home/nickolas/ros2_ws/src/omni_src/omni_traj/install/local_setup.sh'
[4.395s] INFO:colcon.colcon_core.shell:Creating prefix util module '/home/nickolas/ros2_ws/src/omni_src/omni_traj/install/_local_setup_util_sh.py'
[4.397s] INFO:colcon.colcon_core.shell:Creating prefix chain script '/home/nickolas/ros2_ws/src/omni_src/omni_traj/install/setup.sh'
[4.400s] INFO:colcon.colcon_core.shell:Creating prefix script '/home/nickolas/ros2_ws/src/omni_src/omni_traj/install/local_setup.bash'
[4.401s] INFO:colcon.colcon_core.shell:Creating prefix chain script '/home/nickolas/ros2_ws/src/omni_src/omni_traj/install/setup.bash'
[4.404s] INFO:colcon.colcon_core.shell:Creating prefix script '/home/nickolas/ros2_ws/src/omni_src/omni_traj/install/local_setup.zsh'
[4.405s] INFO:colcon.colcon_core.shell:Creating prefix chain script '/home/nickolas/ros2_ws/src/omni_src/omni_traj/install/setup.zsh'
