[3.035s] Invoking command in '/home/nickolas/ros2_ws/src/omni_src/omni_traj': DEBUGINFOD_URLS=https://debuginfod.ubuntu.com PYTHONPATH=/home/nickolas/ros2_ws/src/omni_src/omni_traj/build/omni_traj/prefix_override:/usr/lib/python3/dist-packages/colcon_core/task/python/colcon_distutils_commands:/home/nickolas/ros2_ws/src/omni_src/omni_traj/install/omni_traj/lib/python3.12/site-packages:${PYTHONPATH} /usr/bin/python3 -W ignore:setup.py install is deprecated -W ignore:easy_install command is deprecated setup.py egg_info --egg-base build/omni_traj build --build-base /home/nickolas/ros2_ws/src/omni_src/omni_traj/build/omni_traj/build install --record /home/nickolas/ros2_ws/src/omni_src/omni_traj/build/omni_traj/install.log --single-version-externally-managed install_data
[3.751s] running egg_info
[3.804s] writing build/omni_traj/omni_traj.egg-info/PKG-INFO
[3.805s] writing dependency_links to build/omni_traj/omni_traj.egg-info/dependency_links.txt
[3.806s] writing entry points to build/omni_traj/omni_traj.egg-info/entry_points.txt
[3.806s] writing requirements to build/omni_traj/omni_traj.egg-info/requires.txt
[3.807s] writing top-level names to build/omni_traj/omni_traj.egg-info/top_level.txt
[3.894s] reading manifest file 'build/omni_traj/omni_traj.egg-info/SOURCES.txt'
[3.897s] writing manifest file 'build/omni_traj/omni_traj.egg-info/SOURCES.txt'
[3.897s] running build
[3.898s] running build_py
[3.898s] copying omni_traj/lidar_watchdog.py -> /home/nickolas/ros2_ws/src/omni_src/omni_traj/build/omni_traj/build/lib/omni_traj
[3.901s] running install
[3.918s] running install_lib
[3.967s] copying /home/nickolas/ros2_ws/src/omni_src/omni_traj/build/omni_traj/build/lib/omni_traj/lidar_watchdog.py -> /home/nickolas/ros2_ws/src/omni_src/omni_traj/install/omni_traj/lib/python3.12/site-packages/omni_traj
[3.968s] byte-compiling /home/nickolas/ros2_ws/src/omni_src/omni_traj/install/omni_traj/lib/python3.12/site-packages/omni_traj/lidar_watchdog.py to lidar_watchdog.cpython-312.pyc
[3.971s] running install_data
[3.972s] copying launch/dual_sllidar_with_mock_and_traj.launch.py -> /home/nickolas/ros2_ws/src/omni_src/omni_traj/install/omni_traj/share/omni_traj/launch
[3.973s] running install_egg_info
[4.020s] removing '/home/nickolas/ros2_ws/src/omni_src/omni_traj/install/omni_traj/lib/python3.12/site-packages/omni_traj-0.0.0-py3.12.egg-info' (and everything under it)
[4.022s] Copying build/omni_traj/omni_traj.egg-info to /home/nickolas/ros2_ws/src/omni_src/omni_traj/install/omni_traj/lib/python3.12/site-packages/omni_traj-0.0.0-py3.12.egg-info
[4.023s] running install_scripts
[4.368s] Installing empty_scan_pub script to /home/nickolas/ros2_ws/src/omni_src/omni_traj/install/omni_traj/lib/omni_traj
[4.369s] Installing lidar_watchdog script to /home/nickolas/ros2_ws/src/omni_src/omni_traj/install/omni_traj/lib/omni_traj
[4.370s] Installing waypoint_traj script to /home/nickolas/ros2_ws/src/omni_src/omni_traj/install/omni_traj/lib/omni_traj
[4.371s] writing list of installed files to '/home/nickolas/ros2_ws/src/omni_src/omni_traj/build/omni_traj/install.log'
[4.644s] Invoked command in '/home/nickolas/ros2_ws/src/omni_src/omni_traj' returned '0': DEBUGINFOD_URLS=https://debuginfod.ubuntu.com PYTHONPATH=/home/nickolas/ros2_ws/src/omni_src/omni_traj/build/omni_traj/prefix_override:/usr/lib/python3/dist-packages/colcon_core/task/python/colcon_distutils_commands:/home/nickolas/ros2_ws/src/omni_src/omni_traj/install/omni_traj/lib/python3.12/site-packages:${PYTHONPATH} /usr/bin/python3 -W ignore:setup.py install is deprecated -W ignore:easy_install command is deprecated setup.py egg_info --egg-base build/omni_traj build --build-base /home/nickolas/ros2_ws/src/omni_src/omni_traj/build/omni_traj/build install --record /home/nickolas/ros2_ws/src/omni_src/omni_traj/build/omni_traj/install.log --single-version-externally-managed install_data
