[2.443s] Invoking command in '/home/nickolas/ros2_ws/src/omni_src/omni_traj/build/omni_traj': DEBUGINFOD_URLS=https://debuginfod.ubuntu.com PYTHONPATH=/home/nickolas/ros2_ws/src/omni_src/omni_traj/build/omni_traj/prefix_override:/usr/lib/python3/dist-packages/colcon_core/task/python/colcon_distutils_commands:/home/nickolas/ros2_ws/src/omni_src/omni_traj/install/omni_traj/lib/python3.12/site-packages:${PYTHONPATH} /usr/bin/python3 -W ignore:setup.py install is deprecated -W ignore:easy_install command is deprecated setup.py develop --editable --build-directory /home/nickolas/ros2_ws/src/omni_src/omni_traj/build/omni_traj/build --no-deps symlink_data
[3.445s] running develop
[3.995s] running egg_info
[3.995s] creating omni_traj.egg-info
[4.063s] writing omni_traj.egg-info/PKG-INFO
[4.067s] writing dependency_links to omni_traj.egg-info/dependency_links.txt
[4.067s] writing entry points to omni_traj.egg-info/entry_points.txt
[4.067s] writing requirements to omni_traj.egg-info/requires.txt
[4.068s] writing top-level names to omni_traj.egg-info/top_level.txt
[4.068s] writing manifest file 'omni_traj.egg-info/SOURCES.txt'
[4.179s] reading manifest file 'omni_traj.egg-info/SOURCES.txt'
[4.180s] writing manifest file 'omni_traj.egg-info/SOURCES.txt'
[4.224s] running build_ext
[4.237s] Creating /home/nickolas/ros2_ws/src/omni_src/omni_traj/install/omni_traj/lib/python3.12/site-packages/omni-traj.egg-link (link to .)
[4.238s] Installing empty_scan_pub script to /home/nickolas/ros2_ws/src/omni_src/omni_traj/install/omni_traj/lib/omni_traj
[4.238s] Installing lidar_watchdog script to /home/nickolas/ros2_ws/src/omni_src/omni_traj/install/omni_traj/lib/omni_traj
[4.239s] Installing map_odom_startup_fallback script to /home/nickolas/ros2_ws/src/omni_src/omni_traj/install/omni_traj/lib/omni_traj
[4.239s] Installing waypoint_traj script to /home/nickolas/ros2_ws/src/omni_src/omni_traj/install/omni_traj/lib/omni_traj
[4.249s] 
[4.249s] Installed /home/nickolas/ros2_ws/src/omni_src/omni_traj/build/omni_traj
[4.250s] running symlink_data
[4.250s] creating /home/nickolas/ros2_ws/src/omni_src/omni_traj/install/omni_traj/share/ament_index
[4.255s] creating /home/nickolas/ros2_ws/src/omni_src/omni_traj/install/omni_traj/share/ament_index/resource_index
[4.255s] creating /home/nickolas/ros2_ws/src/omni_src/omni_traj/install/omni_traj/share/ament_index/resource_index/packages
[4.255s] symbolically linking /home/nickolas/ros2_ws/src/omni_src/omni_traj/build/omni_traj/resource/omni_traj -> /home/nickolas/ros2_ws/src/omni_src/omni_traj/install/omni_traj/share/ament_index/resource_index/packages
[4.256s] symbolically linking /home/nickolas/ros2_ws/src/omni_src/omni_traj/build/omni_traj/package.xml -> /home/nickolas/ros2_ws/src/omni_src/omni_traj/install/omni_traj/share/omni_traj
[4.256s] creating /home/nickolas/ros2_ws/src/omni_src/omni_traj/install/omni_traj/share/omni_traj/launch
[4.256s] symbolically linking /home/nickolas/ros2_ws/src/omni_src/omni_traj/build/omni_traj/launch/omni_bringup.launch.py -> /home/nickolas/ros2_ws/src/omni_src/omni_traj/install/omni_traj/share/omni_traj/launch
[4.256s] symbolically linking /home/nickolas/ros2_ws/src/omni_src/omni_traj/build/omni_traj/launch/dual_sllidar_with_mock_and_traj.launch.py -> /home/nickolas/ros2_ws/src/omni_src/omni_traj/install/omni_traj/share/omni_traj/launch
[4.257s] creating /home/nickolas/ros2_ws/src/omni_src/omni_traj/install/omni_traj/share/omni_traj/config
[4.257s] symbolically linking /home/nickolas/ros2_ws/src/omni_src/omni_traj/build/omni_traj/config/slam_toolbox_online_async.yaml -> /home/nickolas/ros2_ws/src/omni_src/omni_traj/install/omni_traj/share/omni_traj/config
[4.258s] symbolically linking /home/nickolas/ros2_ws/src/omni_src/omni_traj/build/omni_traj/config/waypoint_traj.yaml -> /home/nickolas/ros2_ws/src/omni_src/omni_traj/install/omni_traj/share/omni_traj/config
[4.259s] symbolically linking /home/nickolas/ros2_ws/src/omni_src/omni_traj/build/omni_traj/config/amcl_localization.yaml -> /home/nickolas/ros2_ws/src/omni_src/omni_traj/install/omni_traj/share/omni_traj/config
[4.261s] symbolically linking /home/nickolas/ros2_ws/src/omni_src/omni_traj/build/omni_traj/config/nav2_dual_scan_costmaps.yaml -> /home/nickolas/ros2_ws/src/omni_src/omni_traj/install/omni_traj/share/omni_traj/config
[4.472s] Invoked command in '/home/nickolas/ros2_ws/src/omni_src/omni_traj/build/omni_traj' returned '0': DEBUGINFOD_URLS=https://debuginfod.ubuntu.com PYTHONPATH=/home/nickolas/ros2_ws/src/omni_src/omni_traj/build/omni_traj/prefix_override:/usr/lib/python3/dist-packages/colcon_core/task/python/colcon_distutils_commands:/home/nickolas/ros2_ws/src/omni_src/omni_traj/install/omni_traj/lib/python3.12/site-packages:${PYTHONPATH} /usr/bin/python3 -W ignore:setup.py install is deprecated -W ignore:easy_install command is deprecated setup.py develop --editable --build-directory /home/nickolas/ros2_ws/src/omni_src/omni_traj/build/omni_traj/build --no-deps symlink_data
