/home/nickolas/ros2_ws/src/omni_src/install/omni-pi-server/lib/python3.12/site-packages/pi_comm_server/__init__.py
/home/nickolas/ros2_ws/src/omni_src/install/omni-pi-server/lib/python3.12/site-packages/pi_comm_server/protocol.py
/home/nickolas/ros2_ws/src/omni_src/install/omni-pi-server/lib/python3.12/site-packages/pi_comm_server/planner_stub.py
/home/nickolas/ros2_ws/src/omni_src/install/omni-pi-server/lib/python3.12/site-packages/pi_comm_server/ros2_manager.py
/home/nickolas/ros2_ws/src/omni_src/install/omni-pi-server/lib/python3.12/site-packages/pi_comm_server/server.py
/home/nickolas/ros2_ws/src/omni_src/install/omni-pi-server/lib/python3.12/site-packages/pi_comm_server/test_client.py
/home/nickolas/ros2_ws/src/omni_src/install/omni-pi-server/lib/python3.12/site-packages/pi_comm_server/run_server.py
/home/nickolas/ros2_ws/src/omni_src/install/omni-pi-server/lib/python3.12/site-packages/pi_comm_server/run_test_client.py
/home/nickolas/ros2_ws/src/omni_src/install/omni-pi-server/lib/python3.12/site-packages/pi_comm_server/__pycache__/__init__.cpython-312.pyc
/home/nickolas/ros2_ws/src/omni_src/install/omni-pi-server/lib/python3.12/site-packages/pi_comm_server/__pycache__/protocol.cpython-312.pyc
/home/nickolas/ros2_ws/src/omni_src/install/omni-pi-server/lib/python3.12/site-packages/pi_comm_server/__pycache__/planner_stub.cpython-312.pyc
/home/nickolas/ros2_ws/src/omni_src/install/omni-pi-server/lib/python3.12/site-packages/pi_comm_server/__pycache__/ros2_manager.cpython-312.pyc
/home/nickolas/ros2_ws/src/omni_src/install/omni-pi-server/lib/python3.12/site-packages/pi_comm_server/__pycache__/server.cpython-312.pyc
/home/nickolas/ros2_ws/src/omni_src/install/omni-pi-server/lib/python3.12/site-packages/pi_comm_server/__pycache__/test_client.cpython-312.pyc
/home/nickolas/ros2_ws/src/omni_src/install/omni-pi-server/lib/python3.12/site-packages/pi_comm_server/__pycache__/run_server.cpython-312.pyc
/home/nickolas/ros2_ws/src/omni_src/install/omni-pi-server/lib/python3.12/site-packages/pi_comm_server/__pycache__/run_test_client.cpython-312.pyc
/home/nickolas/ros2_ws/src/omni_src/install/omni-pi-server/lib/python3.12/site-packages/omni_pi_server-1.0.0-py3.12.egg-info/dependency_links.txt
/home/nickolas/ros2_ws/src/omni_src/install/omni-pi-server/lib/python3.12/site-packages/omni_pi_server-1.0.0-py3.12.egg-info/PKG-INFO
/home/nickolas/ros2_ws/src/omni_src/install/omni-pi-server/lib/python3.12/site-packages/omni_pi_server-1.0.0-py3.12.egg-info/entry_points.txt
/home/nickolas/ros2_ws/src/omni_src/install/omni-pi-server/lib/python3.12/site-packages/omni_pi_server-1.0.0-py3.12.egg-info/top_level.txt
/home/nickolas/ros2_ws/src/omni_src/install/omni-pi-server/lib/python3.12/site-packages/omni_pi_server-1.0.0-py3.12.egg-info/SOURCES.txt
/home/nickolas/ros2_ws/src/omni_src/install/omni-pi-server/bin/omni-server
/home/nickolas/ros2_ws/src/omni_src/install/omni-pi-server/bin/omni-test-client
