[2.610s] Invoking command in '/home/nickolas/ros2_ws/src/omni_src/omni_traj': DEBUGINFOD_URLS=https://debuginfod.ubuntu.com PYTHONPATH=/home/nickolas/ros2_ws/src/omni_src/omni_traj/build/omni_traj/prefix_override:/usr/lib/python3/dist-packages/colcon_core/task/python/colcon_distutils_commands:/home/nickolas/ros2_ws/src/omni_src/omni_traj/install/omni_traj/lib/python3.12/site-packages:${PYTHONPATH} /usr/bin/python3 -W ignore:setup.py install is deprecated -W ignore:easy_install command is deprecated setup.py egg_info --egg-base build/omni_traj build --build-base /home/nickolas/ros2_ws/src/omni_src/omni_traj/build/omni_traj/build install --record /home/nickolas/ros2_ws/src/omni_src/omni_traj/build/omni_traj/install.log --single-version-externally-managed install_data
[3.189s] running egg_info
[3.235s] writing build/omni_traj/omni_traj.egg-info/PKG-INFO
[3.237s] writing dependency_links to build/omni_traj/omni_traj.egg-info/dependency_links.txt
[3.237s] writing entry points to build/omni_traj/omni_traj.egg-info/entry_points.txt
[3.238s] writing requirements to build/omni_traj/omni_traj.egg-info/requires.txt
[3.239s] writing top-level names to build/omni_traj/omni_traj.egg-info/top_level.txt
[3.305s] reading manifest file 'build/omni_traj/omni_traj.egg-info/SOURCES.txt'
[3.306s] writing manifest file 'build/omni_traj/omni_traj.egg-info/SOURCES.txt'
[3.306s] running build
[3.306s] running build_py
[3.307s] copying omni_traj/waypoint_traj_node.py -> /home/nickolas/ros2_ws/src/omni_src/omni_traj/build/omni_traj/build/lib/omni_traj
[3.312s] running install
[3.324s] running install_lib
[3.361s] copying /home/nickolas/ros2_ws/src/omni_src/omni_traj/build/omni_traj/build/lib/omni_traj/waypoint_traj_node.py -> /home/nickolas/ros2_ws/src/omni_src/omni_traj/install/omni_traj/lib/python3.12/site-packages/omni_traj
[3.363s] byte-compiling /home/nickolas/ros2_ws/src/omni_src/omni_traj/install/omni_traj/lib/python3.12/site-packages/omni_traj/waypoint_traj_node.py to waypoint_traj_node.cpython-312.pyc
[3.461s] running install_data
[3.462s] running install_egg_info
[3.496s] removing '/home/nickolas/ros2_ws/src/omni_src/omni_traj/install/omni_traj/lib/python3.12/site-packages/omni_traj-0.0.0-py3.12.egg-info' (and everything under it)
[3.496s] Copying build/omni_traj/omni_traj.egg-info to /home/nickolas/ros2_ws/src/omni_src/omni_traj/install/omni_traj/lib/python3.12/site-packages/omni_traj-0.0.0-py3.12.egg-info
[3.502s] running install_scripts
[3.775s] Installing empty_scan_pub script to /home/nickolas/ros2_ws/src/omni_src/omni_traj/install/omni_traj/lib/omni_traj
[3.775s] Installing lidar_watchdog script to /home/nickolas/ros2_ws/src/omni_src/omni_traj/install/omni_traj/lib/omni_traj
[3.778s] Installing map_odom_startup_fallback script to /home/nickolas/ros2_ws/src/omni_src/omni_traj/install/omni_traj/lib/omni_traj
[3.778s] Installing waypoint_traj script to /home/nickolas/ros2_ws/src/omni_src/omni_traj/install/omni_traj/lib/omni_traj
[3.780s] writing list of installed files to '/home/nickolas/ros2_ws/src/omni_src/omni_traj/build/omni_traj/install.log'
[3.932s] Invoked command in '/home/nickolas/ros2_ws/src/omni_src/omni_traj' returned '0': DEBUGINFOD_URLS=https://debuginfod.ubuntu.com PYTHONPATH=/home/nickolas/ros2_ws/src/omni_src/omni_traj/build/omni_traj/prefix_override:/usr/lib/python3/dist-packages/colcon_core/task/python/colcon_distutils_commands:/home/nickolas/ros2_ws/src/omni_src/omni_traj/install/omni_traj/lib/python3.12/site-packages:${PYTHONPATH} /usr/bin/python3 -W ignore:setup.py install is deprecated -W ignore:easy_install command is deprecated setup.py egg_info --egg-base build/omni_traj build --build-base /home/nickolas/ros2_ws/src/omni_src/omni_traj/build/omni_traj/build install --record /home/nickolas/ros2_ws/src/omni_src/omni_traj/build/omni_traj/install.log --single-version-externally-managed install_data
