[2.106s] Invoking command in '/home/nickolas/ros2_ws/build/omni_traj': DEBUGINFOD_URLS=https://debuginfod.ubuntu.com PYTHONPATH=/home/nickolas/ros2_ws/build/omni_traj/prefix_override:/usr/lib/python3/dist-packages/colcon_core/task/python/colcon_distutils_commands:/home/nickolas/ros2_ws/install/omni_traj/lib/python3.12/site-packages:${PYTHONPATH} /usr/bin/python3 -W ignore:setup.py install is deprecated -W ignore:easy_install command is deprecated setup.py develop --editable --build-directory /home/nickolas/ros2_ws/build/omni_traj/build --no-deps symlink_data
[2.782s] running develop
[3.182s] running egg_info
[3.217s] writing omni_traj.egg-info/PKG-INFO
[3.217s] writing dependency_links to omni_traj.egg-info/dependency_links.txt
[3.222s] writing entry points to omni_traj.egg-info/entry_points.txt
[3.253s] writing requirements to omni_traj.egg-info/requires.txt
[3.257s] writing top-level names to omni_traj.egg-info/top_level.txt
[3.332s] reading manifest file 'omni_traj.egg-info/SOURCES.txt'
[3.333s] writing manifest file 'omni_traj.egg-info/SOURCES.txt'
[3.384s] running build_ext
[3.384s] Creating /home/nickolas/ros2_ws/install/omni_traj/lib/python3.12/site-packages/omni-traj.egg-link (link to .)
[3.395s] Installing empty_scan_pub script to /home/nickolas/ros2_ws/install/omni_traj/lib/omni_traj
[3.396s] Installing lidar_watchdog script to /home/nickolas/ros2_ws/install/omni_traj/lib/omni_traj
[3.397s] Installing map_odom_startup_fallback script to /home/nickolas/ros2_ws/install/omni_traj/lib/omni_traj
[3.397s] Installing waypoint_traj script to /home/nickolas/ros2_ws/install/omni_traj/lib/omni_traj
[3.398s] 
[3.398s] Installed /home/nickolas/ros2_ws/build/omni_traj
[3.398s] running symlink_data
[3.608s] Invoked command in '/home/nickolas/ros2_ws/build/omni_traj' returned '0': DEBUGINFOD_URLS=https://debuginfod.ubuntu.com PYTHONPATH=/home/nickolas/ros2_ws/build/omni_traj/prefix_override:/usr/lib/python3/dist-packages/colcon_core/task/python/colcon_distutils_commands:/home/nickolas/ros2_ws/install/omni_traj/lib/python3.12/site-packages:${PYTHONPATH} /usr/bin/python3 -W ignore:setup.py install is deprecated -W ignore:easy_install command is deprecated setup.py develop --editable --build-directory /home/nickolas/ros2_ws/build/omni_traj/build --no-deps symlink_data
