[2.453s] Invoking command in '/home/nickolas/ros2_ws/src/omni_src/omni_traj': DEBUGINFOD_URLS=https://debuginfod.ubuntu.com PYTHONPATH=/home/nickolas/ros2_ws/src/omni_src/omni_traj/build/omni_traj/prefix_override:/usr/lib/python3/dist-packages/colcon_core/task/python/colcon_distutils_commands:/home/nickolas/ros2_ws/src/omni_src/omni_traj/install/omni_traj/lib/python3.12/site-packages:${PYTHONPATH} /usr/bin/python3 -W ignore:setup.py install is deprecated -W ignore:easy_install command is deprecated setup.py egg_info --egg-base build/omni_traj build --build-base /home/nickolas/ros2_ws/src/omni_src/omni_traj/build/omni_traj/build install --record /home/nickolas/ros2_ws/src/omni_src/omni_traj/build/omni_traj/install.log --single-version-externally-managed install_data
[2.900s] running egg_info
[2.931s] writing build/omni_traj/omni_traj.egg-info/PKG-INFO
[2.932s] writing dependency_links to build/omni_traj/omni_traj.egg-info/dependency_links.txt
[2.933s] writing entry points to build/omni_traj/omni_traj.egg-info/entry_points.txt
[2.933s] writing requirements to build/omni_traj/omni_traj.egg-info/requires.txt
[2.934s] writing top-level names to build/omni_traj/omni_traj.egg-info/top_level.txt
[2.998s] reading manifest file 'build/omni_traj/omni_traj.egg-info/SOURCES.txt'
[3.000s] writing manifest file 'build/omni_traj/omni_traj.egg-info/SOURCES.txt'
[3.001s] running build
[3.001s] running build_py
[3.001s] copying omni_traj/waypoint_traj_node.py -> /home/nickolas/ros2_ws/src/omni_src/omni_traj/build/omni_traj/build/lib/omni_traj
[3.002s] running install
[3.017s] running install_lib
[3.047s] copying /home/nickolas/ros2_ws/src/omni_src/omni_traj/build/omni_traj/build/lib/omni_traj/waypoint_traj_node.py -> /home/nickolas/ros2_ws/src/omni_src/omni_traj/install/omni_traj/lib/python3.12/site-packages/omni_traj
[3.048s] byte-compiling /home/nickolas/ros2_ws/src/omni_src/omni_traj/install/omni_traj/lib/python3.12/site-packages/omni_traj/waypoint_traj_node.py to waypoint_traj_node.cpython-312.pyc
[3.106s] running install_data
[3.108s] copying config/waypoint_traj.yaml -> /home/nickolas/ros2_ws/src/omni_src/omni_traj/install/omni_traj/share/omni_traj/config
[3.108s] running install_egg_info
[3.144s] removing '/home/nickolas/ros2_ws/src/omni_src/omni_traj/install/omni_traj/lib/python3.12/site-packages/omni_traj-0.0.0-py3.12.egg-info' (and everything under it)
[3.145s] Copying build/omni_traj/omni_traj.egg-info to /home/nickolas/ros2_ws/src/omni_src/omni_traj/install/omni_traj/lib/python3.12/site-packages/omni_traj-0.0.0-py3.12.egg-info
[3.147s] running install_scripts
[3.372s] Installing empty_scan_pub script to /home/nickolas/ros2_ws/src/omni_src/omni_traj/install/omni_traj/lib/omni_traj
[3.373s] Installing waypoint_traj script to /home/nickolas/ros2_ws/src/omni_src/omni_traj/install/omni_traj/lib/omni_traj
[3.376s] writing list of installed files to '/home/nickolas/ros2_ws/src/omni_src/omni_traj/build/omni_traj/install.log'
[3.500s] Invoked command in '/home/nickolas/ros2_ws/src/omni_src/omni_traj' returned '0': DEBUGINFOD_URLS=https://debuginfod.ubuntu.com PYTHONPATH=/home/nickolas/ros2_ws/src/omni_src/omni_traj/build/omni_traj/prefix_override:/usr/lib/python3/dist-packages/colcon_core/task/python/colcon_distutils_commands:/home/nickolas/ros2_ws/src/omni_src/omni_traj/install/omni_traj/lib/python3.12/site-packages:${PYTHONPATH} /usr/bin/python3 -W ignore:setup.py install is deprecated -W ignore:easy_install command is deprecated setup.py egg_info --egg-base build/omni_traj build --build-base /home/nickolas/ros2_ws/src/omni_src/omni_traj/build/omni_traj/build install --record /home/nickolas/ros2_ws/src/omni_src/omni_traj/build/omni_traj/install.log --single-version-externally-managed install_data
