running egg_info
creating ../build/omni_traj/omni_traj.egg-info
writing ../build/omni_traj/omni_traj.egg-info/PKG-INFO
writing dependency_links to ../build/omni_traj/omni_traj.egg-info/dependency_links.txt
writing entry points to ../build/omni_traj/omni_traj.egg-info/entry_points.txt
writing requirements to ../build/omni_traj/omni_traj.egg-info/requires.txt
writing top-level names to ../build/omni_traj/omni_traj.egg-info/top_level.txt
writing manifest file '../build/omni_traj/omni_traj.egg-info/SOURCES.txt'
reading manifest file '../build/omni_traj/omni_traj.egg-info/SOURCES.txt'
writing manifest file '../build/omni_traj/omni_traj.egg-info/SOURCES.txt'
running build
running build_py
creating /home/nickolas/ros2_ws/src/omni_src/build/omni_traj/build
creating /home/nickolas/ros2_ws/src/omni_src/build/omni_traj/build/lib
creating /home/nickolas/ros2_ws/src/omni_src/build/omni_traj/build/lib/omni_traj
copying omni_traj/waypoint_traj_node.py -> /home/nickolas/ros2_ws/src/omni_src/build/omni_traj/build/lib/omni_traj
copying omni_traj/empty_scan_pub.py -> /home/nickolas/ros2_ws/src/omni_src/build/omni_traj/build/lib/omni_traj
copying omni_traj/__init__.py -> /home/nickolas/ros2_ws/src/omni_src/build/omni_traj/build/lib/omni_traj
running install
running install_lib
creating /home/nickolas/ros2_ws/src/omni_src/install/omni_traj/lib/python3.12/site-packages/omni_traj
copying /home/nickolas/ros2_ws/src/omni_src/build/omni_traj/build/lib/omni_traj/waypoint_traj_node.py -> /home/nickolas/ros2_ws/src/omni_src/install/omni_traj/lib/python3.12/site-packages/omni_traj
copying /home/nickolas/ros2_ws/src/omni_src/build/omni_traj/build/lib/omni_traj/empty_scan_pub.py -> /home/nickolas/ros2_ws/src/omni_src/install/omni_traj/lib/python3.12/site-packages/omni_traj
copying /home/nickolas/ros2_ws/src/omni_src/build/omni_traj/build/lib/omni_traj/__init__.py -> /home/nickolas/ros2_ws/src/omni_src/install/omni_traj/lib/python3.12/site-packages/omni_traj
byte-compiling /home/nickolas/ros2_ws/src/omni_src/install/omni_traj/lib/python3.12/site-packages/omni_traj/waypoint_traj_node.py to waypoint_traj_node.cpython-312.pyc
byte-compiling /home/nickolas/ros2_ws/src/omni_src/install/omni_traj/lib/python3.12/site-packages/omni_traj/empty_scan_pub.py to empty_scan_pub.cpython-312.pyc
byte-compiling /home/nickolas/ros2_ws/src/omni_src/install/omni_traj/lib/python3.12/site-packages/omni_traj/__init__.py to __init__.cpython-312.pyc
running install_data
creating /home/nickolas/ros2_ws/src/omni_src/install/omni_traj/share/ament_index
creating /home/nickolas/ros2_ws/src/omni_src/install/omni_traj/share/ament_index/resource_index
creating /home/nickolas/ros2_ws/src/omni_src/install/omni_traj/share/ament_index/resource_index/packages
copying resource/omni_traj -> /home/nickolas/ros2_ws/src/omni_src/install/omni_traj/share/ament_index/resource_index/packages
copying package.xml -> /home/nickolas/ros2_ws/src/omni_src/install/omni_traj/share/omni_traj
creating /home/nickolas/ros2_ws/src/omni_src/install/omni_traj/share/omni_traj/launch
copying launch/omni_bringup.launch.py -> /home/nickolas/ros2_ws/src/omni_src/install/omni_traj/share/omni_traj/launch
copying launch/dual_sllidar_with_mock_and_traj.launch.py -> /home/nickolas/ros2_ws/src/omni_src/install/omni_traj/share/omni_traj/launch
running install_egg_info
Copying ../build/omni_traj/omni_traj.egg-info to /home/nickolas/ros2_ws/src/omni_src/install/omni_traj/lib/python3.12/site-packages/omni_traj-0.0.0-py3.12.egg-info
running install_scripts
Installing empty_scan_pub script to /home/nickolas/ros2_ws/src/omni_src/install/omni_traj/lib/omni_traj
Installing waypoint_traj script to /home/nickolas/ros2_ws/src/omni_src/install/omni_traj/lib/omni_traj
writing list of installed files to '/home/nickolas/ros2_ws/src/omni_src/build/omni_traj/install.log'
