[1.844s] Invoking command in '/home/nickolas/ros2_ws/src/omni_src/omni_traj': DEBUGINFOD_URLS=https://debuginfod.ubuntu.com PYTHONPATH=/home/nickolas/ros2_ws/src/omni_src/build/omni_traj/prefix_override:/usr/lib/python3/dist-packages/colcon_core/task/python/colcon_distutils_commands:/home/nickolas/ros2_ws/src/omni_src/install/omni_traj/lib/python3.12/site-packages:${PYTHONPATH} /usr/bin/python3 -W ignore:setup.py install is deprecated -W ignore:easy_install command is deprecated setup.py egg_info --egg-base ../build/omni_traj build --build-base /home/nickolas/ros2_ws/src/omni_src/build/omni_traj/build install --record /home/nickolas/ros2_ws/src/omni_src/build/omni_traj/install.log --single-version-externally-managed install_data
[2.369s] running egg_info
[2.370s] creating ../build/omni_traj/omni_traj.egg-info
[2.403s] writing ../build/omni_traj/omni_traj.egg-info/PKG-INFO
[2.404s] writing dependency_links to ../build/omni_traj/omni_traj.egg-info/dependency_links.txt
[2.404s] writing entry points to ../build/omni_traj/omni_traj.egg-info/entry_points.txt
[2.404s] writing requirements to ../build/omni_traj/omni_traj.egg-info/requires.txt
[2.404s] writing top-level names to ../build/omni_traj/omni_traj.egg-info/top_level.txt
[2.405s] writing manifest file '../build/omni_traj/omni_traj.egg-info/SOURCES.txt'
[2.473s] reading manifest file '../build/omni_traj/omni_traj.egg-info/SOURCES.txt'
[2.474s] writing manifest file '../build/omni_traj/omni_traj.egg-info/SOURCES.txt'
[2.474s] running build
[2.475s] running build_py
[2.475s] creating /home/nickolas/ros2_ws/src/omni_src/build/omni_traj/build
[2.476s] creating /home/nickolas/ros2_ws/src/omni_src/build/omni_traj/build/lib
[2.476s] creating /home/nickolas/ros2_ws/src/omni_src/build/omni_traj/build/lib/omni_traj
[2.476s] copying omni_traj/waypoint_traj_node.py -> /home/nickolas/ros2_ws/src/omni_src/build/omni_traj/build/lib/omni_traj
[2.476s] copying omni_traj/empty_scan_pub.py -> /home/nickolas/ros2_ws/src/omni_src/build/omni_traj/build/lib/omni_traj
[2.476s] copying omni_traj/__init__.py -> /home/nickolas/ros2_ws/src/omni_src/build/omni_traj/build/lib/omni_traj
[2.476s] running install
[2.489s] running install_lib
[2.521s] creating /home/nickolas/ros2_ws/src/omni_src/install/omni_traj/lib/python3.12/site-packages/omni_traj
[2.522s] copying /home/nickolas/ros2_ws/src/omni_src/build/omni_traj/build/lib/omni_traj/waypoint_traj_node.py -> /home/nickolas/ros2_ws/src/omni_src/install/omni_traj/lib/python3.12/site-packages/omni_traj
[2.523s] copying /home/nickolas/ros2_ws/src/omni_src/build/omni_traj/build/lib/omni_traj/empty_scan_pub.py -> /home/nickolas/ros2_ws/src/omni_src/install/omni_traj/lib/python3.12/site-packages/omni_traj
[2.523s] copying /home/nickolas/ros2_ws/src/omni_src/build/omni_traj/build/lib/omni_traj/__init__.py -> /home/nickolas/ros2_ws/src/omni_src/install/omni_traj/lib/python3.12/site-packages/omni_traj
[2.524s] byte-compiling /home/nickolas/ros2_ws/src/omni_src/install/omni_traj/lib/python3.12/site-packages/omni_traj/waypoint_traj_node.py to waypoint_traj_node.cpython-312.pyc
[2.566s] byte-compiling /home/nickolas/ros2_ws/src/omni_src/install/omni_traj/lib/python3.12/site-packages/omni_traj/empty_scan_pub.py to empty_scan_pub.cpython-312.pyc
[2.567s] byte-compiling /home/nickolas/ros2_ws/src/omni_src/install/omni_traj/lib/python3.12/site-packages/omni_traj/__init__.py to __init__.cpython-312.pyc
[2.568s] running install_data
[2.568s] creating /home/nickolas/ros2_ws/src/omni_src/install/omni_traj/share/ament_index
[2.569s] creating /home/nickolas/ros2_ws/src/omni_src/install/omni_traj/share/ament_index/resource_index
[2.569s] creating /home/nickolas/ros2_ws/src/omni_src/install/omni_traj/share/ament_index/resource_index/packages
[2.569s] copying resource/omni_traj -> /home/nickolas/ros2_ws/src/omni_src/install/omni_traj/share/ament_index/resource_index/packages
[2.569s] copying package.xml -> /home/nickolas/ros2_ws/src/omni_src/install/omni_traj/share/omni_traj
[2.570s] creating /home/nickolas/ros2_ws/src/omni_src/install/omni_traj/share/omni_traj/launch
[2.570s] copying launch/omni_bringup.launch.py -> /home/nickolas/ros2_ws/src/omni_src/install/omni_traj/share/omni_traj/launch
[2.570s] copying launch/dual_sllidar_with_mock_and_traj.launch.py -> /home/nickolas/ros2_ws/src/omni_src/install/omni_traj/share/omni_traj/launch
[2.570s] running install_egg_info
[2.607s] Copying ../build/omni_traj/omni_traj.egg-info to /home/nickolas/ros2_ws/src/omni_src/install/omni_traj/lib/python3.12/site-packages/omni_traj-0.0.0-py3.12.egg-info
[2.607s] running install_scripts
[2.888s] Installing empty_scan_pub script to /home/nickolas/ros2_ws/src/omni_src/install/omni_traj/lib/omni_traj
[2.888s] Installing waypoint_traj script to /home/nickolas/ros2_ws/src/omni_src/install/omni_traj/lib/omni_traj
[2.889s] writing list of installed files to '/home/nickolas/ros2_ws/src/omni_src/build/omni_traj/install.log'
[3.046s] Invoked command in '/home/nickolas/ros2_ws/src/omni_src/omni_traj' returned '0': DEBUGINFOD_URLS=https://debuginfod.ubuntu.com PYTHONPATH=/home/nickolas/ros2_ws/src/omni_src/build/omni_traj/prefix_override:/usr/lib/python3/dist-packages/colcon_core/task/python/colcon_distutils_commands:/home/nickolas/ros2_ws/src/omni_src/install/omni_traj/lib/python3.12/site-packages:${PYTHONPATH} /usr/bin/python3 -W ignore:setup.py install is deprecated -W ignore:easy_install command is deprecated setup.py egg_info --egg-base ../build/omni_traj build --build-base /home/nickolas/ros2_ws/src/omni_src/build/omni_traj/build install --record /home/nickolas/ros2_ws/src/omni_src/build/omni_traj/install.log --single-version-externally-managed install_data
